[0.007s][info][gc] Using Concurrent Mark Sweep
[0.007s][info][gc,heap,coops] Heap address: 0x0000000700000000, size: 4096 MB, Compressed Oops mode: Zero based, Oop shift amount: 3
[0.069s][info][safepoint    ] Entering safepoint region: EnableBiasedLocking
[0.070s][info][safepoint    ] Leaving safepoint region
[0.070s][info][safepoint    ] Total time for which application threads were stopped: 0.0001376 seconds, Stopping threads took: 0.0000545 seconds
[0.073s][info][safepoint    ] Application time: 0.0029693 seconds
[0.073s][info][safepoint    ] Entering safepoint region: RevokeBias
[0.073s][info][safepoint    ] Leaving safepoint region
[0.073s][info][safepoint    ] Total time for which application threads were stopped: 0.0000779 seconds, Stopping threads took: 0.0000241 seconds
[0.164s][info][safepoint    ] Application time: 0.0909903 seconds
[0.164s][info][safepoint    ] Entering safepoint region: Deoptimize
[0.164s][info][safepoint    ] Leaving safepoint region
[0.164s][info][safepoint    ] Total time for which application threads were stopped: 0.0000705 seconds, Stopping threads took: 0.0000080 seconds
[1.164s][info][safepoint    ] Application time: 1.0001019 seconds
[1.164s][info][safepoint    ] Entering safepoint region: Cleanup
[1.164s][info][safepoint    ] Leaving safepoint region
[1.164s][info][safepoint    ] Total time for which application threads were stopped: 0.0001338 seconds, Stopping threads took: 0.0000115 seconds
[1.398s][info][safepoint    ] Application time: 0.2333793 seconds
[1.398s][info][safepoint    ] Entering safepoint region: Deoptimize
[1.398s][info][safepoint    ] Leaving safepoint region
[1.398s][info][safepoint    ] Total time for which application threads were stopped: 0.0001615 seconds, Stopping threads took: 0.0000094 seconds
[1.436s][info][safepoint    ] Application time: 0.0379291 seconds
[1.436s][info][safepoint    ] Entering safepoint region: Deoptimize
[1.436s][info][safepoint    ] Leaving safepoint region
[1.436s][info][safepoint    ] Total time for which application threads were stopped: 0.0001647 seconds, Stopping threads took: 0.0000084 seconds
[1.486s][info][safepoint    ] Application time: 0.0495998 seconds
[1.486s][info][safepoint    ] Entering safepoint region: Deoptimize
[1.486s][info][safepoint    ] Leaving safepoint region
[1.486s][info][safepoint    ] Total time for which application threads were stopped: 0.0001765 seconds, Stopping threads took: 0.0000085 seconds
[2.414s][info][safepoint    ] Application time: 0.9279000 seconds
[2.414s][info][safepoint    ] Entering safepoint region: Deoptimize
[2.414s][info][safepoint    ] Leaving safepoint region
[2.414s][info][safepoint    ] Total time for which application threads were stopped: 0.0001929 seconds, Stopping threads took: 0.0000091 seconds
[2.578s][info][safepoint    ] Application time: 0.1639206 seconds
[2.578s][info][safepoint    ] Entering safepoint region: Deoptimize
[2.578s][info][safepoint    ] Leaving safepoint region
[2.578s][info][safepoint    ] Total time for which application threads were stopped: 0.0003166 seconds, Stopping threads took: 0.0000089 seconds
[2.856s][info][safepoint    ] Application time: 0.2780519 seconds
[2.856s][info][safepoint    ] Entering safepoint region: ICBufferFull
[2.856s][info][safepoint    ] Leaving safepoint region
[2.856s][info][safepoint    ] Total time for which application threads were stopped: 0.0001734 seconds, Stopping threads took: 0.0000081 seconds
[2.981s][info][safepoint    ] Application time: 0.1244090 seconds
[2.981s][info][safepoint    ] Entering safepoint region: Deoptimize
[2.981s][info][safepoint    ] Leaving safepoint region
[2.981s][info][safepoint    ] Total time for which application threads were stopped: 0.0003485 seconds, Stopping threads took: 0.0000081 seconds
[2.989s][info][safepoint    ] Application time: 0.0075029 seconds
[2.989s][info][safepoint    ] Entering safepoint region: Deoptimize
[2.989s][info][safepoint    ] Leaving safepoint region
[2.989s][info][safepoint    ] Total time for which application threads were stopped: 0.0002897 seconds, Stopping threads took: 0.0000079 seconds
[3.111s][info][safepoint    ] Application time: 0.1219893 seconds
[3.111s][info][safepoint    ] Entering safepoint region: Deoptimize
[3.111s][info][safepoint    ] Leaving safepoint region
[3.111s][info][safepoint    ] Total time for which application threads were stopped: 0.0003598 seconds, Stopping threads took: 0.0000078 seconds
[3.271s][info][safepoint    ] Application time: 0.1597792 seconds
[3.271s][info][safepoint    ] Entering safepoint region: ICBufferFull
[3.271s][info][safepoint    ] Leaving safepoint region
[3.271s][info][safepoint    ] Total time for which application threads were stopped: 0.0001573 seconds, Stopping threads took: 0.0000312 seconds
[3.463s][info][safepoint    ] Application time: 0.1910501 seconds
[3.463s][info][safepoint    ] Entering safepoint region: Deoptimize
[3.463s][info][safepoint    ] Leaving safepoint region
[3.463s][info][safepoint    ] Total time for which application threads were stopped: 0.0003549 seconds, Stopping threads took: 0.0000077 seconds
[3.553s][info][safepoint    ] Application time: 0.0905790 seconds
[3.554s][info][safepoint    ] Entering safepoint region: CollectForMetadataAllocation
[3.554s][info][safepoint    ] Leaving safepoint region
[3.554s][info][safepoint    ] Total time for which application threads were stopped: 0.0002569 seconds, Stopping threads took: 0.0000632 seconds
[3.626s][info][safepoint    ] Application time: 0.0726589 seconds
[3.626s][info][safepoint    ] Entering safepoint region: GenCollectForAllocation
[3.627s][info][gc,start     ] GC(0) Pause Young (Allocation Failure)
[3.627s][info][gc,task      ] GC(0) Using 4 workers of 4 for evacuation
[3.676s][debug][gc,ref       ] GC(0) Skipped phase1 of Reference Processing due to unavailable references
[3.676s][debug][gc,ref       ] GC(0) Skipped phase3 of Reference Processing due to unavailable references
[3.677s][debug][gc,age       ] GC(0) Desired survivor size 15368192 bytes, new threshold 1 (max threshold 6)
[3.677s][info ][gc,heap      ] GC(0) ParNew: 240320K->30015K(270336K)
[3.677s][info ][gc,heap      ] GC(0) CMS: 0K->2704K(600768K)
[3.677s][info ][gc,metaspace ] GC(0) Metaspace: 20608K->20608K(1069056K)
[3.677s][info ][gc           ] GC(0) Pause Young (Allocation Failure) 234M->31M(850M) 49.996ms
[3.677s][info ][gc,cpu       ] GC(0) User=0.19s Sys=0.00s Real=0.05s
[3.677s][info ][safepoint    ] Leaving safepoint region
[3.677s][info ][safepoint    ] Total time for which application threads were stopped: 0.0501263 seconds, Stopping threads took: 0.0000080 seconds
[3.677s][info ][safepoint    ] Application time: 0.0001172 seconds
[3.677s][info ][safepoint    ] Entering safepoint region: CMS_Initial_Mark
[3.677s][info ][gc,start     ] GC(1) Pause Initial Mark
[3.685s][info ][gc           ] GC(1) Pause Initial Mark 36M->36M(850M) 7.675ms
[3.685s][info ][gc,cpu       ] GC(1) User=0.03s Sys=0.00s Real=0.01s
[3.685s][info ][safepoint    ] Leaving safepoint region
[3.685s][info ][safepoint    ] Total time for which application threads were stopped: 0.0078243 seconds, Stopping threads took: 0.0000331 seconds
[3.685s][info ][gc           ] GC(1) Concurrent Mark
[3.686s][info ][safepoint    ] Application time: 0.0010447 seconds
[3.686s][info ][safepoint    ] Entering safepoint region: RevokeBias
[3.686s][info ][safepoint    ] Leaving safepoint region
[3.686s][info ][safepoint    ] Total time for which application threads were stopped: 0.0001723 seconds, Stopping threads took: 0.0001048 seconds
[3.686s][info ][safepoint    ] Application time: 0.0000658 seconds
[3.686s][info ][safepoint    ] Entering safepoint region: RevokeBias
[3.686s][info ][safepoint    ] Leaving safepoint region
[3.686s][info ][safepoint    ] Total time for which application threads were stopped: 0.0000736 seconds, Stopping threads took: 0.0000327 seconds
[3.686s][info ][safepoint    ] Application time: 0.0000674 seconds
[3.686s][info ][safepoint    ] Entering safepoint region: RevokeBias
[3.686s][info ][safepoint    ] Leaving safepoint region
[3.686s][info ][safepoint    ] Total time for which application threads were stopped: 0.0000656 seconds, Stopping threads took: 0.0000288 seconds
[3.712s][info ][gc           ] GC(1) Concurrent Mark 27.132ms
[3.712s][info ][gc,cpu       ] GC(1) User=0.09s Sys=0.00s Real=0.03s
[3.712s][info ][gc           ] GC(1) Concurrent Preclean
[3.712s][debug][gc,ref       ] GC(1) Preclean SoftReferences 0.001ms
[3.712s][debug][gc,ref       ] GC(1) Preclean WeakReferences 0.000ms
[3.712s][debug][gc,ref       ] GC(1) Preclean FinalReferences 0.001ms
[3.712s][debug][gc,ref       ] GC(1) Preclean PhantomReferences 0.000ms
[3.713s][info ][gc           ] GC(1) Concurrent Preclean 0.845ms
[3.713s][info ][gc,cpu       ] GC(1) User=0.00s Sys=0.00s Real=0.00s
[3.713s][info ][gc           ] GC(1) Concurrent Abortable Preclean
[3.730s][info ][safepoint    ] Application time: 0.0443491 seconds
[3.731s][info ][safepoint    ] Entering safepoint region: CollectForMetadataAllocation
[3.731s][info ][safepoint    ] Leaving safepoint region
[3.731s][info ][safepoint    ] Total time for which application threads were stopped: 0.0002172 seconds, Stopping threads took: 0.0001486 seconds
[3.743s][info ][safepoint    ] Application time: 0.0120694 seconds
[3.743s][info ][safepoint    ] Entering safepoint region: CollectForMetadataAllocation
[3.743s][info ][safepoint    ] Leaving safepoint region
[3.743s][info ][safepoint    ] Total time for which application threads were stopped: 0.0000769 seconds, Stopping threads took: 0.0000086 seconds
[3.765s][info ][safepoint    ] Application time: 0.0223246 seconds
[3.765s][info ][safepoint    ] Entering safepoint region: CollectForMetadataAllocation
[3.765s][info ][safepoint    ] Leaving safepoint region
[3.765s][info ][safepoint    ] Total time for which application threads were stopped: 0.0001168 seconds, Stopping threads took: 0.0000074 seconds
[3.798s][info ][safepoint    ] Application time: 0.0328418 seconds
[3.798s][info ][safepoint    ] Entering safepoint region: CollectForMetadataAllocation
[3.798s][info ][safepoint    ] Leaving safepoint region
[3.798s][info ][safepoint    ] Total time for which application threads were stopped: 0.0001006 seconds, Stopping threads took: 0.0000073 seconds
[3.819s][info ][safepoint    ] Application time: 0.0203421 seconds
[3.819s][info ][safepoint    ] Entering safepoint region: RevokeBias
[3.819s][info ][safepoint    ] Leaving safepoint region
[3.819s][info ][safepoint    ] Total time for which application threads were stopped: 0.0001366 seconds, Stopping threads took: 0.0000801 seconds
[3.819s][info ][safepoint    ] Application time: 0.0003874 seconds
[3.819s][info ][safepoint    ] Entering safepoint region: RevokeBias
[3.819s][info ][safepoint    ] Leaving safepoint region
[3.819s][info ][safepoint    ] Total time for which application threads were stopped: 0.0000664 seconds, Stopping threads took: 0.0000292 seconds
[3.820s][info ][safepoint    ] Application time: 0.0006837 seconds
[3.820s][info ][safepoint    ] Entering safepoint region: RevokeBias
[3.820s][info ][safepoint    ] Leaving safepoint region
[3.820s][info ][safepoint    ] Total time for which application threads were stopped: 0.0002495 seconds, Stopping threads took: 0.0001654 seconds
[3.821s][info ][safepoint    ] Application time: 0.0002411 seconds
[3.821s][info ][safepoint    ] Entering safepoint region: RevokeBias
[3.821s][info ][safepoint    ] Leaving safepoint region
[3.821s][info ][safepoint    ] Total time for which application threads were stopped: 0.0001499 seconds, Stopping threads took: 0.0000880 seconds
[3.821s][info ][safepoint    ] Application time: 0.0000793 seconds
[3.821s][info ][safepoint    ] Entering safepoint region: RevokeBias
[3.821s][info ][safepoint    ] Leaving safepoint region
[3.821s][info ][safepoint    ] Total time for which application threads were stopped: 0.0000524 seconds, Stopping threads took: 0.0000055 seconds
[3.821s][info ][safepoint    ] Application time: 0.0001369 seconds
[3.821s][info ][safepoint    ] Entering safepoint region: RevokeBias
[3.821s][info ][safepoint    ] Leaving safepoint region
[3.821s][info ][safepoint    ] Total time for which application threads were stopped: 0.0001081 seconds, Stopping threads took: 0.0000537 seconds
[3.821s][info ][safepoint    ] Application time: 0.0001274 seconds
[3.822s][info ][safepoint    ] Entering safepoint region: RevokeBias
[3.822s][info ][safepoint    ] Leaving safepoint region
[3.822s][info ][safepoint    ] Total time for which application threads were stopped: 0.0002821 seconds, Stopping threads took: 0.0002418 seconds
[3.822s][info ][safepoint    ] Application time: 0.0002759 seconds
[3.822s][info ][safepoint    ] Entering safepoint region: RevokeBias
[3.822s][info ][safepoint    ] Leaving safepoint region
[3.822s][info ][safepoint    ] Total time for which application threads were stopped: 0.0001089 seconds, Stopping threads took: 0.0000633 seconds
[3.822s][info ][safepoint    ] Application time: 0.0003427 seconds
[3.822s][info ][safepoint    ] Entering safepoint region: RevokeBias
[3.822s][info ][safepoint    ] Leaving safepoint region
[3.822s][info ][safepoint    ] Total time for which application threads were stopped: 0.0001076 seconds, Stopping threads took: 0.0000495 seconds
[3.823s][info ][safepoint    ] Application time: 0.0000938 seconds
[3.823s][info ][safepoint    ] Entering safepoint region: RevokeBias
[3.823s][info ][safepoint    ] Leaving safepoint region
[3.823s][info ][safepoint    ] Total time for which application threads were stopped: 0.0001234 seconds, Stopping threads took: 0.0000763 seconds
[3.823s][info ][safepoint    ] Application time: 0.0001509 seconds
[3.823s][info ][safepoint    ] Entering safepoint region: RevokeBias
[3.823s][info ][safepoint    ] Leaving safepoint region
[3.823s][info ][safepoint    ] Total time for which application threads were stopped: 0.0001778 seconds, Stopping threads took: 0.0001131 seconds
[3.823s][info ][safepoint    ] Application time: 0.0002523 seconds
[3.823s][info ][safepoint    ] Entering safepoint region: RevokeBias
[3.823s][info ][safepoint    ] Leaving safepoint region
[3.823s][info ][safepoint    ] Total time for which application threads were stopped: 0.0001487 seconds, Stopping threads took: 0.0000814 seconds
[3.824s][info ][safepoint    ] Application time: 0.0002685 seconds
[3.824s][info ][safepoint    ] Entering safepoint region: RevokeBias
[3.824s][info ][safepoint    ] Leaving safepoint region
[3.824s][info ][safepoint    ] Total time for which application threads were stopped: 0.0001305 seconds, Stopping threads took: 0.0000784 seconds
[3.824s][info ][safepoint    ] Application time: 0.0001532 seconds
[3.824s][info ][safepoint    ] Entering safepoint region: RevokeBias
[3.824s][info ][safepoint    ] Leaving safepoint region
[3.824s][info ][safepoint    ] Total time for which application threads were stopped: 0.0002355 seconds, Stopping threads took: 0.0001541 seconds
[3.825s][info ][safepoint    ] Application time: 0.0004341 seconds
[3.825s][info ][safepoint    ] Entering safepoint region: RevokeBias
[3.825s][info ][safepoint    ] Leaving safepoint region
[3.825s][info ][safepoint    ] Total time for which application threads were stopped: 0.0000706 seconds, Stopping threads took: 0.0000276 seconds
[3.825s][info ][safepoint    ] Application time: 0.0005858 seconds
[3.825s][info ][safepoint    ] Entering safepoint region: RevokeBias
[3.825s][info ][safepoint    ] Leaving safepoint region
[3.825s][info ][safepoint    ] Total time for which application threads were stopped: 0.0000777 seconds, Stopping threads took: 0.0000212 seconds
[3.826s][info ][safepoint    ] Application time: 0.0004902 seconds
[3.826s][info ][safepoint    ] Entering safepoint region: RevokeBias
[3.826s][info ][safepoint    ] Leaving safepoint region
[3.826s][info ][safepoint    ] Total time for which application threads were stopped: 0.0002049 seconds, Stopping threads took: 0.0001143 seconds
[3.826s][info ][safepoint    ] Application time: 0.0001292 seconds
[3.826s][info ][safepoint    ] Entering safepoint region: CollectForMetadataAllocation
[3.826s][info ][safepoint    ] Leaving safepoint region
[3.826s][info ][safepoint    ] Total time for which application threads were stopped: 0.0000643 seconds, Stopping threads took: 0.0000215 seconds
[3.827s][info ][safepoint    ] Application time: 0.0001662 seconds
[3.827s][info ][safepoint    ] Entering safepoint region: RevokeBias
[3.827s][info ][safepoint    ] Leaving safepoint region
[3.827s][info ][safepoint    ] Total time for which application threads were stopped: 0.0001665 seconds, Stopping threads took: 0.0000803 seconds
[3.827s][info ][safepoint    ] Application time: 0.0006748 seconds
[3.828s][info ][safepoint    ] Entering safepoint region: RevokeBias
[3.828s][info ][safepoint    ] Leaving safepoint region
[3.828s][info ][safepoint    ] Total time for which application threads were stopped: 0.0001559 seconds, Stopping threads took: 0.0000881 seconds
[3.828s][info ][safepoint    ] Application time: 0.0006794 seconds
[3.828s][info ][safepoint    ] Entering safepoint region: RevokeBias
[3.828s][info ][safepoint    ] Leaving safepoint region
[3.828s][info ][safepoint    ] Total time for which application threads were stopped: 0.0001150 seconds, Stopping threads took: 0.0000296 seconds
[3.828s][info ][safepoint    ] Application time: 0.0000687 seconds
[3.829s][info ][safepoint    ] Entering safepoint region: RevokeBias
[3.829s][info ][safepoint    ] Leaving safepoint region
[3.829s][info ][safepoint    ] Total time for which application threads were stopped: 0.0001249 seconds, Stopping threads took: 0.0000753 seconds
[3.829s][info ][safepoint    ] Application time: 0.0001863 seconds
[3.829s][info ][safepoint    ] Entering safepoint region: RevokeBias
[3.829s][info ][safepoint    ] Leaving safepoint region
[3.829s][info ][safepoint    ] Total time for which application threads were stopped: 0.0000849 seconds, Stopping threads took: 0.0000281 seconds
[3.829s][info ][safepoint    ] Application time: 0.0000759 seconds
[3.829s][info ][safepoint    ] Entering safepoint region: RevokeBias
[3.829s][info ][safepoint    ] Leaving safepoint region
[3.829s][info ][safepoint    ] Total time for which application threads were stopped: 0.0002136 seconds, Stopping threads took: 0.0001655 seconds
[3.830s][info ][safepoint    ] Application time: 0.0005651 seconds
[3.830s][info ][safepoint    ] Entering safepoint region: RevokeBias
[3.830s][info ][safepoint    ] Leaving safepoint region
[3.830s][info ][safepoint    ] Total time for which application threads were stopped: 0.0001289 seconds, Stopping threads took: 0.0000781 seconds
[3.830s][info ][safepoint    ] Application time: 0.0003031 seconds
[3.830s][info ][safepoint    ] Entering safepoint region: RevokeBias
[3.830s][info ][safepoint    ] Leaving safepoint region
[3.830s][info ][safepoint    ] Total time for which application threads were stopped: 0.0001204 seconds, Stopping threads took: 0.0000649 seconds
[3.831s][info ][safepoint    ] Application time: 0.0008182 seconds
[3.831s][info ][safepoint    ] Entering safepoint region: RevokeBias
[3.831s][info ][safepoint    ] Leaving safepoint region
[3.831s][info ][safepoint    ] Total time for which application threads were stopped: 0.0001634 seconds, Stopping threads took: 0.0000613 seconds
[3.832s][info ][safepoint    ] Application time: 0.0009619 seconds
[3.832s][info ][safepoint    ] Entering safepoint region: BulkRevokeBias
[3.833s][info ][safepoint    ] Leaving safepoint region
[3.833s][info ][safepoint    ] Total time for which application threads were stopped: 0.0002902 seconds, Stopping threads took: 0.0000929 seconds
[3.835s][info ][safepoint    ] Application time: 0.0024456 seconds
[3.835s][info ][safepoint    ] Entering safepoint region: RevokeBias
[3.835s][info ][safepoint    ] Leaving safepoint region
[3.835s][info ][safepoint    ] Total time for which application threads were stopped: 0.0001859 seconds, Stopping threads took: 0.0000573 seconds
[3.836s][info ][safepoint    ] Application time: 0.0010314 seconds
[3.836s][info ][safepoint    ] Entering safepoint region: RevokeBias
[3.836s][info ][safepoint    ] Leaving safepoint region
[3.836s][info ][safepoint    ] Total time for which application threads were stopped: 0.0001239 seconds, Stopping threads took: 0.0000378 seconds
[3.841s][info ][safepoint    ] Application time: 0.0049761 seconds
[3.842s][info ][safepoint    ] Entering safepoint region: RevokeBias
[3.842s][info ][safepoint    ] Leaving safepoint region
[3.842s][info ][safepoint    ] Total time for which application threads were stopped: 0.0002954 seconds, Stopping threads took: 0.0000694 seconds
[3.842s][info ][safepoint    ] Application time: 0.0001601 seconds
[3.842s][info ][safepoint    ] Entering safepoint region: RevokeBias
[3.842s][info ][safepoint    ] Leaving safepoint region
[3.842s][info ][safepoint    ] Total time for which application threads were stopped: 0.0001229 seconds, Stopping threads took: 0.0000572 seconds
[3.842s][info ][safepoint    ] Application time: 0.0003802 seconds
[3.843s][info ][safepoint    ] Entering safepoint region: CollectForMetadataAllocation
[3.843s][info ][safepoint    ] Leaving safepoint region
[3.843s][info ][safepoint    ] Total time for which application threads were stopped: 0.0001399 seconds, Stopping threads took: 0.0000385 seconds
[3.846s][info ][safepoint    ] Application time: 0.0030469 seconds
[3.846s][info ][safepoint    ] Entering safepoint region: RevokeBias
[3.846s][info ][safepoint    ] Leaving safepoint region
[3.846s][info ][safepoint    ] Total time for which application threads were stopped: 0.0006999 seconds, Stopping threads took: 0.0005319 seconds
[3.849s][info ][safepoint    ] Application time: 0.0025976 seconds
[3.849s][info ][safepoint    ] Entering safepoint region: RevokeBias
[3.850s][info ][safepoint    ] Leaving safepoint region
[3.850s][info ][safepoint    ] Total time for which application threads were stopped: 0.0004834 seconds, Stopping threads took: 0.0000501 seconds
[3.853s][info ][safepoint    ] Application time: 0.0033296 seconds
[3.853s][info ][safepoint    ] Entering safepoint region: CollectForMetadataAllocation
[3.853s][info ][safepoint    ] Leaving safepoint region
[3.853s][info ][safepoint    ] Total time for which application threads were stopped: 0.0001141 seconds, Stopping threads took: 0.0000451 seconds
[3.853s][info ][safepoint    ] Application time: 0.0003385 seconds
[3.854s][info ][safepoint    ] Entering safepoint region: RevokeBias
[3.854s][info ][safepoint    ] Leaving safepoint region
[3.854s][info ][safepoint    ] Total time for which application threads were stopped: 0.0003007 seconds, Stopping threads took: 0.0002248 seconds
[3.855s][info ][safepoint    ] Application time: 0.0016240 seconds
[3.855s][info ][safepoint    ] Entering safepoint region: RevokeBias
[3.855s][info ][safepoint    ] Leaving safepoint region
[3.855s][info ][safepoint    ] Total time for which application threads were stopped: 0.0001117 seconds, Stopping threads took: 0.0000555 seconds
[3.858s][info ][safepoint    ] Application time: 0.0023959 seconds
[3.858s][info ][safepoint    ] Entering safepoint region: RevokeBias
[3.858s][info ][safepoint    ] Leaving safepoint region
[3.858s][info ][safepoint    ] Total time for which application threads were stopped: 0.0001232 seconds, Stopping threads took: 0.0000683 seconds
[3.860s][info ][safepoint    ] Application time: 0.0017989 seconds
[3.860s][info ][safepoint    ] Entering safepoint region: RevokeBias
[3.860s][info ][safepoint    ] Leaving safepoint region
[3.860s][info ][safepoint    ] Total time for which application threads were stopped: 0.0001781 seconds, Stopping threads took: 0.0000743 seconds
[3.861s][info ][safepoint    ] Application time: 0.0011177 seconds
[3.861s][info ][safepoint    ] Entering safepoint region: RevokeBias
[3.861s][info ][safepoint    ] Leaving safepoint region
[3.861s][info ][safepoint    ] Total time for which application threads were stopped: 0.0001223 seconds, Stopping threads took: 0.0000643 seconds
[3.861s][info ][safepoint    ] Application time: 0.0001562 seconds
[3.861s][info ][safepoint    ] Entering safepoint region: RevokeBias
[3.861s][info ][safepoint    ] Leaving safepoint region
[3.861s][info ][safepoint    ] Total time for which application threads were stopped: 0.0000561 seconds, Stopping threads took: 0.0000060 seconds
[3.862s][info ][safepoint    ] Application time: 0.0009326 seconds
[3.862s][info ][safepoint    ] Entering safepoint region: RevokeBias
[3.862s][info ][safepoint    ] Leaving safepoint region
[3.862s][info ][safepoint    ] Total time for which application threads were stopped: 0.0000679 seconds, Stopping threads took: 0.0000061 seconds
[3.863s][info ][safepoint    ] Application time: 0.0008788 seconds
[3.863s][info ][safepoint    ] Entering safepoint region: RevokeBias
[3.863s][info ][safepoint    ] Leaving safepoint region
[3.863s][info ][safepoint    ] Total time for which application threads were stopped: 0.0001236 seconds, Stopping threads took: 0.0000456 seconds
[3.865s][info ][safepoint    ] Application time: 0.0011731 seconds
[3.865s][info ][safepoint    ] Entering safepoint region: CollectForMetadataAllocation
[3.865s][info ][safepoint    ] Leaving safepoint region
[3.865s][info ][safepoint    ] Total time for which application threads were stopped: 0.0000983 seconds, Stopping threads took: 0.0000423 seconds
[3.866s][info ][safepoint    ] Application time: 0.0010908 seconds
[3.866s][info ][safepoint    ] Entering safepoint region: RevokeBias
[3.866s][info ][safepoint    ] Leaving safepoint region
[3.866s][info ][safepoint    ] Total time for which application threads were stopped: 0.0000892 seconds, Stopping threads took: 0.0000374 seconds
[3.867s][info ][safepoint    ] Application time: 0.0009795 seconds
[3.867s][info ][safepoint    ] Entering safepoint region: RevokeBias
[3.867s][info ][safepoint    ] Leaving safepoint region
[3.867s][info ][safepoint    ] Total time for which application threads were stopped: 0.0003068 seconds, Stopping threads took: 0.0002632 seconds
[3.868s][info ][safepoint    ] Application time: 0.0006911 seconds
[3.868s][info ][safepoint    ] Entering safepoint region: RevokeBias
[3.868s][info ][safepoint    ] Leaving safepoint region
[3.868s][info ][safepoint    ] Total time for which application threads were stopped: 0.0002172 seconds, Stopping threads took: 0.0001496 seconds
[3.869s][info ][safepoint    ] Application time: 0.0012201 seconds
[3.869s][info ][safepoint    ] Entering safepoint region: RevokeBias
[3.870s][info ][safepoint    ] Leaving safepoint region
[3.870s][info ][safepoint    ] Total time for which application threads were stopped: 0.0001201 seconds, Stopping threads took: 0.0000558 seconds
[3.871s][info ][safepoint    ] Application time: 0.0009522 seconds
[3.871s][info ][safepoint    ] Entering safepoint region: RevokeBias
[3.871s][info ][safepoint    ] Leaving safepoint region
[3.871s][info ][safepoint    ] Total time for which application threads were stopped: 0.0001847 seconds, Stopping threads took: 0.0001009 seconds
[3.871s][info ][safepoint    ] Application time: 0.0004940 seconds
[3.871s][info ][safepoint    ] Entering safepoint region: BulkRevokeBias
[3.872s][info ][safepoint    ] Leaving safepoint region
[3.872s][info ][safepoint    ] Total time for which application threads were stopped: 0.0003069 seconds, Stopping threads took: 0.0001520 seconds
[3.873s][info ][safepoint    ] Application time: 0.0015574 seconds
[3.873s][info ][safepoint    ] Entering safepoint region: CollectForMetadataAllocation
[3.873s][info ][safepoint    ] Leaving safepoint region
[3.873s][info ][safepoint    ] Total time for which application threads were stopped: 0.0001357 seconds, Stopping threads took: 0.0000467 seconds
[3.888s][info ][safepoint    ] Application time: 0.0145678 seconds
[3.888s][info ][safepoint    ] Entering safepoint region: CollectForMetadataAllocation
[3.888s][info ][safepoint    ] Leaving safepoint region
[3.888s][info ][safepoint    ] Total time for which application threads were stopped: 0.0001502 seconds, Stopping threads took: 0.0000493 seconds
[3.898s][info ][safepoint    ] Application time: 0.0095736 seconds
[3.898s][info ][safepoint    ] Entering safepoint region: CollectForMetadataAllocation
[3.898s][info ][safepoint    ] Leaving safepoint region
[3.898s][info ][safepoint    ] Total time for which application threads were stopped: 0.0001581 seconds, Stopping threads took: 0.0000689 seconds
[3.908s][info ][safepoint    ] Application time: 0.0106587 seconds
[3.909s][info ][safepoint    ] Entering safepoint region: CollectForMetadataAllocation
[3.909s][info ][safepoint    ] Leaving safepoint region
[3.909s][info ][safepoint    ] Total time for which application threads were stopped: 0.0001161 seconds, Stopping threads took: 0.0000352 seconds
[3.918s][info ][safepoint    ] Application time: 0.0091946 seconds
[3.918s][info ][safepoint    ] Entering safepoint region: CollectForMetadataAllocation
[3.918s][info ][safepoint    ] Leaving safepoint region
[3.918s][info ][safepoint    ] Total time for which application threads were stopped: 0.0001490 seconds, Stopping threads took: 0.0000504 seconds
[3.930s][info ][safepoint    ] Application time: 0.0117556 seconds
[3.930s][info ][safepoint    ] Entering safepoint region: CollectForMetadataAllocation
[3.930s][info ][safepoint    ] Leaving safepoint region
[3.930s][info ][safepoint    ] Total time for which application threads were stopped: 0.0001571 seconds, Stopping threads took: 0.0000793 seconds
[3.949s][info ][safepoint    ] Application time: 0.0191512 seconds
[3.949s][info ][safepoint    ] Entering safepoint region: CollectForMetadataAllocation
[3.949s][info ][safepoint    ] Leaving safepoint region
[3.949s][info ][safepoint    ] Total time for which application threads were stopped: 0.0001752 seconds, Stopping threads took: 0.0000904 seconds
[3.951s][info ][safepoint    ] Application time: 0.0015692 seconds
[3.951s][info ][safepoint    ] Entering safepoint region: RevokeBias
[3.951s][info ][safepoint    ] Leaving safepoint region
[3.951s][info ][safepoint    ] Total time for which application threads were stopped: 0.0001133 seconds, Stopping threads took: 0.0000490 seconds
[3.951s][info ][safepoint    ] Application time: 0.0004998 seconds
[3.952s][info ][safepoint    ] Entering safepoint region: Deoptimize
[3.952s][info ][safepoint    ] Leaving safepoint region
[3.952s][info ][safepoint    ] Total time for which application threads were stopped: 0.0005054 seconds, Stopping threads took: 0.0000440 seconds
[3.967s][info ][safepoint    ] Application time: 0.0153250 seconds
[3.967s][info ][safepoint    ] Entering safepoint region: RevokeBias
[3.968s][info ][safepoint    ] Leaving safepoint region
[3.968s][info ][safepoint    ] Total time for which application threads were stopped: 0.0001653 seconds, Stopping threads took: 0.0000889 seconds
[3.968s][info ][safepoint    ] Application time: 0.0005387 seconds
[3.968s][info ][safepoint    ] Entering safepoint region: RevokeBias
[3.968s][info ][safepoint    ] Leaving safepoint region
[3.968s][info ][safepoint    ] Total time for which application threads were stopped: 0.0002804 seconds, Stopping threads took: 0.0001448 seconds
[3.969s][info ][safepoint    ] Application time: 0.0005163 seconds
[3.969s][info ][safepoint    ] Entering safepoint region: RevokeBias
[3.969s][info ][safepoint    ] Leaving safepoint region
[3.969s][info ][safepoint    ] Total time for which application threads were stopped: 0.0001641 seconds, Stopping threads took: 0.0001147 seconds
[3.970s][info ][safepoint    ] Application time: 0.0006744 seconds
[3.970s][info ][safepoint    ] Entering safepoint region: RevokeBias
[3.970s][info ][safepoint    ] Leaving safepoint region
[3.970s][info ][safepoint    ] Total time for which application threads were stopped: 0.0002308 seconds, Stopping threads took: 0.0001154 seconds
[3.970s][info ][safepoint    ] Application time: 0.0001065 seconds
[3.970s][info ][safepoint    ] Entering safepoint region: RevokeBias
[3.970s][info ][safepoint    ] Leaving safepoint region
[3.970s][info ][safepoint    ] Total time for which application threads were stopped: 0.0001467 seconds, Stopping threads took: 0.0000570 seconds
[3.971s][info ][safepoint    ] Application time: 0.0004069 seconds
[3.971s][info ][safepoint    ] Entering safepoint region: RevokeBias
[3.971s][info ][safepoint    ] Leaving safepoint region
[3.971s][info ][safepoint    ] Total time for which application threads were stopped: 0.0002814 seconds, Stopping threads took: 0.0001339 seconds
[3.971s][info ][safepoint    ] Application time: 0.0002064 seconds
[3.971s][info ][safepoint    ] Entering safepoint region: RevokeBias
[3.972s][info ][safepoint    ] Leaving safepoint region
[3.972s][info ][safepoint    ] Total time for which application threads were stopped: 0.0003038 seconds, Stopping threads took: 0.0001272 seconds
[3.972s][info ][safepoint    ] Application time: 0.0006624 seconds
[3.972s][info ][safepoint    ] Entering safepoint region: RevokeBias
[3.972s][info ][safepoint    ] Leaving safepoint region
[3.972s][info ][safepoint    ] Total time for which application threads were stopped: 0.0001724 seconds, Stopping threads took: 0.0000728 seconds
[3.973s][info ][safepoint    ] Application time: 0.0001181 seconds
[3.973s][info ][safepoint    ] Entering safepoint region: RevokeBias
[3.973s][info ][safepoint    ] Leaving safepoint region
[3.973s][info ][safepoint    ] Total time for which application threads were stopped: 0.0002187 seconds, Stopping threads took: 0.0001436 seconds
[3.973s][info ][safepoint    ] Application time: 0.0001432 seconds
[3.973s][info ][safepoint    ] Entering safepoint region: RevokeBias
[3.973s][info ][safepoint    ] Leaving safepoint region
[3.973s][info ][safepoint    ] Total time for which application threads were stopped: 0.0001582 seconds, Stopping threads took: 0.0000775 seconds
[3.973s][info ][safepoint    ] Application time: 0.0000906 seconds
[3.973s][info ][safepoint    ] Entering safepoint region: RevokeBias
[3.973s][info ][safepoint    ] Leaving safepoint region
[3.973s][info ][safepoint    ] Total time for which application threads were stopped: 0.0001828 seconds, Stopping threads took: 0.0000928 seconds
[3.974s][info ][safepoint    ] Application time: 0.0001177 seconds
[3.974s][info ][safepoint    ] Entering safepoint region: RevokeBias
[3.974s][info ][safepoint    ] Leaving safepoint region
[3.974s][info ][safepoint    ] Total time for which application threads were stopped: 0.0003375 seconds, Stopping threads took: 0.0001311 seconds
[3.974s][info ][safepoint    ] Application time: 0.0002157 seconds
[3.974s][info ][safepoint    ] Entering safepoint region: RevokeBias
[3.974s][info ][safepoint    ] Leaving safepoint region
[3.975s][info ][safepoint    ] Total time for which application threads were stopped: 0.0004112 seconds, Stopping threads took: 0.0003213 seconds
[3.975s][info ][safepoint    ] Application time: 0.0003338 seconds
[3.975s][info ][safepoint    ] Entering safepoint region: RevokeBias
[3.975s][info ][safepoint    ] Leaving safepoint region
[3.975s][info ][safepoint    ] Total time for which application threads were stopped: 0.0003006 seconds, Stopping threads took: 0.0001177 seconds
[3.975s][info ][safepoint    ] Application time: 0.0001742 seconds
[3.975s][info ][safepoint    ] Entering safepoint region: RevokeBias
[3.975s][info ][safepoint    ] Leaving safepoint region
[3.975s][info ][safepoint    ] Total time for which application threads were stopped: 0.0000843 seconds, Stopping threads took: 0.0000261 seconds
[3.977s][info ][safepoint    ] Application time: 0.0012491 seconds
[3.977s][info ][safepoint    ] Entering safepoint region: RevokeBias
[3.977s][info ][safepoint    ] Leaving safepoint region
[3.977s][info ][safepoint    ] Total time for which application threads were stopped: 0.0002632 seconds, Stopping threads took: 0.0000904 seconds
[3.977s][info ][safepoint    ] Application time: 0.0002575 seconds
[3.977s][info ][safepoint    ] Entering safepoint region: BulkRevokeBias
[3.978s][info ][safepoint    ] Leaving safepoint region
[3.978s][info ][safepoint    ] Total time for which application threads were stopped: 0.0005348 seconds, Stopping threads took: 0.0001249 seconds
[3.980s][info ][safepoint    ] Application time: 0.0024795 seconds
[3.983s][info ][safepoint    ] Entering safepoint region: CollectForMetadataAllocation
[3.983s][info ][safepoint    ] Leaving safepoint region
[3.983s][info ][safepoint    ] Total time for which application threads were stopped: 0.0029917 seconds, Stopping threads took: 0.0028521 seconds
[3.983s][info ][safepoint    ] Application time: 0.0001542 seconds
[3.984s][info ][safepoint    ] Entering safepoint region: CollectForMetadataAllocation
[3.984s][info ][safepoint    ] Leaving safepoint region
[3.984s][info ][safepoint    ] Total time for which application threads were stopped: 0.0001587 seconds, Stopping threads took: 0.0001082 seconds
[3.995s][info ][safepoint    ] Application time: 0.0109797 seconds
[3.995s][info ][safepoint    ] Entering safepoint region: RevokeBias
[3.995s][info ][safepoint    ] Leaving safepoint region
[3.995s][info ][safepoint    ] Total time for which application threads were stopped: 0.0002584 seconds, Stopping threads took: 0.0001340 seconds
[4.001s][info ][safepoint    ] Application time: 0.0056465 seconds
[4.001s][info ][safepoint    ] Entering safepoint region: RevokeBias
[4.001s][info ][safepoint    ] Leaving safepoint region
[4.001s][info ][safepoint    ] Total time for which application threads were stopped: 0.0005292 seconds, Stopping threads took: 0.0003145 seconds
[4.001s][info ][safepoint    ] Application time: 0.0001443 seconds
[4.001s][info ][safepoint    ] Entering safepoint region: RevokeBias
[4.001s][info ][safepoint    ] Leaving safepoint region
[4.002s][info ][safepoint    ] Total time for which application threads were stopped: 0.0002532 seconds, Stopping threads took: 0.0001221 seconds
[4.002s][info ][safepoint    ] Application time: 0.0005030 seconds
[4.002s][info ][safepoint    ] Entering safepoint region: RevokeBias
[4.002s][info ][safepoint    ] Leaving safepoint region
[4.002s][info ][safepoint    ] Total time for which application threads were stopped: 0.0001662 seconds, Stopping threads took: 0.0000508 seconds
[4.003s][info ][safepoint    ] Application time: 0.0009723 seconds
[4.004s][info ][safepoint    ] Entering safepoint region: RevokeBias
[4.004s][info ][safepoint    ] Leaving safepoint region
[4.004s][info ][safepoint    ] Total time for which application threads were stopped: 0.0004345 seconds, Stopping threads took: 0.0003302 seconds
[4.004s][info ][safepoint    ] Application time: 0.0001218 seconds
[4.004s][info ][safepoint    ] Entering safepoint region: BulkRevokeBias
[4.005s][info ][safepoint    ] Leaving safepoint region
[4.005s][info ][safepoint    ] Total time for which application threads were stopped: 0.0004973 seconds, Stopping threads took: 0.0001097 seconds
[4.006s][info ][safepoint    ] Application time: 0.0012106 seconds
[4.006s][info ][safepoint    ] Entering safepoint region: RevokeBias
[4.006s][info ][safepoint    ] Leaving safepoint region
[4.006s][info ][safepoint    ] Total time for which application threads were stopped: 0.0002870 seconds, Stopping threads took: 0.0002027 seconds
[4.007s][info ][safepoint    ] Application time: 0.0004157 seconds
[4.007s][info ][safepoint    ] Entering safepoint region: RevokeBias
[4.007s][info ][safepoint    ] Leaving safepoint region
[4.007s][info ][safepoint    ] Total time for which application threads were stopped: 0.0002400 seconds, Stopping threads took: 0.0001496 seconds
[4.024s][info ][safepoint    ] Application time: 0.0170931 seconds
[4.024s][info ][safepoint    ] Entering safepoint region: RevokeBias
[4.025s][info ][safepoint    ] Leaving safepoint region
[4.025s][info ][safepoint    ] Total time for which application threads were stopped: 0.0004701 seconds, Stopping threads took: 0.0001963 seconds
[4.025s][info ][safepoint    ] Application time: 0.0006910 seconds
[4.026s][info ][safepoint    ] Entering safepoint region: RevokeBias
[4.026s][info ][safepoint    ] Leaving safepoint region
[4.026s][info ][safepoint    ] Total time for which application threads were stopped: 0.0004090 seconds, Stopping threads took: 0.0002073 seconds
[4.031s][info ][safepoint    ] Application time: 0.0051833 seconds
[4.031s][info ][safepoint    ] Entering safepoint region: CollectForMetadataAllocation
[4.031s][info ][safepoint    ] Leaving safepoint region
[4.031s][info ][safepoint    ] Total time for which application threads were stopped: 0.0002078 seconds, Stopping threads took: 0.0000667 seconds
[4.032s][info ][safepoint    ] Application time: 0.0005670 seconds
[4.032s][info ][safepoint    ] Entering safepoint region: CollectForMetadataAllocation
[4.032s][info ][safepoint    ] Leaving safepoint region
[4.032s][info ][safepoint    ] Total time for which application threads were stopped: 0.0001494 seconds, Stopping threads took: 0.0001028 seconds
[4.032s][info ][safepoint    ] Application time: 0.0000922 seconds
[4.032s][info ][safepoint    ] Entering safepoint region: CollectForMetadataAllocation
[4.032s][info ][safepoint    ] Leaving safepoint region
[4.032s][info ][safepoint    ] Total time for which application threads were stopped: 0.0001809 seconds, Stopping threads took: 0.0001314 seconds
[4.038s][info ][safepoint    ] Application time: 0.0056831 seconds
[4.038s][info ][safepoint    ] Entering safepoint region: CollectForMetadataAllocation
[4.038s][info ][safepoint    ] Leaving safepoint region
[4.038s][info ][safepoint    ] Total time for which application threads were stopped: 0.0001967 seconds, Stopping threads took: 0.0001174 seconds
[4.038s][info ][safepoint    ] Application time: 0.0001007 seconds
[4.038s][info ][safepoint    ] Entering safepoint region: CollectForMetadataAllocation
[4.038s][info ][safepoint    ] Leaving safepoint region
[4.038s][info ][safepoint    ] Total time for which application threads were stopped: 0.0001398 seconds, Stopping threads took: 0.0000772 seconds
[4.039s][info ][safepoint    ] Application time: 0.0002567 seconds
[4.039s][info ][safepoint    ] Entering safepoint region: RevokeBias
[4.040s][info ][safepoint    ] Leaving safepoint region
[4.040s][info ][safepoint    ] Total time for which application threads were stopped: 0.0008652 seconds, Stopping threads took: 0.0006941 seconds
[4.051s][info ][safepoint    ] Application time: 0.0117071 seconds
[4.051s][info ][safepoint    ] Entering safepoint region: RevokeBias
[4.052s][info ][safepoint    ] Leaving safepoint region
[4.052s][info ][safepoint    ] Total time for which application threads were stopped: 0.0007953 seconds, Stopping threads took: 0.0000933 seconds
[4.073s][info ][safepoint    ] Application time: 0.0213672 seconds
[4.074s][info ][safepoint    ] Entering safepoint region: RevokeBias
[4.074s][info ][safepoint    ] Leaving safepoint region
[4.074s][info ][safepoint    ] Total time for which application threads were stopped: 0.0004117 seconds, Stopping threads took: 0.0001533 seconds
[4.081s][info ][safepoint    ] Application time: 0.0067311 seconds
[4.081s][info ][safepoint    ] Entering safepoint region: RevokeBias
[4.082s][info ][safepoint    ] Leaving safepoint region
[4.082s][info ][safepoint    ] Total time for which application threads were stopped: 0.0008771 seconds, Stopping threads took: 0.0004787 seconds
[4.083s][info ][safepoint    ] Application time: 0.0013914 seconds
[4.083s][info ][safepoint    ] Entering safepoint region: RevokeBias
[4.083s][info ][safepoint    ] Leaving safepoint region
[4.083s][info ][safepoint    ] Total time for which application threads were stopped: 0.0004057 seconds, Stopping threads took: 0.0001982 seconds
[4.084s][info ][safepoint    ] Application time: 0.0002811 seconds
[4.084s][info ][safepoint    ] Entering safepoint region: RevokeBias
[4.084s][info ][safepoint    ] Leaving safepoint region
[4.084s][info ][safepoint    ] Total time for which application threads were stopped: 0.0002648 seconds, Stopping threads took: 0.0001102 seconds
[4.085s][info ][safepoint    ] Application time: 0.0014992 seconds
[4.086s][info ][safepoint    ] Entering safepoint region: RevokeBias
[4.086s][info ][safepoint    ] Leaving safepoint region
[4.086s][info ][safepoint    ] Total time for which application threads were stopped: 0.0003532 seconds, Stopping threads took: 0.0001505 seconds
[4.089s][info ][safepoint    ] Application time: 0.0028394 seconds
[4.089s][info ][safepoint    ] Entering safepoint region: RevokeBias
[4.090s][info ][safepoint    ] Leaving safepoint region
[4.090s][info ][safepoint    ] Total time for which application threads were stopped: 0.0011450 seconds, Stopping threads took: 0.0001543 seconds
[4.090s][info ][safepoint    ] Application time: 0.0005279 seconds
[4.091s][info ][safepoint    ] Entering safepoint region: RevokeBias
[4.091s][info ][safepoint    ] Leaving safepoint region
[4.091s][info ][safepoint    ] Total time for which application threads were stopped: 0.0003436 seconds, Stopping threads took: 0.0001808 seconds
[4.092s][info ][safepoint    ] Application time: 0.0008037 seconds
[4.095s][info ][safepoint    ] Entering safepoint region: RevokeBias
[4.095s][info ][safepoint    ] Leaving safepoint region
[4.095s][info ][safepoint    ] Total time for which application threads were stopped: 0.0037639 seconds, Stopping threads took: 0.0035241 seconds
[4.096s][info ][safepoint    ] Application time: 0.0007710 seconds
[4.096s][info ][safepoint    ] Entering safepoint region: RevokeBias
[4.096s][info ][safepoint    ] Leaving safepoint region
[4.096s][info ][safepoint    ] Total time for which application threads were stopped: 0.0003098 seconds, Stopping threads took: 0.0001293 seconds
[4.116s][info ][safepoint    ] Application time: 0.0200157 seconds
[4.117s][info ][safepoint    ] Entering safepoint region: RevokeBias
[4.117s][info ][safepoint    ] Leaving safepoint region
[4.117s][info ][safepoint    ] Total time for which application threads were stopped: 0.0003640 seconds, Stopping threads took: 0.0001246 seconds
[4.118s][info ][safepoint    ] Application time: 0.0010730 seconds
[4.118s][info ][safepoint    ] Entering safepoint region: RevokeBias
[4.118s][info ][safepoint    ] Leaving safepoint region
[4.118s][info ][safepoint    ] Total time for which application threads were stopped: 0.0003086 seconds, Stopping threads took: 0.0001628 seconds
[4.155s][info ][safepoint    ] Application time: 0.0368868 seconds
[4.160s][info ][safepoint    ] Entering safepoint region: RevokeBias
[4.161s][info ][safepoint    ] Leaving safepoint region
[4.161s][info ][safepoint    ] Total time for which application threads were stopped: 0.0055648 seconds, Stopping threads took: 0.0052587 seconds
[4.176s][info ][safepoint    ] Application time: 0.0157455 seconds
[4.177s][info ][safepoint    ] Entering safepoint region: RevokeBias
[4.177s][info ][safepoint    ] Leaving safepoint region
[4.177s][info ][safepoint    ] Total time for which application threads were stopped: 0.0004522 seconds, Stopping threads took: 0.0002169 seconds
[4.184s][info ][safepoint    ] Application time: 0.0068036 seconds
[4.184s][info ][safepoint    ] Entering safepoint region: RevokeBias
[4.184s][info ][safepoint    ] Leaving safepoint region
[4.184s][info ][safepoint    ] Total time for which application threads were stopped: 0.0003155 seconds, Stopping threads took: 0.0001066 seconds
[4.185s][info ][safepoint    ] Application time: 0.0005222 seconds
[4.185s][info ][safepoint    ] Entering safepoint region: RevokeBias
[4.185s][info ][safepoint    ] Leaving safepoint region
[4.185s][info ][safepoint    ] Total time for which application threads were stopped: 0.0002851 seconds, Stopping threads took: 0.0001232 seconds
[4.185s][info ][safepoint    ] Application time: 0.0005525 seconds
[4.186s][info ][safepoint    ] Entering safepoint region: RevokeBias
[4.186s][info ][safepoint    ] Leaving safepoint region
[4.186s][info ][safepoint    ] Total time for which application threads were stopped: 0.0002923 seconds, Stopping threads took: 0.0001175 seconds
[4.192s][info ][safepoint    ] Application time: 0.0059556 seconds
[4.192s][info ][safepoint    ] Entering safepoint region: CollectForMetadataAllocation
[4.192s][info ][safepoint    ] Leaving safepoint region
[4.192s][info ][safepoint    ] Total time for which application threads were stopped: 0.0002667 seconds, Stopping threads took: 0.0000670 seconds
[4.195s][info ][safepoint    ] Application time: 0.0025384 seconds
[4.195s][info ][safepoint    ] Entering safepoint region: BulkRevokeBias
[4.196s][info ][safepoint    ] Leaving safepoint region
[4.196s][info ][safepoint    ] Total time for which application threads were stopped: 0.0010078 seconds, Stopping threads took: 0.0000819 seconds
[4.228s][info ][safepoint    ] Application time: 0.0325309 seconds
[4.231s][info ][safepoint    ] Entering safepoint region: RevokeBias
[4.232s][info ][safepoint    ] Leaving safepoint region
[4.232s][info ][safepoint    ] Total time for which application threads were stopped: 0.0033731 seconds, Stopping threads took: 0.0031884 seconds
[4.240s][info ][safepoint    ] Application time: 0.0086594 seconds
[4.240s][info ][safepoint    ] Entering safepoint region: RevokeBias
[4.241s][info ][safepoint    ] Leaving safepoint region
[4.241s][info ][safepoint    ] Total time for which application threads were stopped: 0.0004095 seconds, Stopping threads took: 0.0001617 seconds
[4.287s][info ][safepoint    ] Application time: 0.0464660 seconds
[4.288s][info ][safepoint    ] Entering safepoint region: RevokeBias
[4.288s][info ][safepoint    ] Leaving safepoint region
[4.288s][info ][safepoint    ] Total time for which application threads were stopped: 0.0007908 seconds, Stopping threads took: 0.0005510 seconds
[4.289s][info ][gc           ] GC(1) Concurrent Abortable Preclean 576.710ms
[4.289s][info ][gc,cpu       ] GC(1) User=2.86s Sys=0.19s Real=0.57s
[4.289s][info ][safepoint    ] Application time: 0.0014670 seconds
[4.290s][info ][safepoint    ] Entering safepoint region: CMS_Final_Remark
[4.290s][info ][gc,start     ] GC(1) Pause Remark
[4.324s][debug][gc,phases    ] GC(1) Rescan (parallel) 34.007ms
[4.324s][debug][gc,ref       ] GC(1) Skipped phase1 of Reference Processing due to unavailable references
[4.324s][debug][gc,ref       ] GC(1) Skipped phase2 of Reference Processing due to unavailable references
[4.324s][debug][gc,ref       ] GC(1) Skipped phase3 of Reference Processing due to unavailable references
[4.324s][debug][gc,ref       ] GC(1) Skipped phase4 of Reference Processing due to unavailable references
[4.324s][debug][gc,phases    ] GC(1) Reference Processing 0.039ms
[4.324s][debug][gc,phases    ] GC(1) Weak Processing 0.028ms
[4.324s][debug][gc,phases    ] GC(1) ClassLoaderData 0.312ms
[4.324s][debug][gc,phases    ] GC(1) ProtectionDomainCacheTable 0.004ms
[4.324s][debug][gc,phases    ] GC(1) ResolvedMethodTable 0.058ms
[4.326s][debug][gc,phases    ] GC(1) Class Unloading 1.940ms
[4.328s][debug][gc,phases    ] GC(1) Scrub Symbol Table 2.016ms
[4.328s][debug][gc,phases    ] GC(1) Scrub String Table 0.189ms
[4.329s][info ][gc           ] GC(1) Pause Remark 164M->164M(850M) 39.310ms
[4.329s][info ][gc,cpu       ] GC(1) User=0.14s Sys=0.00s Real=0.04s
[4.329s][info ][safepoint    ] Leaving safepoint region
[4.329s][info ][safepoint    ] Total time for which application threads were stopped: 0.0396306 seconds, Stopping threads took: 0.0001991 seconds
[4.329s][info ][gc           ] GC(1) Concurrent Sweep
[4.331s][info ][gc           ] GC(1) Concurrent Sweep 1.473ms
[4.331s][info ][gc,cpu       ] GC(1) User=0.00s Sys=0.00s Real=0.00s
[4.331s][info ][gc           ] GC(1) Concurrent Reset
[4.350s][info ][gc           ] GC(1) Concurrent Reset 19.539ms
[4.350s][info ][gc,cpu       ] GC(1) User=0.09s Sys=0.02s Real=0.02s
[4.350s][info ][gc,heap      ] GC(1) Old: 2704K->2704K(600768K)
[4.375s][info ][safepoint    ] Application time: 0.0463068 seconds
[4.376s][info ][safepoint    ] Entering safepoint region: RevokeBias
[4.376s][info ][safepoint    ] Leaving safepoint region
[4.376s][info ][safepoint    ] Total time for which application threads were stopped: 0.0004326 seconds, Stopping threads took: 0.0001760 seconds
[4.376s][info ][safepoint    ] Application time: 0.0005388 seconds
[4.376s][info ][safepoint    ] Entering safepoint region: RevokeBias
[4.377s][info ][safepoint    ] Leaving safepoint region
[4.377s][info ][safepoint    ] Total time for which application threads were stopped: 0.0001218 seconds, Stopping threads took: 0.0000208 seconds
[4.380s][info ][safepoint    ] Application time: 0.0037812 seconds
[4.381s][info ][safepoint    ] Entering safepoint region: RevokeBias
[4.381s][info ][safepoint    ] Leaving safepoint region
[4.381s][info ][safepoint    ] Total time for which application threads were stopped: 0.0003468 seconds, Stopping threads took: 0.0001870 seconds
[4.386s][info ][safepoint    ] Application time: 0.0051195 seconds
[4.386s][info ][safepoint    ] Entering safepoint region: RevokeBias
[4.386s][info ][safepoint    ] Leaving safepoint region
[4.386s][info ][safepoint    ] Total time for which application threads were stopped: 0.0003516 seconds, Stopping threads took: 0.0001615 seconds
[4.395s][info ][safepoint    ] Application time: 0.0084148 seconds
[4.395s][info ][safepoint    ] Entering safepoint region: RevokeBias
[4.395s][info ][safepoint    ] Leaving safepoint region
[4.395s][info ][safepoint    ] Total time for which application threads were stopped: 0.0003924 seconds, Stopping threads took: 0.0002072 seconds
[4.427s][info ][safepoint    ] Application time: 0.0317897 seconds
[4.427s][info ][safepoint    ] Entering safepoint region: RevokeBias
[4.427s][info ][safepoint    ] Leaving safepoint region
[4.427s][info ][safepoint    ] Total time for which application threads were stopped: 0.0003612 seconds, Stopping threads took: 0.0001345 seconds
[4.432s][info ][safepoint    ] Application time: 0.0042366 seconds
[4.432s][info ][safepoint    ] Entering safepoint region: Deoptimize
[4.432s][info ][safepoint    ] Leaving safepoint region
[4.432s][info ][safepoint    ] Total time for which application threads were stopped: 0.0007581 seconds, Stopping threads took: 0.0001971 seconds
[4.448s][info ][safepoint    ] Application time: 0.0160090 seconds
[4.449s][info ][safepoint    ] Entering safepoint region: RevokeBias
[4.449s][info ][safepoint    ] Leaving safepoint region
[4.449s][info ][safepoint    ] Total time for which application threads were stopped: 0.0005922 seconds, Stopping threads took: 0.0002080 seconds
[4.452s][info ][safepoint    ] Application time: 0.0029077 seconds
[4.453s][info ][safepoint    ] Entering safepoint region: RevokeBias
[4.453s][info ][safepoint    ] Leaving safepoint region
[4.453s][info ][safepoint    ] Total time for which application threads were stopped: 0.0010880 seconds, Stopping threads took: 0.0008253 seconds
[4.456s][info ][safepoint    ] Application time: 0.0028397 seconds
[4.456s][info ][safepoint    ] Entering safepoint region: RevokeBias
[4.456s][info ][safepoint    ] Leaving safepoint region
[4.456s][info ][safepoint    ] Total time for which application threads were stopped: 0.0002999 seconds, Stopping threads took: 0.0001477 seconds
[4.457s][info ][safepoint    ] Application time: 0.0013263 seconds
[4.458s][info ][safepoint    ] Entering safepoint region: RevokeBias
[4.458s][info ][safepoint    ] Leaving safepoint region
[4.458s][info ][safepoint    ] Total time for which application threads were stopped: 0.0003589 seconds, Stopping threads took: 0.0002184 seconds
[4.464s][info ][safepoint    ] Application time: 0.0063473 seconds
[4.464s][info ][safepoint    ] Entering safepoint region: RevokeBias
[4.465s][info ][safepoint    ] Leaving safepoint region
[4.465s][info ][safepoint    ] Total time for which application threads were stopped: 0.0004681 seconds, Stopping threads took: 0.0001727 seconds
[4.469s][info ][safepoint    ] Application time: 0.0044407 seconds
[4.469s][info ][safepoint    ] Entering safepoint region: RevokeBias
[4.470s][info ][safepoint    ] Leaving safepoint region
[4.470s][info ][safepoint    ] Total time for which application threads were stopped: 0.0003918 seconds, Stopping threads took: 0.0001740 seconds
[4.484s][info ][safepoint    ] Application time: 0.0142551 seconds
[4.484s][info ][safepoint    ] Entering safepoint region: RevokeBias
[4.484s][info ][safepoint    ] Leaving safepoint region
[4.484s][info ][safepoint    ] Total time for which application threads were stopped: 0.0004070 seconds, Stopping threads took: 0.0001842 seconds
[4.485s][info ][safepoint    ] Application time: 0.0003378 seconds
[4.485s][info ][safepoint    ] Entering safepoint region: RevokeBias
[4.485s][info ][safepoint    ] Leaving safepoint region
[4.485s][info ][safepoint    ] Total time for which application threads were stopped: 0.0003444 seconds, Stopping threads took: 0.0001553 seconds
[4.501s][info ][safepoint    ] Application time: 0.0160585 seconds
[4.504s][info ][safepoint    ] Entering safepoint region: RevokeBias
[4.504s][info ][safepoint    ] Leaving safepoint region
[4.504s][info ][safepoint    ] Total time for which application threads were stopped: 0.0034303 seconds, Stopping threads took: 0.0032588 seconds
[4.519s][info ][safepoint    ] Application time: 0.0145762 seconds
[4.519s][info ][safepoint    ] Entering safepoint region: RevokeBias
[4.520s][info ][safepoint    ] Leaving safepoint region
[4.520s][info ][safepoint    ] Total time for which application threads were stopped: 0.0005011 seconds, Stopping threads took: 0.0003062 seconds
[4.520s][info ][safepoint    ] Application time: 0.0000985 seconds
[4.520s][info ][safepoint    ] Entering safepoint region: BulkRevokeBias
[4.521s][info ][safepoint    ] Leaving safepoint region
[4.521s][info ][safepoint    ] Total time for which application threads were stopped: 0.0012840 seconds, Stopping threads took: 0.0002674 seconds
[4.648s][info ][safepoint    ] Application time: 0.1271339 seconds
[4.648s][info ][safepoint    ] Entering safepoint region: Deoptimize
[4.649s][info ][safepoint    ] Leaving safepoint region
[4.649s][info ][safepoint    ] Total time for which application threads were stopped: 0.0009228 seconds, Stopping threads took: 0.0002371 seconds
[4.659s][info ][safepoint    ] Application time: 0.0097863 seconds
[4.659s][info ][safepoint    ] Entering safepoint region: Deoptimize
[4.660s][info ][safepoint    ] Leaving safepoint region
[4.660s][info ][safepoint    ] Total time for which application threads were stopped: 0.0011984 seconds, Stopping threads took: 0.0001575 seconds
[4.772s][info ][safepoint    ] Application time: 0.1122507 seconds
[4.773s][info ][safepoint    ] Entering safepoint region: GenCollectForAllocation
[4.773s][info ][gc,start     ] GC(2) Pause Young (Allocation Failure)
[4.773s][info ][gc,task      ] GC(2) Using 4 workers of 4 for evacuation
[4.855s][debug][gc,ref       ] GC(2) Skipped phase1 of Reference Processing due to unavailable references
[4.855s][debug][gc,ref       ] GC(2) Skipped phase3 of Reference Processing due to unavailable references
[4.855s][debug][gc,age       ] GC(2) Desired survivor size 15368192 bytes, new threshold 1 (max threshold 6)
[4.855s][info ][gc,heap      ] GC(2) ParNew: 270335K->30016K(270336K)
[4.855s][info ][gc,heap      ] GC(2) CMS: 2704K->41658K(600768K)
[4.855s][info ][gc,metaspace ] GC(2) Metaspace: 31980K->31980K(1077248K)
[4.855s][info ][gc           ] GC(2) Pause Young (Allocation Failure) 266M->69M(850M) 82.444ms
[4.855s][info ][gc,cpu       ] GC(2) User=0.28s Sys=0.02s Real=0.08s
[4.855s][info ][safepoint    ] Leaving safepoint region
[4.855s][info ][safepoint    ] Total time for which application threads were stopped: 0.0829539 seconds, Stopping threads took: 0.0002172 seconds
[4.857s][info ][safepoint    ] Application time: 0.0012999 seconds
[4.857s][info ][safepoint    ] Entering safepoint region: RevokeBias
[4.857s][info ][safepoint    ] Leaving safepoint region
[4.857s][info ][safepoint    ] Total time for which application threads were stopped: 0.0003434 seconds, Stopping threads took: 0.0002132 seconds
[4.857s][info ][safepoint    ] Application time: 0.0000879 seconds
[4.857s][info ][safepoint    ] Entering safepoint region: RevokeBias
[4.857s][info ][safepoint    ] Leaving safepoint region
[4.857s][info ][safepoint    ] Total time for which application threads were stopped: 0.0000960 seconds, Stopping threads took: 0.0000073 seconds
[4.894s][info ][safepoint    ] Application time: 0.0372108 seconds
[4.895s][info ][safepoint    ] Entering safepoint region: RevokeBias
[4.895s][info ][safepoint    ] Leaving safepoint region
[4.895s][info ][safepoint    ] Total time for which application threads were stopped: 0.0007573 seconds, Stopping threads took: 0.0004280 seconds
[4.967s][info ][safepoint    ] Application time: 0.0720088 seconds
[4.967s][info ][safepoint    ] Entering safepoint region: ICBufferFull
[4.968s][info ][safepoint    ] Leaving safepoint region
[4.968s][info ][safepoint    ] Total time for which application threads were stopped: 0.0002706 seconds, Stopping threads took: 0.0001088 seconds
[4.972s][info ][safepoint    ] Application time: 0.0042248 seconds
[4.972s][info ][safepoint    ] Entering safepoint region: Deoptimize
[4.973s][info ][safepoint    ] Leaving safepoint region
[4.973s][info ][safepoint    ] Total time for which application threads were stopped: 0.0007650 seconds, Stopping threads took: 0.0001148 seconds
[5.000s][info ][safepoint    ] Application time: 0.0273651 seconds
[5.000s][info ][safepoint    ] Entering safepoint region: RevokeBias
[5.000s][info ][safepoint    ] Leaving safepoint region
[5.000s][info ][safepoint    ] Total time for which application threads were stopped: 0.0002533 seconds, Stopping threads took: 0.0001396 seconds
[5.000s][info ][safepoint    ] Application time: 0.0001661 seconds
[5.001s][info ][safepoint    ] Entering safepoint region: RevokeBias
[5.001s][info ][safepoint    ] Leaving safepoint region
[5.001s][info ][safepoint    ] Total time for which application threads were stopped: 0.0003051 seconds, Stopping threads took: 0.0002240 seconds
[5.004s][info ][safepoint    ] Application time: 0.0030154 seconds
[5.004s][info ][safepoint    ] Entering safepoint region: RevokeBias
[5.004s][info ][safepoint    ] Leaving safepoint region
[5.004s][info ][safepoint    ] Total time for which application threads were stopped: 0.0006028 seconds, Stopping threads took: 0.0005068 seconds
[5.004s][info ][safepoint    ] Application time: 0.0000898 seconds
[5.005s][info ][safepoint    ] Entering safepoint region: RevokeBias
[5.005s][info ][safepoint    ] Leaving safepoint region
[5.005s][info ][safepoint    ] Total time for which application threads were stopped: 0.0000867 seconds, Stopping threads took: 0.0000340 seconds
[5.005s][info ][safepoint    ] Application time: 0.0000395 seconds
[5.005s][info ][safepoint    ] Entering safepoint region: RevokeBias
[5.005s][info ][safepoint    ] Leaving safepoint region
[5.005s][info ][safepoint    ] Total time for which application threads were stopped: 0.0000539 seconds, Stopping threads took: 0.0000050 seconds
[5.006s][info ][safepoint    ] Application time: 0.0010058 seconds
[5.006s][info ][safepoint    ] Entering safepoint region: RevokeBias
[5.006s][info ][safepoint    ] Leaving safepoint region
[5.006s][info ][safepoint    ] Total time for which application threads were stopped: 0.0001672 seconds, Stopping threads took: 0.0000913 seconds
[5.007s][info ][safepoint    ] Application time: 0.0010234 seconds
[5.008s][info ][safepoint    ] Entering safepoint region: RevokeBias
[5.008s][info ][safepoint    ] Leaving safepoint region
[5.008s][info ][safepoint    ] Total time for which application threads were stopped: 0.0012384 seconds, Stopping threads took: 0.0011539 seconds
[5.140s][info ][safepoint    ] Application time: 0.1315541 seconds
[5.140s][info ][safepoint    ] Entering safepoint region: Deoptimize
[5.141s][info ][safepoint    ] Leaving safepoint region
[5.141s][info ][safepoint    ] Total time for which application threads were stopped: 0.0008129 seconds, Stopping threads took: 0.0001340 seconds
[5.143s][info ][safepoint    ] Application time: 0.0026074 seconds
[5.143s][info ][safepoint    ] Entering safepoint region: Deoptimize
[5.145s][info ][safepoint    ] Leaving safepoint region
[5.145s][info ][safepoint    ] Total time for which application threads were stopped: 0.0017384 seconds, Stopping threads took: 0.0001403 seconds
[5.148s][info ][safepoint    ] Application time: 0.0026586 seconds
[5.151s][info ][safepoint    ] Entering safepoint region: RevokeBias
[5.151s][info ][safepoint    ] Leaving safepoint region
[5.151s][info ][safepoint    ] Total time for which application threads were stopped: 0.0032860 seconds, Stopping threads took: 0.0031594 seconds
[5.157s][info ][safepoint    ] Application time: 0.0065085 seconds
[5.158s][info ][safepoint    ] Entering safepoint region: RevokeBias
[5.158s][info ][safepoint    ] Leaving safepoint region
[5.158s][info ][safepoint    ] Total time for which application threads were stopped: 0.0005896 seconds, Stopping threads took: 0.0004399 seconds
[5.161s][info ][safepoint    ] Application time: 0.0027340 seconds
[5.161s][info ][safepoint    ] Entering safepoint region: GenCollectForAllocation
[5.161s][info ][safepoint    ] Leaving safepoint region
[5.161s][info ][safepoint    ] Total time for which application threads were stopped: 0.0002712 seconds, Stopping threads took: 0.0001305 seconds
[5.161s][info ][safepoint    ] Application time: 0.0001666 seconds
[5.161s][info ][safepoint    ] Entering safepoint region: GenCollectForAllocation
[5.162s][info ][gc,start     ] GC(3) Pause Young (Allocation Failure)
[5.162s][info ][gc,task      ] GC(3) Using 4 workers of 4 for evacuation
[5.239s][debug][gc,ref       ] GC(3) Skipped phase1 of Reference Processing due to unavailable references
[5.239s][debug][gc,ref       ] GC(3) Skipped phase3 of Reference Processing due to unavailable references
[5.239s][debug][gc,age       ] GC(3) Desired survivor size 15368192 bytes, new threshold 1 (max threshold 6)
[5.239s][info ][gc,heap      ] GC(3) ParNew: 270336K->28666K(270336K)
[5.239s][info ][gc,heap      ] GC(3) CMS: 41658K->73475K(600768K)
[5.239s][info ][gc,metaspace ] GC(3) Metaspace: 33883K->33883K(1079296K)
[5.239s][info ][gc           ] GC(3) Pause Young (Allocation Failure) 304M->99M(850M) 77.451ms
[5.239s][info ][gc,cpu       ] GC(3) User=0.28s Sys=0.01s Real=0.08s
[5.239s][info ][safepoint    ] Leaving safepoint region
[5.239s][info ][safepoint    ] Total time for which application threads were stopped: 0.0777198 seconds, Stopping threads took: 0.0000725 seconds
[5.241s][info ][safepoint    ] Application time: 0.0018876 seconds
[5.241s][info ][safepoint    ] Entering safepoint region: RevokeBias
[5.241s][info ][safepoint    ] Leaving safepoint region
[5.241s][info ][safepoint    ] Total time for which application threads were stopped: 0.0003320 seconds, Stopping threads took: 0.0002302 seconds
[5.241s][info ][safepoint    ] Application time: 0.0001177 seconds
[5.242s][info ][safepoint    ] Entering safepoint region: RevokeBias
[5.242s][info ][safepoint    ] Leaving safepoint region
[5.242s][info ][safepoint    ] Total time for which application threads were stopped: 0.0002600 seconds, Stopping threads took: 0.0001501 seconds
[5.242s][info ][safepoint    ] Application time: 0.0000541 seconds
[5.242s][info ][safepoint    ] Entering safepoint region: RevokeBias
[5.242s][info ][safepoint    ] Leaving safepoint region
[5.242s][info ][safepoint    ] Total time for which application threads were stopped: 0.0001185 seconds, Stopping threads took: 0.0000549 seconds
[5.245s][info ][safepoint    ] Application time: 0.0025799 seconds
[5.250s][info ][safepoint    ] Entering safepoint region: RevokeBias
[5.250s][info ][safepoint    ] Leaving safepoint region
[5.250s][info ][safepoint    ] Total time for which application threads were stopped: 0.0053492 seconds, Stopping threads took: 0.0052096 seconds
[5.250s][info ][safepoint    ] Application time: 0.0003005 seconds
[5.250s][info ][safepoint    ] Entering safepoint region: RevokeBias
[5.251s][info ][safepoint    ] Leaving safepoint region
[5.251s][info ][safepoint    ] Total time for which application threads were stopped: 0.0003093 seconds, Stopping threads took: 0.0001896 seconds
[5.290s][info ][safepoint    ] Application time: 0.0389930 seconds
[5.290s][info ][safepoint    ] Entering safepoint region: RevokeBias
[5.290s][info ][safepoint    ] Leaving safepoint region
[5.290s][info ][safepoint    ] Total time for which application threads were stopped: 0.0003598 seconds, Stopping threads took: 0.0001740 seconds
[5.351s][info ][safepoint    ] Application time: 0.0615549 seconds
[5.355s][info ][safepoint    ] Entering safepoint region: RevokeBias
[5.355s][info ][safepoint    ] Leaving safepoint region
[5.355s][info ][safepoint    ] Total time for which application threads were stopped: 0.0036714 seconds, Stopping threads took: 0.0034573 seconds
[5.356s][info ][safepoint    ] Application time: 0.0008815 seconds
[5.356s][info ][safepoint    ] Entering safepoint region: RevokeBias
[5.356s][info ][safepoint    ] Leaving safepoint region
[5.356s][info ][safepoint    ] Total time for which application threads were stopped: 0.0003798 seconds, Stopping threads took: 0.0002338 seconds
[5.367s][info ][safepoint    ] Application time: 0.0106920 seconds
[5.367s][info ][safepoint    ] Entering safepoint region: RevokeBias
[5.368s][info ][safepoint    ] Leaving safepoint region
[5.368s][info ][safepoint    ] Total time for which application threads were stopped: 0.0003475 seconds, Stopping threads took: 0.0002092 seconds
[5.392s][info ][safepoint    ] Application time: 0.0246504 seconds
[5.392s][info ][safepoint    ] Entering safepoint region: GenCollectForAllocation
[5.393s][info ][gc,start     ] GC(4) Pause Young (Allocation Failure)
[5.393s][info ][gc,task      ] GC(4) Using 4 workers of 4 for evacuation
[5.446s][debug][gc,ref       ] GC(4) Skipped phase1 of Reference Processing due to unavailable references
[5.446s][debug][gc,ref       ] GC(4) Skipped phase3 of Reference Processing due to unavailable references
[5.446s][debug][gc,age       ] GC(4) Desired survivor size 15368192 bytes, new threshold 6 (max threshold 6)
[5.446s][info ][gc,heap      ] GC(4) ParNew: 268986K->26569K(270336K)
[5.446s][info ][gc,heap      ] GC(4) CMS: 73475K->100492K(600768K)
[5.446s][info ][gc,metaspace ] GC(4) Metaspace: 35855K->35855K(1081344K)
[5.446s][info ][gc           ] GC(4) Pause Young (Allocation Failure) 334M->124M(850M) 53.458ms
[5.446s][info ][gc,cpu       ] GC(4) User=0.18s Sys=0.01s Real=0.05s
[5.446s][info ][safepoint    ] Leaving safepoint region
[5.446s][info ][safepoint    ] Total time for which application threads were stopped: 0.0538512 seconds, Stopping threads took: 0.0001948 seconds
[5.450s][info ][safepoint    ] Application time: 0.0040409 seconds
[5.450s][info ][safepoint    ] Entering safepoint region: RevokeBias
[5.451s][info ][safepoint    ] Leaving safepoint region
[5.451s][info ][safepoint    ] Total time for which application threads were stopped: 0.0003993 seconds, Stopping threads took: 0.0002691 seconds
[5.473s][info ][safepoint    ] Application time: 0.0227857 seconds
[5.474s][info ][safepoint    ] Entering safepoint region: RevokeBias
[5.474s][info ][safepoint    ] Leaving safepoint region
[5.474s][info ][safepoint    ] Total time for which application threads were stopped: 0.0002970 seconds, Stopping threads took: 0.0001705 seconds
[5.475s][info ][safepoint    ] Application time: 0.0017141 seconds
[5.476s][info ][safepoint    ] Entering safepoint region: RevokeBias
[5.476s][info ][safepoint    ] Leaving safepoint region
[5.476s][info ][safepoint    ] Total time for which application threads were stopped: 0.0002885 seconds, Stopping threads took: 0.0001748 seconds
[5.515s][info ][safepoint    ] Application time: 0.0390324 seconds
[5.515s][info ][safepoint    ] Entering safepoint region: Deoptimize
[5.516s][info ][safepoint    ] Leaving safepoint region
[5.516s][info ][safepoint    ] Total time for which application threads were stopped: 0.0009453 seconds, Stopping threads took: 0.0001860 seconds
[5.519s][info ][safepoint    ] Application time: 0.0028760 seconds
[5.519s][info ][safepoint    ] Entering safepoint region: GenCollectForAllocation
[5.519s][info ][gc,start     ] GC(5) Pause Young (Allocation Failure)
[5.519s][info ][gc,task      ] GC(5) Using 4 workers of 4 for evacuation
[5.532s][debug][gc,ref       ] GC(5) Skipped phase1 of Reference Processing due to unavailable references
[5.532s][debug][gc,ref       ] GC(5) Skipped phase3 of Reference Processing due to unavailable references
[5.532s][debug][gc,age       ] GC(5) Desired survivor size 15368192 bytes, new threshold 2 (max threshold 6)
[5.532s][info ][gc,heap      ] GC(5) ParNew: 266889K->22720K(270336K)
[5.532s][info ][gc,heap      ] GC(5) CMS: 100492K->100492K(600768K)
[5.532s][info ][gc,metaspace ] GC(5) Metaspace: 36407K->36407K(1081344K)
[5.532s][info ][gc           ] GC(5) Pause Young (Allocation Failure) 358M->120M(850M) 12.582ms
[5.532s][info ][gc,cpu       ] GC(5) User=0.06s Sys=0.00s Real=0.02s
[5.532s][info ][safepoint    ] Leaving safepoint region
[5.532s][info ][safepoint    ] Total time for which application threads were stopped: 0.0130390 seconds, Stopping threads took: 0.0001676 seconds
[5.548s][info ][safepoint    ] Application time: 0.0164737 seconds
[5.549s][info ][safepoint    ] Entering safepoint region: RevokeBias
[5.549s][info ][safepoint    ] Leaving safepoint region
[5.549s][info ][safepoint    ] Total time for which application threads were stopped: 0.0004063 seconds, Stopping threads took: 0.0002900 seconds
[5.551s][info ][safepoint    ] Application time: 0.0025117 seconds
[5.552s][info ][safepoint    ] Entering safepoint region: RevokeBias
[5.552s][info ][safepoint    ] Leaving safepoint region
[5.552s][info ][safepoint    ] Total time for which application threads were stopped: 0.0007045 seconds, Stopping threads took: 0.0005899 seconds
[5.554s][info ][safepoint    ] Application time: 0.0021703 seconds
[5.554s][info ][safepoint    ] Entering safepoint region: Deoptimize
[5.555s][info ][safepoint    ] Leaving safepoint region
[5.555s][info ][safepoint    ] Total time for which application threads were stopped: 0.0008985 seconds, Stopping threads took: 0.0002120 seconds
[5.557s][info ][safepoint    ] Application time: 0.0019831 seconds
[5.557s][info ][safepoint    ] Entering safepoint region: RevokeBias
[5.557s][info ][safepoint    ] Leaving safepoint region
[5.557s][info ][safepoint    ] Total time for which application threads were stopped: 0.0003066 seconds, Stopping threads took: 0.0001764 seconds
[5.561s][info ][safepoint    ] Application time: 0.0038279 seconds
[5.561s][info ][safepoint    ] Entering safepoint region: RevokeBias
[5.562s][info ][safepoint    ] Leaving safepoint region
[5.562s][info ][safepoint    ] Total time for which application threads were stopped: 0.0004294 seconds, Stopping threads took: 0.0002771 seconds
[5.566s][info ][safepoint    ] Application time: 0.0039290 seconds
[5.566s][info ][safepoint    ] Entering safepoint region: RevokeBias
[5.566s][info ][safepoint    ] Leaving safepoint region
[5.566s][info ][safepoint    ] Total time for which application threads were stopped: 0.0003613 seconds, Stopping threads took: 0.0001678 seconds
[5.656s][info ][safepoint    ] Application time: 0.0899464 seconds
[5.659s][info ][safepoint    ] Entering safepoint region: GenCollectForAllocation
[5.659s][info ][gc,start     ] GC(6) Pause Young (Allocation Failure)
[5.659s][info ][gc,task      ] GC(6) Using 4 workers of 4 for evacuation
[5.679s][debug][gc,ref       ] GC(6) Skipped phase1 of Reference Processing due to unavailable references
[5.679s][debug][gc,ref       ] GC(6) Skipped phase3 of Reference Processing due to unavailable references
[5.679s][debug][gc,age       ] GC(6) Desired survivor size 15368192 bytes, new threshold 6 (max threshold 6)
[5.679s][info ][gc,heap      ] GC(6) ParNew: 263040K->19603K(270336K)
[5.679s][info ][gc,heap      ] GC(6) CMS: 100492K->110293K(600768K)
[5.679s][info ][gc,metaspace ] GC(6) Metaspace: 36608K->36608K(1081344K)
[5.679s][info ][gc           ] GC(6) Pause Young (Allocation Failure) 355M->126M(850M) 20.201ms
[5.679s][info ][gc,cpu       ] GC(6) User=0.09s Sys=0.01s Real=0.02s
[5.680s][info ][safepoint    ] Leaving safepoint region
[5.680s][info ][safepoint    ] Total time for which application threads were stopped: 0.0236013 seconds, Stopping threads took: 0.0032213 seconds
[5.821s][info ][safepoint    ] Application time: 0.1417261 seconds
[5.821s][info ][safepoint    ] Entering safepoint region: GenCollectForAllocation
[5.822s][info ][gc,start     ] GC(7) Pause Young (Allocation Failure)
[5.822s][info ][gc,task      ] GC(7) Using 4 workers of 4 for evacuation
[5.828s][debug][gc,ref       ] GC(7) Skipped phase1 of Reference Processing due to unavailable references
[5.828s][debug][gc,ref       ] GC(7) Skipped phase3 of Reference Processing due to unavailable references
[5.828s][debug][gc,age       ] GC(7) Desired survivor size 15368192 bytes, new threshold 6 (max threshold 6)
[5.828s][info ][gc,heap      ] GC(7) ParNew: 259923K->11943K(270336K)
[5.828s][info ][gc,heap      ] GC(7) CMS: 110293K->110293K(600768K)
[5.828s][info ][gc,metaspace ] GC(7) Metaspace: 36615K->36615K(1081344K)
[5.828s][info ][gc           ] GC(7) Pause Young (Allocation Failure) 361M->119M(850M) 6.383ms
[5.828s][info ][gc,cpu       ] GC(7) User=0.03s Sys=0.00s Real=0.01s
[5.828s][info ][safepoint    ] Leaving safepoint region
[5.828s][info ][safepoint    ] Total time for which application threads were stopped: 0.0067081 seconds, Stopping threads took: 0.0001428 seconds
[5.909s][info ][safepoint    ] Application time: 0.0812357 seconds
[5.909s][info ][safepoint    ] Entering safepoint region: GenCollectForAllocation
[5.910s][info ][gc,start     ] GC(8) Pause Young (Allocation Failure)
[5.910s][info ][gc,task      ] GC(8) Using 4 workers of 4 for evacuation
[5.917s][debug][gc,ref       ] GC(8) Skipped phase1 of Reference Processing due to unavailable references
[5.917s][debug][gc,ref       ] GC(8) Skipped phase3 of Reference Processing due to unavailable references
[5.917s][debug][gc,age       ] GC(8) Desired survivor size 15368192 bytes, new threshold 6 (max threshold 6)
[5.917s][info ][gc,heap      ] GC(8) ParNew: 252263K->11682K(270336K)
[5.917s][info ][gc,heap      ] GC(8) CMS: 110293K->110293K(600768K)
[5.917s][info ][gc,metaspace ] GC(8) Metaspace: 36615K->36615K(1081344K)
[5.917s][info ][gc           ] GC(8) Pause Young (Allocation Failure) 354M->119M(850M) 7.419ms
[5.917s][info ][gc,cpu       ] GC(8) User=0.03s Sys=0.00s Real=0.01s
[5.917s][info ][safepoint    ] Leaving safepoint region
[5.917s][info ][safepoint    ] Total time for which application threads were stopped: 0.0077095 seconds, Stopping threads took: 0.0000921 seconds
[5.979s][info ][safepoint    ] Application time: 0.0623539 seconds
[5.979s][info ][safepoint    ] Entering safepoint region: GenCollectForAllocation
[5.980s][info ][gc,start     ] GC(9) Pause Young (Allocation Failure)
[5.980s][info ][gc,task      ] GC(9) Using 4 workers of 4 for evacuation
[5.986s][debug][gc,ref       ] GC(9) Skipped phase1 of Reference Processing due to unavailable references
[5.986s][debug][gc,ref       ] GC(9) Skipped phase3 of Reference Processing due to unavailable references
[5.986s][debug][gc,age       ] GC(9) Desired survivor size 15368192 bytes, new threshold 6 (max threshold 6)
[5.986s][info ][gc,heap      ] GC(9) ParNew: 252002K->11656K(270336K)
[5.986s][info ][gc,heap      ] GC(9) CMS: 110293K->110293K(600768K)
[5.986s][info ][gc,metaspace ] GC(9) Metaspace: 36615K->36615K(1081344K)
[5.986s][info ][gc           ] GC(9) Pause Young (Allocation Failure) 353M->119M(850M) 6.479ms
[5.986s][info ][gc,cpu       ] GC(9) User=0.02s Sys=0.00s Real=0.01s
[5.986s][info ][safepoint    ] Leaving safepoint region
[5.986s][info ][safepoint    ] Total time for which application threads were stopped: 0.0068226 seconds, Stopping threads took: 0.0001601 seconds
[6.026s][info ][safepoint    ] Application time: 0.0394724 seconds
[6.026s][info ][safepoint    ] Entering safepoint region: GenCollectForAllocation
[6.026s][info ][gc,start     ] GC(10) Pause Young (Allocation Failure)
[6.026s][info ][gc,task      ] GC(10) Using 4 workers of 4 for evacuation
[6.033s][debug][gc,ref       ] GC(10) Skipped phase1 of Reference Processing due to unavailable references
[6.033s][debug][gc,ref       ] GC(10) Skipped phase3 of Reference Processing due to unavailable references
[6.033s][debug][gc,age       ] GC(10) Desired survivor size 15368192 bytes, new threshold 6 (max threshold 6)
[6.033s][info ][gc,heap      ] GC(10) ParNew: 251976K->11703K(270336K)
[6.033s][info ][gc,heap      ] GC(10) CMS: 110293K->110293K(600768K)
[6.033s][info ][gc,metaspace ] GC(10) Metaspace: 36615K->36615K(1081344K)
[6.033s][info ][gc           ] GC(10) Pause Young (Allocation Failure) 353M->119M(850M) 7.448ms
[6.033s][info ][gc,cpu       ] GC(10) User=0.03s Sys=0.00s Real=0.01s
[6.033s][info ][safepoint    ] Leaving safepoint region
[6.033s][info ][safepoint    ] Total time for which application threads were stopped: 0.0077933 seconds, Stopping threads took: 0.0001372 seconds
[6.098s][info ][safepoint    ] Application time: 0.0644881 seconds
[6.101s][info ][safepoint    ] Entering safepoint region: GenCollectForAllocation
[6.101s][info ][gc,start     ] GC(11) Pause Young (Allocation Failure)
[6.101s][info ][gc,task      ] GC(11) Using 4 workers of 4 for evacuation
[6.111s][debug][gc,ref       ] GC(11) Skipped phase1 of Reference Processing due to unavailable references
[6.111s][debug][gc,ref       ] GC(11) Skipped phase3 of Reference Processing due to unavailable references
[6.111s][debug][gc,ref       ] GC(11) Skipped phase4 of Reference Processing due to unavailable references
[6.111s][debug][gc,age       ] GC(11) Desired survivor size 15368192 bytes, new threshold 6 (max threshold 6)
[6.111s][info ][gc,heap      ] GC(11) ParNew: 252023K->6238K(270336K)
[6.111s][info ][gc,heap      ] GC(11) CMS: 110293K->117519K(600768K)
[6.111s][info ][gc,metaspace ] GC(11) Metaspace: 36615K->36615K(1081344K)
[6.111s][info ][gc           ] GC(11) Pause Young (Allocation Failure) 353M->120M(850M) 9.666ms
[6.111s][info ][gc,cpu       ] GC(11) User=0.03s Sys=0.00s Real=0.01s
[6.111s][info ][safepoint    ] Leaving safepoint region
[6.111s][info ][safepoint    ] Total time for which application threads were stopped: 0.0129526 seconds, Stopping threads took: 0.0030773 seconds
[6.159s][info ][safepoint    ] Application time: 0.0479074 seconds
[6.159s][info ][safepoint    ] Entering safepoint region: GenCollectForAllocation
[6.159s][info ][gc,start     ] GC(12) Pause Young (Allocation Failure)
[6.159s][info ][gc,task      ] GC(12) Using 4 workers of 4 for evacuation
[6.163s][debug][gc,ref       ] GC(12) Skipped phase1 of Reference Processing due to unavailable references
[6.164s][debug][gc,ref       ] GC(12) Skipped phase2 of Reference Processing due to unavailable references
[6.164s][debug][gc,ref       ] GC(12) Skipped phase3 of Reference Processing due to unavailable references
[6.164s][debug][gc,ref       ] GC(12) Skipped phase4 of Reference Processing due to unavailable references
[6.164s][debug][gc,age       ] GC(12) Desired survivor size 15368192 bytes, new threshold 6 (max threshold 6)
[6.164s][info ][gc,heap      ] GC(12) ParNew: 246558K->1934K(270336K)
[6.164s][info ][gc,heap      ] GC(12) CMS: 117519K->118549K(600768K)
[6.164s][info ][gc,metaspace ] GC(12) Metaspace: 36616K->36616K(1081344K)
[6.164s][info ][gc           ] GC(12) Pause Young (Allocation Failure) 355M->117M(850M) 4.322ms
[6.164s][info ][gc,cpu       ] GC(12) User=0.01s Sys=0.00s Real=0.01s
[6.164s][info ][safepoint    ] Leaving safepoint region
[6.164s][info ][safepoint    ] Total time for which application threads were stopped: 0.0047961 seconds, Stopping threads took: 0.0002109 seconds
[6.231s][info ][safepoint    ] Application time: 0.0674394 seconds
[6.231s][info ][safepoint    ] Entering safepoint region: GenCollectForAllocation
[6.231s][info ][gc,start     ] GC(13) Pause Young (Allocation Failure)
[6.231s][info ][gc,task      ] GC(13) Using 4 workers of 4 for evacuation
[6.234s][debug][gc,ref       ] GC(13) Skipped phase1 of Reference Processing due to unavailable references
[6.234s][debug][gc,ref       ] GC(13) Skipped phase2 of Reference Processing due to unavailable references
[6.234s][debug][gc,ref       ] GC(13) Skipped phase3 of Reference Processing due to unavailable references
[6.234s][debug][gc,ref       ] GC(13) Skipped phase4 of Reference Processing due to unavailable references
[6.234s][debug][gc,age       ] GC(13) Desired survivor size 15368192 bytes, new threshold 6 (max threshold 6)
[6.234s][info ][gc,heap      ] GC(13) ParNew: 242254K->625K(270336K)
[6.234s][info ][gc,heap      ] GC(13) CMS: 118549K->118823K(600768K)
[6.234s][info ][gc,metaspace ] GC(13) Metaspace: 36616K->36616K(1081344K)
[6.234s][info ][gc           ] GC(13) Pause Young (Allocation Failure) 352M->116M(850M) 2.497ms
[6.234s][info ][gc,cpu       ] GC(13) User=0.01s Sys=0.00s Real=0.00s
[6.234s][info ][safepoint    ] Leaving safepoint region
[6.234s][info ][safepoint    ] Total time for which application threads were stopped: 0.0027552 seconds, Stopping threads took: 0.0000794 seconds
[6.281s][info ][safepoint    ] Application time: 0.0467590 seconds
[6.281s][info ][safepoint    ] Entering safepoint region: GenCollectForAllocation
[6.281s][info ][gc,start     ] GC(14) Pause Young (Allocation Failure)
[6.281s][info ][gc,task      ] GC(14) Using 4 workers of 4 for evacuation
[6.283s][debug][gc,ref       ] GC(14) Skipped phase1 of Reference Processing due to unavailable references
[6.283s][debug][gc,ref       ] GC(14) Skipped phase2 of Reference Processing due to unavailable references
[6.283s][debug][gc,ref       ] GC(14) Skipped phase3 of Reference Processing due to unavailable references
[6.283s][debug][gc,ref       ] GC(14) Skipped phase4 of Reference Processing due to unavailable references
[6.284s][debug][gc,age       ] GC(14) Desired survivor size 15368192 bytes, new threshold 6 (max threshold 6)
[6.284s][info ][gc,heap      ] GC(14) ParNew: 240945K->584K(270336K)
[6.284s][info ][gc,heap      ] GC(14) CMS: 118823K->118864K(600768K)
[6.284s][info ][gc,metaspace ] GC(14) Metaspace: 36616K->36616K(1081344K)
[6.284s][info ][gc           ] GC(14) Pause Young (Allocation Failure) 351M->116M(850M) 2.453ms
[6.284s][info ][gc,cpu       ] GC(14) User=0.01s Sys=0.00s Real=0.01s
[6.284s][info ][safepoint    ] Leaving safepoint region
[6.284s][info ][safepoint    ] Total time for which application threads were stopped: 0.0028348 seconds, Stopping threads took: 0.0001922 seconds
[6.329s][info ][safepoint    ] Application time: 0.0456132 seconds
[6.329s][info ][safepoint    ] Entering safepoint region: GenCollectForAllocation
[6.330s][info ][gc,start     ] GC(15) Pause Young (Allocation Failure)
[6.330s][info ][gc,task      ] GC(15) Using 4 workers of 4 for evacuation
[6.332s][debug][gc,ref       ] GC(15) Skipped phase1 of Reference Processing due to unavailable references
[6.332s][debug][gc,ref       ] GC(15) Skipped phase2 of Reference Processing due to unavailable references
[6.332s][debug][gc,ref       ] GC(15) Skipped phase3 of Reference Processing due to unavailable references
[6.332s][debug][gc,ref       ] GC(15) Skipped phase4 of Reference Processing due to unavailable references
[6.332s][debug][gc,age       ] GC(15) Desired survivor size 15368192 bytes, new threshold 6 (max threshold 6)
[6.332s][info ][gc,heap      ] GC(15) ParNew: 240904K->523K(270336K)
[6.332s][info ][gc,heap      ] GC(15) CMS: 118864K->118904K(600768K)
[6.332s][info ][gc,metaspace ] GC(15) Metaspace: 36616K->36616K(1081344K)
[6.332s][info ][gc           ] GC(15) Pause Young (Allocation Failure) 351M->116M(850M) 2.625ms
[6.332s][info ][gc,cpu       ] GC(15) User=0.01s Sys=0.00s Real=0.01s
[6.332s][info ][safepoint    ] Leaving safepoint region
[6.332s][info ][safepoint    ] Total time for which application threads were stopped: 0.0030330 seconds, Stopping threads took: 0.0002293 seconds
[6.406s][info ][safepoint    ] Application time: 0.0732873 seconds
[6.407s][info ][safepoint    ] Entering safepoint region: GenCollectForAllocation
[6.407s][info ][gc,start     ] GC(16) Pause Young (Allocation Failure)
[6.408s][info ][gc,task      ] GC(16) Using 4 workers of 4 for evacuation
[6.409s][debug][gc,ref       ] GC(16) Skipped phase1 of Reference Processing due to unavailable references
[6.409s][debug][gc,ref       ] GC(16) Skipped phase2 of Reference Processing due to unavailable references
[6.409s][debug][gc,ref       ] GC(16) Skipped phase3 of Reference Processing due to unavailable references
[6.409s][debug][gc,ref       ] GC(16) Skipped phase4 of Reference Processing due to unavailable references
[6.409s][debug][gc,age       ] GC(16) Desired survivor size 15368192 bytes, new threshold 6 (max threshold 6)
[6.409s][info ][gc,heap      ] GC(16) ParNew: 240843K->511K(270336K)
[6.409s][info ][gc,heap      ] GC(16) CMS: 118904K->118947K(600768K)
[6.409s][info ][gc,metaspace ] GC(16) Metaspace: 36616K->36616K(1081344K)
[6.409s][info ][gc           ] GC(16) Pause Young (Allocation Failure) 351M->116M(850M) 1.997ms
[6.410s][info ][gc,cpu       ] GC(16) User=0.00s Sys=0.01s Real=0.00s
[6.410s][info ][safepoint    ] Leaving safepoint region
[6.410s][info ][safepoint    ] Total time for which application threads were stopped: 0.0039682 seconds, Stopping threads took: 0.0016860 seconds
[6.453s][info ][safepoint    ] Application time: 0.0436286 seconds
[6.453s][info ][safepoint    ] Entering safepoint region: GenCollectForAllocation
[6.454s][info ][gc,start     ] GC(17) Pause Young (Allocation Failure)
[6.454s][info ][gc,task      ] GC(17) Using 4 workers of 4 for evacuation
[6.456s][debug][gc,ref       ] GC(17) Skipped phase1 of Reference Processing due to unavailable references
[6.456s][debug][gc,ref       ] GC(17) Skipped phase2 of Reference Processing due to unavailable references
[6.456s][debug][gc,ref       ] GC(17) Skipped phase3 of Reference Processing due to unavailable references
[6.456s][debug][gc,ref       ] GC(17) Skipped phase4 of Reference Processing due to unavailable references
[6.456s][debug][gc,age       ] GC(17) Desired survivor size 15368192 bytes, new threshold 6 (max threshold 6)
[6.456s][info ][gc,heap      ] GC(17) ParNew: 240831K->618K(270336K)
[6.456s][info ][gc,heap      ] GC(17) CMS: 118947K->118992K(600768K)
[6.456s][info ][gc,metaspace ] GC(17) Metaspace: 36616K->36616K(1081344K)
[6.456s][info ][gc           ] GC(17) Pause Young (Allocation Failure) 351M->116M(850M) 2.081ms
[6.456s][info ][gc,cpu       ] GC(17) User=0.01s Sys=0.00s Real=0.00s
[6.456s][info ][safepoint    ] Leaving safepoint region
[6.456s][info ][safepoint    ] Total time for which application threads were stopped: 0.0024645 seconds, Stopping threads took: 0.0001831 seconds
[6.518s][info ][safepoint    ] Application time: 0.0619200 seconds
[6.521s][info ][safepoint    ] Entering safepoint region: GenCollectForAllocation
[6.521s][info ][gc,start     ] GC(18) Pause Young (Allocation Failure)
[6.521s][info ][gc,task      ] GC(18) Using 4 workers of 4 for evacuation
[6.523s][debug][gc,ref       ] GC(18) Skipped phase1 of Reference Processing due to unavailable references
[6.523s][debug][gc,ref       ] GC(18) Skipped phase2 of Reference Processing due to unavailable references
[6.523s][debug][gc,ref       ] GC(18) Skipped phase3 of Reference Processing due to unavailable references
[6.523s][debug][gc,ref       ] GC(18) Skipped phase4 of Reference Processing due to unavailable references
[6.523s][debug][gc,age       ] GC(18) Desired survivor size 15368192 bytes, new threshold 6 (max threshold 6)
[6.523s][info ][gc,heap      ] GC(18) ParNew: 240938K->448K(270336K)
[6.523s][info ][gc,heap      ] GC(18) CMS: 118992K->119029K(600768K)
[6.523s][info ][gc,metaspace ] GC(18) Metaspace: 36616K->36616K(1081344K)
[6.523s][info ][gc           ] GC(18) Pause Young (Allocation Failure) 351M->116M(850M) 1.997ms
[6.523s][info ][gc,cpu       ] GC(18) User=0.01s Sys=0.00s Real=0.01s
[6.523s][info ][safepoint    ] Leaving safepoint region
[6.523s][info ][safepoint    ] Total time for which application threads were stopped: 0.0055307 seconds, Stopping threads took: 0.0033531 seconds
[6.586s][info ][safepoint    ] Application time: 0.0627510 seconds
[6.586s][info ][safepoint    ] Entering safepoint region: GenCollectForAllocation
[6.587s][info ][gc,start     ] GC(19) Pause Young (Allocation Failure)
[6.587s][info ][gc,task      ] GC(19) Using 4 workers of 4 for evacuation
[6.589s][debug][gc,ref       ] GC(19) Skipped phase1 of Reference Processing due to unavailable references
[6.589s][debug][gc,ref       ] GC(19) Skipped phase2 of Reference Processing due to unavailable references
[6.589s][debug][gc,ref       ] GC(19) Skipped phase3 of Reference Processing due to unavailable references
[6.589s][debug][gc,ref       ] GC(19) Skipped phase4 of Reference Processing due to unavailable references
[6.589s][debug][gc,age       ] GC(19) Desired survivor size 15368192 bytes, new threshold 6 (max threshold 6)
[6.589s][info ][gc,heap      ] GC(19) ParNew: 240768K->488K(270336K)
[6.589s][info ][gc,heap      ] GC(19) CMS: 119029K->119097K(600768K)
[6.589s][info ][gc,metaspace ] GC(19) Metaspace: 36616K->36616K(1081344K)
[6.589s][info ][gc           ] GC(19) Pause Young (Allocation Failure) 351M->116M(850M) 2.123ms
[6.589s][info ][gc,cpu       ] GC(19) User=0.00s Sys=0.00s Real=0.00s
[6.589s][info ][safepoint    ] Leaving safepoint region
[6.589s][info ][safepoint    ] Total time for which application threads were stopped: 0.0027987 seconds, Stopping threads took: 0.0004955 seconds
[6.641s][info ][safepoint    ] Application time: 0.0526458 seconds
[6.642s][info ][safepoint    ] Entering safepoint region: GenCollectForAllocation
[6.642s][info ][gc,start     ] GC(20) Pause Young (Allocation Failure)
[6.642s][info ][gc,task      ] GC(20) Using 4 workers of 4 for evacuation
[6.645s][debug][gc,ref       ] GC(20) Skipped phase1 of Reference Processing due to unavailable references
[6.645s][debug][gc,ref       ] GC(20) Skipped phase2 of Reference Processing due to unavailable references
[6.645s][debug][gc,ref       ] GC(20) Skipped phase3 of Reference Processing due to unavailable references
[6.645s][debug][gc,ref       ] GC(20) Skipped phase4 of Reference Processing due to unavailable references
[6.645s][debug][gc,age       ] GC(20) Desired survivor size 15368192 bytes, new threshold 6 (max threshold 6)
[6.645s][info ][gc,heap      ] GC(20) ParNew: 240808K->513K(270336K)
[6.645s][info ][gc,heap      ] GC(20) CMS: 119097K->119118K(600768K)
[6.645s][info ][gc,metaspace ] GC(20) Metaspace: 36616K->36616K(1081344K)
[6.645s][info ][gc           ] GC(20) Pause Young (Allocation Failure) 351M->116M(850M) 2.998ms
[6.645s][info ][gc,cpu       ] GC(20) User=0.01s Sys=0.00s Real=0.01s
[6.645s][info ][safepoint    ] Leaving safepoint region
[6.645s][info ][safepoint    ] Total time for which application threads were stopped: 0.0034911 seconds, Stopping threads took: 0.0003083 seconds
[6.707s][info ][safepoint    ] Application time: 0.0617844 seconds
[6.707s][info ][safepoint    ] Entering safepoint region: GenCollectForAllocation
[6.707s][info ][gc,start     ] GC(21) Pause Young (Allocation Failure)
[6.707s][info ][gc,task      ] GC(21) Using 4 workers of 4 for evacuation
[6.710s][debug][gc,ref       ] GC(21) Skipped phase1 of Reference Processing due to unavailable references
[6.710s][debug][gc,ref       ] GC(21) Skipped phase2 of Reference Processing due to unavailable references
[6.710s][debug][gc,ref       ] GC(21) Skipped phase3 of Reference Processing due to unavailable references
[6.710s][debug][gc,ref       ] GC(21) Skipped phase4 of Reference Processing due to unavailable references
[6.710s][debug][gc,age       ] GC(21) Desired survivor size 15368192 bytes, new threshold 6 (max threshold 6)
[6.710s][info ][gc,heap      ] GC(21) ParNew: 240833K->522K(270336K)
[6.710s][info ][gc,heap      ] GC(21) CMS: 119118K->119149K(600768K)
[6.710s][info ][gc,metaspace ] GC(21) Metaspace: 36616K->36616K(1081344K)
[6.710s][info ][gc           ] GC(21) Pause Young (Allocation Failure) 351M->116M(850M) 2.860ms
[6.710s][info ][gc,cpu       ] GC(21) User=0.00s Sys=0.00s Real=0.00s
[6.710s][info ][safepoint    ] Leaving safepoint region
[6.710s][info ][safepoint    ] Total time for which application threads were stopped: 0.0034387 seconds, Stopping threads took: 0.0003991 seconds
[6.758s][info ][safepoint    ] Application time: 0.0481423 seconds
[6.759s][info ][safepoint    ] Entering safepoint region: GenCollectForAllocation
[6.759s][info ][gc,start     ] GC(22) Pause Young (Allocation Failure)
[6.759s][info ][gc,task      ] GC(22) Using 4 workers of 4 for evacuation
[6.761s][debug][gc,ref       ] GC(22) Skipped phase1 of Reference Processing due to unavailable references
[6.761s][debug][gc,ref       ] GC(22) Skipped phase2 of Reference Processing due to unavailable references
[6.761s][debug][gc,ref       ] GC(22) Skipped phase3 of Reference Processing due to unavailable references
[6.761s][debug][gc,ref       ] GC(22) Skipped phase4 of Reference Processing due to unavailable references
[6.761s][debug][gc,age       ] GC(22) Desired survivor size 15368192 bytes, new threshold 6 (max threshold 6)
[6.761s][info ][gc,heap      ] GC(22) ParNew: 240842K->552K(270336K)
[6.761s][info ][gc,heap      ] GC(22) CMS: 119149K->119218K(600768K)
[6.761s][info ][gc,metaspace ] GC(22) Metaspace: 36616K->36616K(1081344K)
[6.761s][info ][gc           ] GC(22) Pause Young (Allocation Failure) 351M->116M(850M) 2.048ms
[6.761s][info ][gc,cpu       ] GC(22) User=0.01s Sys=0.00s Real=0.00s
[6.761s][info ][safepoint    ] Leaving safepoint region
[6.761s][info ][safepoint    ] Total time for which application threads were stopped: 0.0023631 seconds, Stopping threads took: 0.0001406 seconds
[6.808s][info ][safepoint    ] Application time: 0.0472126 seconds
[6.808s][info ][safepoint    ] Entering safepoint region: GenCollectForAllocation
[6.808s][info ][gc,start     ] GC(23) Pause Young (Allocation Failure)
[6.808s][info ][gc,task      ] GC(23) Using 4 workers of 4 for evacuation
[6.811s][debug][gc,ref       ] GC(23) Skipped phase1 of Reference Processing due to unavailable references
[6.811s][debug][gc,ref       ] GC(23) Skipped phase2 of Reference Processing due to unavailable references
[6.811s][debug][gc,ref       ] GC(23) Skipped phase3 of Reference Processing due to unavailable references
[6.811s][debug][gc,ref       ] GC(23) Skipped phase4 of Reference Processing due to unavailable references
[6.811s][debug][gc,age       ] GC(23) Desired survivor size 15368192 bytes, new threshold 6 (max threshold 6)
[6.811s][info ][gc,heap      ] GC(23) ParNew: 240872K->447K(270336K)
[6.811s][info ][gc,heap      ] GC(23) CMS: 119218K->119236K(600768K)
[6.811s][info ][gc,metaspace ] GC(23) Metaspace: 36616K->36616K(1081344K)
[6.811s][info ][gc           ] GC(23) Pause Young (Allocation Failure) 351M->116M(850M) 2.248ms
[6.811s][info ][gc,cpu       ] GC(23) User=0.01s Sys=0.00s Real=0.00s
[6.811s][info ][safepoint    ] Leaving safepoint region
[6.811s][info ][safepoint    ] Total time for which application threads were stopped: 0.0026884 seconds, Stopping threads took: 0.0002441 seconds
[6.883s][info ][safepoint    ] Application time: 0.0717633 seconds
[6.883s][info ][safepoint    ] Entering safepoint region: GenCollectForAllocation
[6.883s][info ][gc,start     ] GC(24) Pause Young (Allocation Failure)
[6.883s][info ][gc,task      ] GC(24) Using 4 workers of 4 for evacuation
[6.885s][debug][gc,ref       ] GC(24) Skipped phase1 of Reference Processing due to unavailable references
[6.885s][debug][gc,ref       ] GC(24) Skipped phase2 of Reference Processing due to unavailable references
[6.885s][debug][gc,ref       ] GC(24) Skipped phase3 of Reference Processing due to unavailable references
[6.885s][debug][gc,ref       ] GC(24) Skipped phase4 of Reference Processing due to unavailable references
[6.886s][debug][gc,age       ] GC(24) Desired survivor size 15368192 bytes, new threshold 6 (max threshold 6)
[6.886s][info ][gc,heap      ] GC(24) ParNew: 240767K->616K(270336K)
[6.886s][info ][gc,heap      ] GC(24) CMS: 119236K->119285K(600768K)
[6.886s][info ][gc,metaspace ] GC(24) Metaspace: 36617K->36617K(1081344K)
[6.886s][info ][gc           ] GC(24) Pause Young (Allocation Failure) 351M->117M(850M) 2.899ms
[6.886s][info ][gc,cpu       ] GC(24) User=0.01s Sys=0.00s Real=0.01s
[6.886s][info ][safepoint    ] Leaving safepoint region
[6.886s][info ][safepoint    ] Total time for which application threads were stopped: 0.0033339 seconds, Stopping threads took: 0.0002397 seconds
[6.932s][info ][safepoint    ] Application time: 0.0456107 seconds
[6.932s][info ][safepoint    ] Entering safepoint region: GenCollectForAllocation
[6.932s][info ][gc,start     ] GC(25) Pause Young (Allocation Failure)
[6.932s][info ][gc,task      ] GC(25) Using 4 workers of 4 for evacuation
[6.934s][debug][gc,ref       ] GC(25) Skipped phase1 of Reference Processing due to unavailable references
[6.934s][debug][gc,ref       ] GC(25) Skipped phase2 of Reference Processing due to unavailable references
[6.934s][debug][gc,ref       ] GC(25) Skipped phase3 of Reference Processing due to unavailable references
[6.934s][debug][gc,ref       ] GC(25) Skipped phase4 of Reference Processing due to unavailable references
[6.934s][debug][gc,age       ] GC(25) Desired survivor size 15368192 bytes, new threshold 6 (max threshold 6)
[6.934s][info ][gc,heap      ] GC(25) ParNew: 240936K->471K(270336K)
[6.934s][info ][gc,heap      ] GC(25) CMS: 119285K->119345K(600768K)
[6.934s][info ][gc,metaspace ] GC(25) Metaspace: 36617K->36617K(1081344K)
[6.934s][info ][gc           ] GC(25) Pause Young (Allocation Failure) 351M->117M(850M) 2.189ms
[6.934s][info ][gc,cpu       ] GC(25) User=0.01s Sys=0.00s Real=0.00s
[6.934s][info ][safepoint    ] Leaving safepoint region
[6.934s][info ][safepoint    ] Total time for which application threads were stopped: 0.0028047 seconds, Stopping threads took: 0.0003745 seconds
[6.997s][info ][safepoint    ] Application time: 0.0624711 seconds
[7.010s][info ][safepoint    ] Entering safepoint region: GenCollectForAllocation
[7.010s][info ][gc,start     ] GC(26) Pause Young (Allocation Failure)
[7.010s][info ][gc,task      ] GC(26) Using 4 workers of 4 for evacuation
[7.012s][debug][gc,ref       ] GC(26) Skipped phase1 of Reference Processing due to unavailable references
[7.012s][debug][gc,ref       ] GC(26) Skipped phase2 of Reference Processing due to unavailable references
[7.012s][debug][gc,ref       ] GC(26) Skipped phase3 of Reference Processing due to unavailable references
[7.012s][debug][gc,ref       ] GC(26) Skipped phase4 of Reference Processing due to unavailable references
[7.012s][debug][gc,age       ] GC(26) Desired survivor size 15368192 bytes, new threshold 6 (max threshold 6)
[7.012s][info ][gc,heap      ] GC(26) ParNew: 240791K->549K(270336K)
[7.012s][info ][gc,heap      ] GC(26) CMS: 119345K->119368K(600768K)
[7.012s][info ][gc,metaspace ] GC(26) Metaspace: 36617K->36617K(1081344K)
[7.012s][info ][gc           ] GC(26) Pause Young (Allocation Failure) 351M->117M(850M) 1.980ms
[7.012s][info ][gc,cpu       ] GC(26) User=0.01s Sys=0.00s Real=0.01s
[7.012s][info ][safepoint    ] Leaving safepoint region
[7.012s][info ][safepoint    ] Total time for which application threads were stopped: 0.0152674 seconds, Stopping threads took: 0.0130520 seconds
[7.070s][info ][safepoint    ] Application time: 0.0583132 seconds
[7.071s][info ][safepoint    ] Entering safepoint region: GenCollectForAllocation
[7.071s][info ][gc,start     ] GC(27) Pause Young (Allocation Failure)
[7.071s][info ][gc,task      ] GC(27) Using 4 workers of 4 for evacuation
[7.073s][debug][gc,ref       ] GC(27) Skipped phase1 of Reference Processing due to unavailable references
[7.073s][debug][gc,ref       ] GC(27) Skipped phase2 of Reference Processing due to unavailable references
[7.073s][debug][gc,ref       ] GC(27) Skipped phase3 of Reference Processing due to unavailable references
[7.073s][debug][gc,ref       ] GC(27) Skipped phase4 of Reference Processing due to unavailable references
[7.073s][debug][gc,age       ] GC(27) Desired survivor size 15368192 bytes, new threshold 6 (max threshold 6)
[7.073s][info ][gc,heap      ] GC(27) ParNew: 240869K->551K(270336K)
[7.073s][info ][gc,heap      ] GC(27) CMS: 119368K->119446K(600768K)
[7.073s][info ][gc,metaspace ] GC(27) Metaspace: 36617K->36617K(1081344K)
[7.073s][info ][gc           ] GC(27) Pause Young (Allocation Failure) 351M->117M(850M) 2.083ms
[7.073s][info ][gc,cpu       ] GC(27) User=0.01s Sys=0.00s Real=0.01s
[7.073s][info ][safepoint    ] Leaving safepoint region
[7.073s][info ][safepoint    ] Total time for which application threads were stopped: 0.0024781 seconds, Stopping threads took: 0.0002276 seconds
[7.117s][info ][safepoint    ] Application time: 0.0436577 seconds
[7.117s][info ][safepoint    ] Entering safepoint region: GenCollectForAllocation
[7.117s][info ][gc,start     ] GC(28) Pause Young (Allocation Failure)
[7.117s][info ][gc,task      ] GC(28) Using 4 workers of 4 for evacuation
[7.119s][debug][gc,ref       ] GC(28) Skipped phase1 of Reference Processing due to unavailable references
[7.119s][debug][gc,ref       ] GC(28) Skipped phase2 of Reference Processing due to unavailable references
[7.119s][debug][gc,ref       ] GC(28) Skipped phase3 of Reference Processing due to unavailable references
[7.119s][debug][gc,ref       ] GC(28) Skipped phase4 of Reference Processing due to unavailable references
[7.119s][debug][gc,age       ] GC(28) Desired survivor size 15368192 bytes, new threshold 6 (max threshold 6)
[7.119s][info ][gc,heap      ] GC(28) ParNew: 240871K->640K(270336K)
[7.119s][info ][gc,heap      ] GC(28) CMS: 119446K->119470K(600768K)
[7.119s][info ][gc,metaspace ] GC(28) Metaspace: 36617K->36617K(1081344K)
[7.119s][info ][gc           ] GC(28) Pause Young (Allocation Failure) 351M->117M(850M) 2.364ms
[7.119s][info ][gc,cpu       ] GC(28) User=0.00s Sys=0.01s Real=0.00s
[7.119s][info ][safepoint    ] Leaving safepoint region
[7.119s][info ][safepoint    ] Total time for which application threads were stopped: 0.0026194 seconds, Stopping threads took: 0.0000818 seconds
[7.188s][info ][safepoint    ] Application time: 0.0681753 seconds
[7.194s][info ][safepoint    ] Entering safepoint region: GenCollectForAllocation
[7.194s][info ][gc,start     ] GC(29) Pause Young (Allocation Failure)
[7.194s][info ][gc,task      ] GC(29) Using 4 workers of 4 for evacuation
[7.197s][debug][gc,ref       ] GC(29) Skipped phase1 of Reference Processing due to unavailable references
[7.197s][debug][gc,ref       ] GC(29) Skipped phase2 of Reference Processing due to unavailable references
[7.197s][debug][gc,ref       ] GC(29) Skipped phase3 of Reference Processing due to unavailable references
[7.197s][debug][gc,ref       ] GC(29) Skipped phase4 of Reference Processing due to unavailable references
[7.197s][debug][gc,age       ] GC(29) Desired survivor size 15368192 bytes, new threshold 6 (max threshold 6)
[7.197s][info ][gc,heap      ] GC(29) ParNew: 240960K->516K(270336K)
[7.197s][info ][gc,heap      ] GC(29) CMS: 119470K->119510K(600768K)
[7.197s][info ][gc,metaspace ] GC(29) Metaspace: 36617K->36617K(1081344K)
[7.197s][info ][gc           ] GC(29) Pause Young (Allocation Failure) 351M->117M(850M) 2.438ms
[7.197s][info ][gc,cpu       ] GC(29) User=0.01s Sys=0.00s Real=0.00s
[7.197s][info ][safepoint    ] Leaving safepoint region
[7.197s][info ][safepoint    ] Total time for which application threads were stopped: 0.0092778 seconds, Stopping threads took: 0.0065678 seconds
[7.239s][info ][safepoint    ] Application time: 0.0422714 seconds
[7.243s][info ][safepoint    ] Entering safepoint region: GenCollectForAllocation
[7.243s][info ][gc,start     ] GC(30) Pause Young (Allocation Failure)
[7.243s][info ][gc,task      ] GC(30) Using 4 workers of 4 for evacuation
[7.245s][debug][gc,ref       ] GC(30) Skipped phase1 of Reference Processing due to unavailable references
[7.245s][debug][gc,ref       ] GC(30) Skipped phase2 of Reference Processing due to unavailable references
[7.245s][debug][gc,ref       ] GC(30) Skipped phase3 of Reference Processing due to unavailable references
[7.245s][debug][gc,ref       ] GC(30) Skipped phase4 of Reference Processing due to unavailable references
[7.245s][debug][gc,age       ] GC(30) Desired survivor size 15368192 bytes, new threshold 6 (max threshold 6)
[7.245s][info ][gc,heap      ] GC(30) ParNew: 240836K->549K(270336K)
[7.245s][info ][gc,heap      ] GC(30) CMS: 119510K->119579K(600768K)
[7.245s][info ][gc,metaspace ] GC(30) Metaspace: 36617K->36617K(1081344K)
[7.245s][info ][gc           ] GC(30) Pause Young (Allocation Failure) 351M->117M(850M) 2.129ms
[7.245s][info ][gc,cpu       ] GC(30) User=0.00s Sys=0.00s Real=0.00s
[7.246s][info ][safepoint    ] Leaving safepoint region
[7.246s][info ][safepoint    ] Total time for which application threads were stopped: 0.0063736 seconds, Stopping threads took: 0.0040582 seconds
[7.316s][info ][safepoint    ] Application time: 0.0703708 seconds
[7.316s][info ][safepoint    ] Entering safepoint region: GenCollectForAllocation
[7.316s][info ][gc,start     ] GC(31) Pause Young (Allocation Failure)
[7.316s][info ][gc,task      ] GC(31) Using 4 workers of 4 for evacuation
[7.318s][debug][gc,ref       ] GC(31) Skipped phase1 of Reference Processing due to unavailable references
[7.318s][debug][gc,ref       ] GC(31) Skipped phase2 of Reference Processing due to unavailable references
[7.318s][debug][gc,ref       ] GC(31) Skipped phase3 of Reference Processing due to unavailable references
[7.318s][debug][gc,ref       ] GC(31) Skipped phase4 of Reference Processing due to unavailable references
[7.318s][debug][gc,age       ] GC(31) Desired survivor size 15368192 bytes, new threshold 6 (max threshold 6)
[7.318s][info ][gc,heap      ] GC(31) ParNew: 240869K->542K(270336K)
[7.318s][info ][gc,heap      ] GC(31) CMS: 119579K->119608K(600768K)
[7.318s][info ][gc,metaspace ] GC(31) Metaspace: 36617K->36617K(1081344K)
[7.318s][info ][gc           ] GC(31) Pause Young (Allocation Failure) 352M->117M(850M) 2.133ms
[7.318s][info ][gc,cpu       ] GC(31) User=0.01s Sys=0.00s Real=0.00s
[7.318s][info ][safepoint    ] Leaving safepoint region
[7.318s][info ][safepoint    ] Total time for which application threads were stopped: 0.0025478 seconds, Stopping threads took: 0.0001978 seconds
[7.367s][info ][safepoint    ] Application time: 0.0486175 seconds
[7.367s][info ][safepoint    ] Entering safepoint region: GenCollectForAllocation
[7.367s][info ][gc,start     ] GC(32) Pause Young (Allocation Failure)
[7.367s][info ][gc,task      ] GC(32) Using 4 workers of 4 for evacuation
[7.370s][debug][gc,ref       ] GC(32) Skipped phase1 of Reference Processing due to unavailable references
[7.370s][debug][gc,ref       ] GC(32) Skipped phase2 of Reference Processing due to unavailable references
[7.370s][debug][gc,ref       ] GC(32) Skipped phase3 of Reference Processing due to unavailable references
[7.370s][debug][gc,ref       ] GC(32) Skipped phase4 of Reference Processing due to unavailable references
[7.370s][debug][gc,age       ] GC(32) Desired survivor size 15368192 bytes, new threshold 6 (max threshold 6)
[7.370s][info ][gc,heap      ] GC(32) ParNew: 240862K->653K(270336K)
[7.370s][info ][gc,heap      ] GC(32) CMS: 119608K->119671K(600768K)
[7.370s][info ][gc,metaspace ] GC(32) Metaspace: 36617K->36617K(1081344K)
[7.370s][info ][gc           ] GC(32) Pause Young (Allocation Failure) 352M->117M(850M) 2.296ms
[7.370s][info ][gc,cpu       ] GC(32) User=0.01s Sys=0.00s Real=0.00s
[7.370s][info ][safepoint    ] Leaving safepoint region
[7.370s][info ][safepoint    ] Total time for which application threads were stopped: 0.0026226 seconds, Stopping threads took: 0.0001442 seconds
[7.426s][info ][safepoint    ] Application time: 0.0559429 seconds
[7.426s][info ][safepoint    ] Entering safepoint region: GenCollectForAllocation
[7.426s][info ][gc,start     ] GC(33) Pause Young (Allocation Failure)
[7.426s][info ][gc,task      ] GC(33) Using 4 workers of 4 for evacuation
[7.428s][debug][gc,ref       ] GC(33) Skipped phase1 of Reference Processing due to unavailable references
[7.428s][debug][gc,ref       ] GC(33) Skipped phase2 of Reference Processing due to unavailable references
[7.428s][debug][gc,ref       ] GC(33) Skipped phase3 of Reference Processing due to unavailable references
[7.428s][debug][gc,ref       ] GC(33) Skipped phase4 of Reference Processing due to unavailable references
[7.428s][debug][gc,age       ] GC(33) Desired survivor size 15368192 bytes, new threshold 6 (max threshold 6)
[7.428s][info ][gc,heap      ] GC(33) ParNew: 240973K->463K(270336K)
[7.428s][info ][gc,heap      ] GC(33) CMS: 119671K->119721K(600768K)
[7.428s][info ][gc,metaspace ] GC(33) Metaspace: 36618K->36618K(1083392K)
[7.428s][info ][gc           ] GC(33) Pause Young (Allocation Failure) 352M->117M(850M) 1.907ms
[7.428s][info ][gc,cpu       ] GC(33) User=0.00s Sys=0.00s Real=0.00s
[7.428s][info ][safepoint    ] Leaving safepoint region
[7.428s][info ][safepoint    ] Total time for which application threads were stopped: 0.0021809 seconds, Stopping threads took: 0.0001206 seconds
[7.480s][info ][safepoint    ] Application time: 0.0523308 seconds
[7.481s][info ][safepoint    ] Entering safepoint region: GenCollectForAllocation
[7.481s][info ][gc,start     ] GC(34) Pause Young (Allocation Failure)
[7.481s][info ][gc,task      ] GC(34) Using 4 workers of 4 for evacuation
[7.483s][debug][gc,ref       ] GC(34) Skipped phase1 of Reference Processing due to unavailable references
[7.483s][debug][gc,ref       ] GC(34) Skipped phase2 of Reference Processing due to unavailable references
[7.483s][debug][gc,ref       ] GC(34) Skipped phase3 of Reference Processing due to unavailable references
[7.483s][debug][gc,ref       ] GC(34) Skipped phase4 of Reference Processing due to unavailable references
[7.483s][debug][gc,age       ] GC(34) Desired survivor size 15368192 bytes, new threshold 6 (max threshold 6)
[7.483s][info ][gc,heap      ] GC(34) ParNew: 240783K->586K(270336K)
[7.483s][info ][gc,heap      ] GC(34) CMS: 119721K->119752K(600768K)
[7.483s][info ][gc,metaspace ] GC(34) Metaspace: 36618K->36618K(1083392K)
[7.483s][info ][gc           ] GC(34) Pause Young (Allocation Failure) 352M->117M(850M) 2.034ms
[7.483s][info ][gc,cpu       ] GC(34) User=0.00s Sys=0.00s Real=0.00s
[7.483s][info ][safepoint    ] Leaving safepoint region
[7.483s][info ][safepoint    ] Total time for which application threads were stopped: 0.0024203 seconds, Stopping threads took: 0.0002050 seconds
[7.526s][info ][safepoint    ] Application time: 0.0433299 seconds
[7.526s][info ][safepoint    ] Entering safepoint region: GenCollectForAllocation
[7.526s][info ][gc,start     ] GC(35) Pause Young (Allocation Failure)
[7.526s][info ][gc,task      ] GC(35) Using 4 workers of 4 for evacuation
[7.528s][debug][gc,ref       ] GC(35) Skipped phase1 of Reference Processing due to unavailable references
[7.528s][debug][gc,ref       ] GC(35) Skipped phase2 of Reference Processing due to unavailable references
[7.528s][debug][gc,ref       ] GC(35) Skipped phase3 of Reference Processing due to unavailable references
[7.528s][debug][gc,ref       ] GC(35) Skipped phase4 of Reference Processing due to unavailable references
[7.528s][debug][gc,age       ] GC(35) Desired survivor size 15368192 bytes, new threshold 6 (max threshold 6)
[7.528s][info ][gc,heap      ] GC(35) ParNew: 240906K->653K(270336K)
[7.528s][info ][gc,heap      ] GC(35) CMS: 119752K->119826K(600768K)
[7.528s][info ][gc,metaspace ] GC(35) Metaspace: 36619K->36619K(1083392K)
[7.528s][info ][gc           ] GC(35) Pause Young (Allocation Failure) 352M->117M(850M) 1.949ms
[7.528s][info ][gc,cpu       ] GC(35) User=0.00s Sys=0.00s Real=0.00s
[7.528s][info ][safepoint    ] Leaving safepoint region
[7.528s][info ][safepoint    ] Total time for which application threads were stopped: 0.0023163 seconds, Stopping threads took: 0.0002104 seconds
[7.594s][info ][safepoint    ] Application time: 0.0657421 seconds
[7.594s][info ][safepoint    ] Entering safepoint region: GenCollectForAllocation
[7.595s][info ][gc,start     ] GC(36) Pause Young (Allocation Failure)
[7.595s][info ][gc,task      ] GC(36) Using 4 workers of 4 for evacuation
[7.596s][debug][gc,ref       ] GC(36) Skipped phase1 of Reference Processing due to unavailable references
[7.596s][debug][gc,ref       ] GC(36) Skipped phase2 of Reference Processing due to unavailable references
[7.596s][debug][gc,ref       ] GC(36) Skipped phase3 of Reference Processing due to unavailable references
[7.596s][debug][gc,ref       ] GC(36) Skipped phase4 of Reference Processing due to unavailable references
[7.597s][debug][gc,age       ] GC(36) Desired survivor size 15368192 bytes, new threshold 6 (max threshold 6)
[7.597s][info ][gc,heap      ] GC(36) ParNew: 240973K->496K(270336K)
[7.597s][info ][gc,heap      ] GC(36) CMS: 119826K->119841K(600768K)
[7.597s][info ][gc,metaspace ] GC(36) Metaspace: 36624K->36624K(1083392K)
[7.597s][info ][gc           ] GC(36) Pause Young (Allocation Failure) 352M->117M(850M) 2.009ms
[7.597s][info ][gc,cpu       ] GC(36) User=0.00s Sys=0.00s Real=0.00s
[7.597s][info ][safepoint    ] Leaving safepoint region
[7.597s][info ][safepoint    ] Total time for which application threads were stopped: 0.0024132 seconds, Stopping threads took: 0.0002250 seconds
[7.641s][info ][safepoint    ] Application time: 0.0442381 seconds
[7.641s][info ][safepoint    ] Entering safepoint region: GenCollectForAllocation
[7.641s][info ][gc,start     ] GC(37) Pause Young (Allocation Failure)
[7.641s][info ][gc,task      ] GC(37) Using 4 workers of 4 for evacuation
[7.644s][debug][gc,ref       ] GC(37) Skipped phase1 of Reference Processing due to unavailable references
[7.644s][debug][gc,ref       ] GC(37) Skipped phase2 of Reference Processing due to unavailable references
[7.644s][debug][gc,ref       ] GC(37) Skipped phase3 of Reference Processing due to unavailable references
[7.644s][debug][gc,ref       ] GC(37) Skipped phase4 of Reference Processing due to unavailable references
[7.644s][debug][gc,age       ] GC(37) Desired survivor size 15368192 bytes, new threshold 6 (max threshold 6)
[7.644s][info ][gc,heap      ] GC(37) ParNew: 240816K->438K(270336K)
[7.644s][info ][gc,heap      ] GC(37) CMS: 119841K->119918K(600768K)
[7.644s][info ][gc,metaspace ] GC(37) Metaspace: 36624K->36624K(1083392K)
[7.644s][info ][gc           ] GC(37) Pause Young (Allocation Failure) 352M->117M(850M) 2.640ms
[7.644s][info ][gc,cpu       ] GC(37) User=0.01s Sys=0.00s Real=0.01s
[7.644s][info ][safepoint    ] Leaving safepoint region
[7.644s][info ][safepoint    ] Total time for which application threads were stopped: 0.0029190 seconds, Stopping threads took: 0.0001000 seconds
[7.709s][info ][safepoint    ] Application time: 0.0647048 seconds
[7.709s][info ][safepoint    ] Entering safepoint region: GenCollectForAllocation
[7.709s][info ][gc,start     ] GC(38) Pause Young (Allocation Failure)
[7.709s][info ][gc,task      ] GC(38) Using 4 workers of 4 for evacuation
[7.711s][debug][gc,ref       ] GC(38) Skipped phase1 of Reference Processing due to unavailable references
[7.711s][debug][gc,ref       ] GC(38) Skipped phase2 of Reference Processing due to unavailable references
[7.711s][debug][gc,ref       ] GC(38) Skipped phase3 of Reference Processing due to unavailable references
[7.711s][debug][gc,ref       ] GC(38) Skipped phase4 of Reference Processing due to unavailable references
[7.711s][debug][gc,age       ] GC(38) Desired survivor size 15368192 bytes, new threshold 6 (max threshold 6)
[7.711s][info ][gc,heap      ] GC(38) ParNew: 240758K->599K(270336K)
[7.711s][info ][gc,heap      ] GC(38) CMS: 119918K->119949K(600768K)
[7.711s][info ][gc,metaspace ] GC(38) Metaspace: 36625K->36625K(1083392K)
[7.711s][info ][gc           ] GC(38) Pause Young (Allocation Failure) 352M->117M(850M) 2.163ms
[7.711s][info ][gc,cpu       ] GC(38) User=0.00s Sys=0.01s Real=0.01s
[7.711s][info ][safepoint    ] Leaving safepoint region
[7.711s][info ][safepoint    ] Total time for which application threads were stopped: 0.0028361 seconds, Stopping threads took: 0.0004094 seconds
[7.761s][info ][safepoint    ] Application time: 0.0497536 seconds
[7.761s][info ][safepoint    ] Entering safepoint region: GenCollectForAllocation
[7.762s][info ][gc,start     ] GC(39) Pause Young (Allocation Failure)
[7.762s][info ][gc,task      ] GC(39) Using 4 workers of 4 for evacuation
[7.763s][debug][gc,ref       ] GC(39) Skipped phase1 of Reference Processing due to unavailable references
[7.763s][debug][gc,ref       ] GC(39) Skipped phase2 of Reference Processing due to unavailable references
[7.763s][debug][gc,ref       ] GC(39) Skipped phase3 of Reference Processing due to unavailable references
[7.763s][debug][gc,ref       ] GC(39) Skipped phase4 of Reference Processing due to unavailable references
[7.763s][debug][gc,age       ] GC(39) Desired survivor size 15368192 bytes, new threshold 6 (max threshold 6)
[7.763s][info ][gc,heap      ] GC(39) ParNew: 240919K->631K(270336K)
[7.763s][info ][gc,heap      ] GC(39) CMS: 119949K->120011K(600768K)
[7.763s][info ][gc,metaspace ] GC(39) Metaspace: 36625K->36625K(1083392K)
[7.764s][info ][gc           ] GC(39) Pause Young (Allocation Failure) 352M->117M(850M) 1.996ms
[7.764s][info ][gc,cpu       ] GC(39) User=0.01s Sys=0.00s Real=0.01s
[7.764s][info ][safepoint    ] Leaving safepoint region
[7.764s][info ][safepoint    ] Total time for which application threads were stopped: 0.0022996 seconds, Stopping threads took: 0.0001401 seconds
[7.821s][info ][safepoint    ] Application time: 0.0573947 seconds
[7.823s][info ][safepoint    ] Entering safepoint region: GenCollectForAllocation
[7.823s][info ][gc,start     ] GC(40) Pause Young (Allocation Failure)
[7.823s][info ][gc,task      ] GC(40) Using 4 workers of 4 for evacuation
[7.825s][debug][gc,ref       ] GC(40) Skipped phase1 of Reference Processing due to unavailable references
[7.825s][debug][gc,ref       ] GC(40) Skipped phase2 of Reference Processing due to unavailable references
[7.825s][debug][gc,ref       ] GC(40) Skipped phase3 of Reference Processing due to unavailable references
[7.825s][debug][gc,ref       ] GC(40) Skipped phase4 of Reference Processing due to unavailable references
[7.825s][debug][gc,age       ] GC(40) Desired survivor size 15368192 bytes, new threshold 6 (max threshold 6)
[7.825s][info ][gc,heap      ] GC(40) ParNew: 240951K->454K(270336K)
[7.825s][info ][gc,heap      ] GC(40) CMS: 120011K->120050K(600768K)
[7.825s][info ][gc,metaspace ] GC(40) Metaspace: 36625K->36625K(1083392K)
[7.825s][info ][gc           ] GC(40) Pause Young (Allocation Failure) 352M->117M(850M) 1.901ms
[7.825s][info ][gc,cpu       ] GC(40) User=0.01s Sys=0.00s Real=0.00s
[7.825s][info ][safepoint    ] Leaving safepoint region
[7.825s][info ][safepoint    ] Total time for which application threads were stopped: 0.0041248 seconds, Stopping threads took: 0.0020128 seconds
[7.881s][info ][safepoint    ] Application time: 0.0557574 seconds
[7.881s][info ][safepoint    ] Entering safepoint region: GenCollectForAllocation
[7.881s][info ][gc,start     ] GC(41) Pause Young (Allocation Failure)
[7.881s][info ][gc,task      ] GC(41) Using 4 workers of 4 for evacuation
[7.884s][debug][gc,ref       ] GC(41) Skipped phase1 of Reference Processing due to unavailable references
[7.884s][debug][gc,ref       ] GC(41) Skipped phase2 of Reference Processing due to unavailable references
[7.884s][debug][gc,ref       ] GC(41) Skipped phase3 of Reference Processing due to unavailable references
[7.884s][debug][gc,ref       ] GC(41) Skipped phase4 of Reference Processing due to unavailable references
[7.884s][debug][gc,age       ] GC(41) Desired survivor size 15368192 bytes, new threshold 6 (max threshold 6)
[7.884s][info ][gc,heap      ] GC(41) ParNew: 240774K->573K(270336K)
[7.884s][info ][gc,heap      ] GC(41) CMS: 120050K->120086K(600768K)
[7.884s][info ][gc,metaspace ] GC(41) Metaspace: 36625K->36625K(1083392K)
[7.884s][info ][gc           ] GC(41) Pause Young (Allocation Failure) 352M->117M(850M) 3.159ms
[7.885s][info ][gc,cpu       ] GC(41) User=0.01s Sys=0.00s Real=0.01s
[7.885s][info ][safepoint    ] Leaving safepoint region
[7.885s][info ][safepoint    ] Total time for which application threads were stopped: 0.0037119 seconds, Stopping threads took: 0.0001426 seconds
[7.940s][info ][safepoint    ] Application time: 0.0557673 seconds
[7.941s][info ][safepoint    ] Entering safepoint region: GenCollectForAllocation
[7.941s][info ][gc,start     ] GC(42) Pause Young (Allocation Failure)
[7.941s][info ][gc,task      ] GC(42) Using 4 workers of 4 for evacuation
[7.944s][debug][gc,ref       ] GC(42) Skipped phase1 of Reference Processing due to unavailable references
[7.944s][debug][gc,ref       ] GC(42) Skipped phase2 of Reference Processing due to unavailable references
[7.944s][debug][gc,ref       ] GC(42) Skipped phase3 of Reference Processing due to unavailable references
[7.944s][debug][gc,ref       ] GC(42) Skipped phase4 of Reference Processing due to unavailable references
[7.944s][debug][gc,age       ] GC(42) Desired survivor size 15368192 bytes, new threshold 6 (max threshold 6)
[7.944s][info ][gc,heap      ] GC(42) ParNew: 240893K->566K(270336K)
[7.944s][info ][gc,heap      ] GC(42) CMS: 120086K->120149K(600768K)
[7.944s][info ][gc,metaspace ] GC(42) Metaspace: 36625K->36625K(1083392K)
[7.944s][info ][gc           ] GC(42) Pause Young (Allocation Failure) 352M->117M(850M) 2.933ms
[7.944s][info ][gc,cpu       ] GC(42) User=0.01s Sys=0.00s Real=0.01s
[7.944s][info ][safepoint    ] Leaving safepoint region
[7.944s][info ][safepoint    ] Total time for which application threads were stopped: 0.0033314 seconds, Stopping threads took: 0.0001979 seconds
[7.990s][info ][safepoint    ] Application time: 0.0466277 seconds
[7.991s][info ][safepoint    ] Entering safepoint region: GenCollectForAllocation
[7.991s][info ][gc,start     ] GC(43) Pause Young (Allocation Failure)
[7.991s][info ][gc,task      ] GC(43) Using 4 workers of 4 for evacuation
[7.993s][debug][gc,ref       ] GC(43) Skipped phase1 of Reference Processing due to unavailable references
[7.993s][debug][gc,ref       ] GC(43) Skipped phase2 of Reference Processing due to unavailable references
[7.993s][debug][gc,ref       ] GC(43) Skipped phase3 of Reference Processing due to unavailable references
[7.993s][debug][gc,ref       ] GC(43) Skipped phase4 of Reference Processing due to unavailable references
[7.993s][debug][gc,age       ] GC(43) Desired survivor size 15368192 bytes, new threshold 6 (max threshold 6)
[7.993s][info ][gc,heap      ] GC(43) ParNew: 240886K->566K(270336K)
[7.993s][info ][gc,heap      ] GC(43) CMS: 120149K->120178K(600768K)
[7.993s][info ][gc,metaspace ] GC(43) Metaspace: 36625K->36625K(1083392K)
[7.993s][info ][gc           ] GC(43) Pause Young (Allocation Failure) 352M->117M(850M) 2.135ms
[7.993s][info ][gc,cpu       ] GC(43) User=0.01s Sys=0.00s Real=0.01s
[7.993s][info ][safepoint    ] Leaving safepoint region
[7.993s][info ][safepoint    ] Total time for which application threads were stopped: 0.0024923 seconds, Stopping threads took: 0.0001623 seconds
[8.048s][info ][safepoint    ] Application time: 0.0553710 seconds
[8.054s][info ][safepoint    ] Entering safepoint region: GenCollectForAllocation
[8.054s][info ][gc,start     ] GC(44) Pause Young (Allocation Failure)
[8.054s][info ][gc,task      ] GC(44) Using 4 workers of 4 for evacuation
[8.056s][debug][gc,ref       ] GC(44) Skipped phase1 of Reference Processing due to unavailable references
[8.056s][debug][gc,ref       ] GC(44) Skipped phase2 of Reference Processing due to unavailable references
[8.056s][debug][gc,ref       ] GC(44) Skipped phase3 of Reference Processing due to unavailable references
[8.056s][debug][gc,ref       ] GC(44) Skipped phase4 of Reference Processing due to unavailable references
[8.056s][debug][gc,age       ] GC(44) Desired survivor size 15368192 bytes, new threshold 6 (max threshold 6)
[8.056s][info ][gc,heap      ] GC(44) ParNew: 240886K->597K(270336K)
[8.056s][info ][gc,heap      ] GC(44) CMS: 120178K->120243K(600768K)
[8.056s][info ][gc,metaspace ] GC(44) Metaspace: 36625K->36625K(1083392K)
[8.056s][info ][gc           ] GC(44) Pause Young (Allocation Failure) 352M->118M(850M) 2.258ms
[8.056s][info ][gc,cpu       ] GC(44) User=0.01s Sys=0.00s Real=0.00s
[8.056s][info ][safepoint    ] Leaving safepoint region
[8.056s][info ][safepoint    ] Total time for which application threads were stopped: 0.0078141 seconds, Stopping threads took: 0.0053997 seconds
[8.112s][info ][safepoint    ] Application time: 0.0557556 seconds
[8.112s][info ][safepoint    ] Entering safepoint region: GenCollectForAllocation
[8.112s][info ][gc,start     ] GC(45) Pause Young (Allocation Failure)
[8.112s][info ][gc,task      ] GC(45) Using 4 workers of 4 for evacuation
[8.114s][debug][gc,ref       ] GC(45) Skipped phase1 of Reference Processing due to unavailable references
[8.114s][debug][gc,ref       ] GC(45) Skipped phase2 of Reference Processing due to unavailable references
[8.114s][debug][gc,ref       ] GC(45) Skipped phase3 of Reference Processing due to unavailable references
[8.114s][debug][gc,ref       ] GC(45) Skipped phase4 of Reference Processing due to unavailable references
[8.114s][debug][gc,age       ] GC(45) Desired survivor size 15368192 bytes, new threshold 6 (max threshold 6)
[8.114s][info ][gc,heap      ] GC(45) ParNew: 240917K->672K(270336K)
[8.114s][info ][gc,heap      ] GC(45) CMS: 120243K->120289K(600768K)
[8.114s][info ][gc,metaspace ] GC(45) Metaspace: 36625K->36625K(1083392K)
[8.114s][info ][gc           ] GC(45) Pause Young (Allocation Failure) 352M->118M(850M) 2.215ms
[8.115s][info ][gc,cpu       ] GC(45) User=0.01s Sys=0.00s Real=0.00s
[8.115s][info ][safepoint    ] Leaving safepoint region
[8.115s][info ][safepoint    ] Total time for which application threads were stopped: 0.0025685 seconds, Stopping threads took: 0.0001516 seconds
[8.162s][info ][safepoint    ] Application time: 0.0471921 seconds
[8.162s][info ][safepoint    ] Entering safepoint region: GenCollectForAllocation
[8.162s][info ][gc,start     ] GC(46) Pause Young (Allocation Failure)
[8.162s][info ][gc,task      ] GC(46) Using 4 workers of 4 for evacuation
[8.164s][debug][gc,ref       ] GC(46) Skipped phase1 of Reference Processing due to unavailable references
[8.164s][debug][gc,ref       ] GC(46) Skipped phase2 of Reference Processing due to unavailable references
[8.164s][debug][gc,ref       ] GC(46) Skipped phase3 of Reference Processing due to unavailable references
[8.164s][debug][gc,ref       ] GC(46) Skipped phase4 of Reference Processing due to unavailable references
[8.164s][debug][gc,age       ] GC(46) Desired survivor size 15368192 bytes, new threshold 6 (max threshold 6)
[8.164s][info ][gc,heap      ] GC(46) ParNew: 240992K->596K(270336K)
[8.164s][info ][gc,heap      ] GC(46) CMS: 120289K->120342K(600768K)
[8.164s][info ][gc,metaspace ] GC(46) Metaspace: 36625K->36625K(1083392K)
[8.164s][info ][gc           ] GC(46) Pause Young (Allocation Failure) 352M->118M(850M) 2.177ms
[8.164s][info ][gc,cpu       ] GC(46) User=0.00s Sys=0.00s Real=0.01s
[8.164s][info ][safepoint    ] Leaving safepoint region
[8.164s][info ][safepoint    ] Total time for which application threads were stopped: 0.0025289 seconds, Stopping threads took: 0.0001791 seconds
[8.223s][info ][safepoint    ] Application time: 0.0583290 seconds
[8.223s][info ][safepoint    ] Entering safepoint region: GenCollectForAllocation
[8.223s][info ][gc,start     ] GC(47) Pause Young (Allocation Failure)
[8.223s][info ][gc,task      ] GC(47) Using 4 workers of 4 for evacuation
[8.226s][debug][gc,ref       ] GC(47) Skipped phase1 of Reference Processing due to unavailable references
[8.226s][debug][gc,ref       ] GC(47) Skipped phase2 of Reference Processing due to unavailable references
[8.226s][debug][gc,ref       ] GC(47) Skipped phase3 of Reference Processing due to unavailable references
[8.226s][debug][gc,ref       ] GC(47) Skipped phase4 of Reference Processing due to unavailable references
[8.226s][debug][gc,age       ] GC(47) Desired survivor size 15368192 bytes, new threshold 6 (max threshold 6)
[8.226s][info ][gc,heap      ] GC(47) ParNew: 240916K->619K(270336K)
[8.226s][info ][gc,heap      ] GC(47) CMS: 120342K->120392K(600768K)
[8.226s][info ][gc,metaspace ] GC(47) Metaspace: 36625K->36625K(1083392K)
[8.226s][info ][gc           ] GC(47) Pause Young (Allocation Failure) 352M->118M(850M) 2.373ms
[8.226s][info ][gc,cpu       ] GC(47) User=0.00s Sys=0.00s Real=0.00s
[8.226s][info ][safepoint    ] Leaving safepoint region
[8.226s][info ][safepoint    ] Total time for which application threads were stopped: 0.0031467 seconds, Stopping threads took: 0.0005552 seconds
[8.279s][info ][safepoint    ] Application time: 0.0529181 seconds
[8.279s][info ][safepoint    ] Entering safepoint region: GenCollectForAllocation
[8.279s][info ][gc,start     ] GC(48) Pause Young (Allocation Failure)
[8.279s][info ][gc,task      ] GC(48) Using 4 workers of 4 for evacuation
[8.281s][debug][gc,ref       ] GC(48) Skipped phase1 of Reference Processing due to unavailable references
[8.282s][debug][gc,ref       ] GC(48) Skipped phase2 of Reference Processing due to unavailable references
[8.282s][debug][gc,ref       ] GC(48) Skipped phase3 of Reference Processing due to unavailable references
[8.282s][debug][gc,ref       ] GC(48) Skipped phase4 of Reference Processing due to unavailable references
[8.282s][debug][gc,age       ] GC(48) Desired survivor size 15368192 bytes, new threshold 6 (max threshold 6)
[8.282s][info ][gc,heap      ] GC(48) ParNew: 240939K->581K(270336K)
[8.282s][info ][gc,heap      ] GC(48) CMS: 120392K->120451K(600768K)
[8.282s][info ][gc,metaspace ] GC(48) Metaspace: 36626K->36626K(1083392K)
[8.282s][info ][gc           ] GC(48) Pause Young (Allocation Failure) 352M->118M(850M) 2.614ms
[8.282s][info ][gc,cpu       ] GC(48) User=0.00s Sys=0.00s Real=0.00s
[8.282s][info ][safepoint    ] Leaving safepoint region
[8.282s][info ][safepoint    ] Total time for which application threads were stopped: 0.0029303 seconds, Stopping threads took: 0.0001391 seconds
[8.333s][info ][safepoint    ] Application time: 0.0511898 seconds
[8.333s][info ][safepoint    ] Entering safepoint region: GenCollectForAllocation
[8.333s][info ][gc,start     ] GC(49) Pause Young (Allocation Failure)
[8.333s][info ][gc,task      ] GC(49) Using 4 workers of 4 for evacuation
[8.335s][debug][gc,ref       ] GC(49) Skipped phase1 of Reference Processing due to unavailable references
[8.335s][debug][gc,ref       ] GC(49) Skipped phase2 of Reference Processing due to unavailable references
[8.335s][debug][gc,ref       ] GC(49) Skipped phase3 of Reference Processing due to unavailable references
[8.335s][debug][gc,ref       ] GC(49) Skipped phase4 of Reference Processing due to unavailable references
[8.335s][debug][gc,age       ] GC(49) Desired survivor size 15368192 bytes, new threshold 6 (max threshold 6)
[8.335s][info ][gc,heap      ] GC(49) ParNew: 240901K->582K(270336K)
[8.335s][info ][gc,heap      ] GC(49) CMS: 120451K->120490K(600768K)
[8.335s][info ][gc,metaspace ] GC(49) Metaspace: 36634K->36634K(1083392K)
[8.335s][info ][gc           ] GC(49) Pause Young (Allocation Failure) 352M->118M(850M) 2.010ms
[8.335s][info ][gc,cpu       ] GC(49) User=0.00s Sys=0.00s Real=0.00s
[8.335s][info ][safepoint    ] Leaving safepoint region
[8.335s][info ][safepoint    ] Total time for which application threads were stopped: 0.0023086 seconds, Stopping threads took: 0.0001301 seconds
[8.402s][info ][safepoint    ] Application time: 0.0662945 seconds
[8.402s][info ][safepoint    ] Entering safepoint region: GenCollectForAllocation
[8.402s][info ][gc,start     ] GC(50) Pause Young (Allocation Failure)
[8.402s][info ][gc,task      ] GC(50) Using 4 workers of 4 for evacuation
[8.404s][debug][gc,ref       ] GC(50) Skipped phase1 of Reference Processing due to unavailable references
[8.404s][debug][gc,ref       ] GC(50) Skipped phase2 of Reference Processing due to unavailable references
[8.404s][debug][gc,ref       ] GC(50) Skipped phase3 of Reference Processing due to unavailable references
[8.404s][debug][gc,ref       ] GC(50) Skipped phase4 of Reference Processing due to unavailable references
[8.404s][debug][gc,age       ] GC(50) Desired survivor size 15368192 bytes, new threshold 6 (max threshold 6)
[8.404s][info ][gc,heap      ] GC(50) ParNew: 240902K->700K(270336K)
[8.404s][info ][gc,heap      ] GC(50) CMS: 120490K->120550K(600768K)
[8.404s][info ][gc,metaspace ] GC(50) Metaspace: 36640K->36640K(1083392K)
[8.404s][info ][gc           ] GC(50) Pause Young (Allocation Failure) 352M->118M(850M) 2.386ms
[8.404s][info ][gc,cpu       ] GC(50) User=0.01s Sys=0.01s Real=0.01s
[8.404s][info ][safepoint    ] Leaving safepoint region
[8.404s][info ][safepoint    ] Total time for which application threads were stopped: 0.0028139 seconds, Stopping threads took: 0.0002404 seconds
[8.447s][info ][safepoint    ] Application time: 0.0423620 seconds
[8.467s][info ][safepoint    ] Entering safepoint region: GenCollectForAllocation
[8.467s][info ][gc,start     ] GC(51) Pause Young (Allocation Failure)
[8.467s][info ][gc,task      ] GC(51) Using 4 workers of 4 for evacuation
[8.469s][debug][gc,ref       ] GC(51) Skipped phase1 of Reference Processing due to unavailable references
[8.469s][debug][gc,ref       ] GC(51) Skipped phase2 of Reference Processing due to unavailable references
[8.469s][debug][gc,ref       ] GC(51) Skipped phase3 of Reference Processing due to unavailable references
[8.469s][debug][gc,ref       ] GC(51) Skipped phase4 of Reference Processing due to unavailable references
[8.469s][debug][gc,age       ] GC(51) Desired survivor size 15368192 bytes, new threshold 6 (max threshold 6)
[8.469s][info ][gc,heap      ] GC(51) ParNew: 241020K->562K(270336K)
[8.469s][info ][gc,heap      ] GC(51) CMS: 120550K->120604K(600768K)
[8.469s][info ][gc,metaspace ] GC(51) Metaspace: 36640K->36640K(1083392K)
[8.470s][info ][gc           ] GC(51) Pause Young (Allocation Failure) 353M->118M(850M) 2.172ms
[8.470s][info ][gc,cpu       ] GC(51) User=0.01s Sys=0.00s Real=0.00s
[8.470s][info ][safepoint    ] Leaving safepoint region
[8.470s][info ][safepoint    ] Total time for which application threads were stopped: 0.0227152 seconds, Stopping threads took: 0.0203569 seconds
[8.528s][info ][safepoint    ] Application time: 0.0588092 seconds
[8.529s][info ][safepoint    ] Entering safepoint region: GenCollectForAllocation
[8.529s][info ][gc,start     ] GC(52) Pause Young (Allocation Failure)
[8.529s][info ][gc,task      ] GC(52) Using 4 workers of 4 for evacuation
[8.530s][debug][gc,ref       ] GC(52) Skipped phase1 of Reference Processing due to unavailable references
[8.530s][debug][gc,ref       ] GC(52) Skipped phase2 of Reference Processing due to unavailable references
[8.530s][debug][gc,ref       ] GC(52) Skipped phase3 of Reference Processing due to unavailable references
[8.530s][debug][gc,ref       ] GC(52) Skipped phase4 of Reference Processing due to unavailable references
[8.531s][debug][gc,age       ] GC(52) Desired survivor size 15368192 bytes, new threshold 6 (max threshold 6)
[8.531s][info ][gc,heap      ] GC(52) ParNew: 240882K->534K(270336K)
[8.531s][info ][gc,heap      ] GC(52) CMS: 120604K->120659K(600768K)
[8.531s][info ][gc,metaspace ] GC(52) Metaspace: 36640K->36640K(1083392K)
[8.531s][info ][gc           ] GC(52) Pause Young (Allocation Failure) 353M->118M(850M) 1.897ms
[8.531s][info ][gc,cpu       ] GC(52) User=0.01s Sys=0.00s Real=0.00s
[8.531s][info ][safepoint    ] Leaving safepoint region
[8.531s][info ][safepoint    ] Total time for which application threads were stopped: 0.0022429 seconds, Stopping threads took: 0.0001779 seconds
[8.576s][info ][safepoint    ] Application time: 0.0456144 seconds
[8.576s][info ][safepoint    ] Entering safepoint region: GenCollectForAllocation
[8.577s][info ][gc,start     ] GC(53) Pause Young (Allocation Failure)
[8.577s][info ][gc,task      ] GC(53) Using 4 workers of 4 for evacuation
[8.579s][debug][gc,ref       ] GC(53) Skipped phase1 of Reference Processing due to unavailable references
[8.579s][debug][gc,ref       ] GC(53) Skipped phase2 of Reference Processing due to unavailable references
[8.579s][debug][gc,ref       ] GC(53) Skipped phase3 of Reference Processing due to unavailable references
[8.579s][debug][gc,ref       ] GC(53) Skipped phase4 of Reference Processing due to unavailable references
[8.579s][debug][gc,age       ] GC(53) Desired survivor size 15368192 bytes, new threshold 6 (max threshold 6)
[8.579s][info ][gc,heap      ] GC(53) ParNew: 240854K->585K(270336K)
[8.579s][info ][gc,heap      ] GC(53) CMS: 120659K->120712K(600768K)
[8.579s][info ][gc,metaspace ] GC(53) Metaspace: 36640K->36640K(1083392K)
[8.579s][info ][gc           ] GC(53) Pause Young (Allocation Failure) 353M->118M(850M) 2.031ms
[8.579s][info ][gc,cpu       ] GC(53) User=0.00s Sys=0.00s Real=0.00s
[8.579s][info ][safepoint    ] Leaving safepoint region
[8.579s][info ][safepoint    ] Total time for which application threads were stopped: 0.0023999 seconds, Stopping threads took: 0.0002064 seconds
[8.637s][info ][safepoint    ] Application time: 0.0584114 seconds
[8.637s][info ][safepoint    ] Entering safepoint region: GenCollectForAllocation
[8.637s][info ][gc,start     ] GC(54) Pause Young (Allocation Failure)
[8.638s][info ][gc,task      ] GC(54) Using 4 workers of 4 for evacuation
[8.640s][debug][gc,ref       ] GC(54) Skipped phase1 of Reference Processing due to unavailable references
[8.640s][debug][gc,ref       ] GC(54) Skipped phase2 of Reference Processing due to unavailable references
[8.640s][debug][gc,ref       ] GC(54) Skipped phase3 of Reference Processing due to unavailable references
[8.640s][debug][gc,ref       ] GC(54) Skipped phase4 of Reference Processing due to unavailable references
[8.640s][debug][gc,age       ] GC(54) Desired survivor size 15368192 bytes, new threshold 6 (max threshold 6)
[8.640s][info ][gc,heap      ] GC(54) ParNew: 240905K->585K(270336K)
[8.640s][info ][gc,heap      ] GC(54) CMS: 120712K->120771K(600768K)
[8.640s][info ][gc,metaspace ] GC(54) Metaspace: 36640K->36640K(1083392K)
[8.640s][info ][gc           ] GC(54) Pause Young (Allocation Failure) 353M->118M(850M) 2.220ms
[8.640s][info ][gc,cpu       ] GC(54) User=0.01s Sys=0.00s Real=0.00s
[8.640s][info ][safepoint    ] Leaving safepoint region
[8.640s][info ][safepoint    ] Total time for which application threads were stopped: 0.0025895 seconds, Stopping threads took: 0.0002102 seconds
[8.692s][info ][safepoint    ] Application time: 0.0522066 seconds
[8.692s][info ][safepoint    ] Entering safepoint region: GenCollectForAllocation
[8.692s][info ][gc,start     ] GC(55) Pause Young (Allocation Failure)
[8.692s][info ][gc,task      ] GC(55) Using 4 workers of 4 for evacuation
[8.694s][debug][gc,ref       ] GC(55) Skipped phase1 of Reference Processing due to unavailable references
[8.694s][debug][gc,ref       ] GC(55) Skipped phase2 of Reference Processing due to unavailable references
[8.694s][debug][gc,ref       ] GC(55) Skipped phase3 of Reference Processing due to unavailable references
[8.694s][debug][gc,ref       ] GC(55) Skipped phase4 of Reference Processing due to unavailable references
[8.694s][debug][gc,age       ] GC(55) Desired survivor size 15368192 bytes, new threshold 6 (max threshold 6)
[8.694s][info ][gc,heap      ] GC(55) ParNew: 240905K->597K(270336K)
[8.694s][info ][gc,heap      ] GC(55) CMS: 120771K->120810K(600768K)
[8.694s][info ][gc,metaspace ] GC(55) Metaspace: 36640K->36640K(1083392K)
[8.694s][info ][gc           ] GC(55) Pause Young (Allocation Failure) 353M->118M(850M) 2.095ms
[8.694s][info ][gc,cpu       ] GC(55) User=0.01s Sys=0.00s Real=0.00s
[8.694s][info ][safepoint    ] Leaving safepoint region
[8.694s][info ][safepoint    ] Total time for which application threads were stopped: 0.0023946 seconds, Stopping threads took: 0.0001317 seconds
[8.749s][info ][safepoint    ] Application time: 0.0547263 seconds
[8.749s][info ][safepoint    ] Entering safepoint region: GenCollectForAllocation
[8.750s][info ][gc,start     ] GC(56) Pause Young (Allocation Failure)
[8.750s][info ][gc,task      ] GC(56) Using 4 workers of 4 for evacuation
[8.752s][debug][gc,ref       ] GC(56) Skipped phase1 of Reference Processing due to unavailable references
[8.752s][debug][gc,ref       ] GC(56) Skipped phase2 of Reference Processing due to unavailable references
[8.752s][debug][gc,ref       ] GC(56) Skipped phase3 of Reference Processing due to unavailable references
[8.752s][debug][gc,ref       ] GC(56) Skipped phase4 of Reference Processing due to unavailable references
[8.752s][debug][gc,age       ] GC(56) Desired survivor size 15368192 bytes, new threshold 6 (max threshold 6)
[8.752s][info ][gc,heap      ] GC(56) ParNew: 240917K->523K(270336K)
[8.752s][info ][gc,heap      ] GC(56) CMS: 120810K->120884K(600768K)
[8.752s][info ][gc,metaspace ] GC(56) Metaspace: 36640K->36640K(1083392K)
[8.752s][info ][gc           ] GC(56) Pause Young (Allocation Failure) 353M->118M(850M) 2.332ms
[8.752s][info ][gc,cpu       ] GC(56) User=0.01s Sys=0.01s Real=0.01s
[8.752s][info ][safepoint    ] Leaving safepoint region
[8.752s][info ][safepoint    ] Total time for which application threads were stopped: 0.0027326 seconds, Stopping threads took: 0.0002156 seconds
[8.806s][info ][safepoint    ] Application time: 0.0541593 seconds
[8.806s][info ][safepoint    ] Entering safepoint region: GenCollectForAllocation
[8.806s][info ][gc,start     ] GC(57) Pause Young (Allocation Failure)
[8.806s][info ][gc,task      ] GC(57) Using 4 workers of 4 for evacuation
[8.808s][debug][gc,ref       ] GC(57) Skipped phase1 of Reference Processing due to unavailable references
[8.808s][debug][gc,ref       ] GC(57) Skipped phase2 of Reference Processing due to unavailable references
[8.808s][debug][gc,ref       ] GC(57) Skipped phase3 of Reference Processing due to unavailable references
[8.808s][debug][gc,ref       ] GC(57) Skipped phase4 of Reference Processing due to unavailable references
[8.808s][debug][gc,age       ] GC(57) Desired survivor size 15368192 bytes, new threshold 6 (max threshold 6)
[8.808s][info ][gc,heap      ] GC(57) ParNew: 240843K->715K(270336K)
[8.808s][info ][gc,heap      ] GC(57) CMS: 120884K->120910K(600768K)
[8.808s][info ][gc,metaspace ] GC(57) Metaspace: 36640K->36640K(1083392K)
[8.808s][info ][gc           ] GC(57) Pause Young (Allocation Failure) 353M->118M(850M) 2.000ms
[8.808s][info ][gc,cpu       ] GC(57) User=0.01s Sys=0.00s Real=0.00s
[8.808s][info ][safepoint    ] Leaving safepoint region
[8.808s][info ][safepoint    ] Total time for which application threads were stopped: 0.0023201 seconds, Stopping threads took: 0.0001469 seconds
[8.856s][info ][safepoint    ] Application time: 0.0478797 seconds
[8.857s][info ][safepoint    ] Entering safepoint region: GenCollectForAllocation
[8.857s][info ][gc,start     ] GC(58) Pause Young (Allocation Failure)
[8.857s][info ][gc,task      ] GC(58) Using 4 workers of 4 for evacuation
[8.859s][debug][gc,ref       ] GC(58) Skipped phase1 of Reference Processing due to unavailable references
[8.859s][debug][gc,ref       ] GC(58) Skipped phase2 of Reference Processing due to unavailable references
[8.859s][debug][gc,ref       ] GC(58) Skipped phase3 of Reference Processing due to unavailable references
[8.859s][debug][gc,ref       ] GC(58) Skipped phase4 of Reference Processing due to unavailable references
[8.859s][debug][gc,age       ] GC(58) Desired survivor size 15368192 bytes, new threshold 6 (max threshold 6)
[8.859s][info ][gc,heap      ] GC(58) ParNew: 241035K->651K(270336K)
[8.859s][info ][gc,heap      ] GC(58) CMS: 120910K->120985K(600768K)
[8.859s][info ][gc,metaspace ] GC(58) Metaspace: 36640K->36640K(1083392K)
[8.859s][info ][gc           ] GC(58) Pause Young (Allocation Failure) 353M->118M(850M) 2.152ms
[8.859s][info ][gc,cpu       ] GC(58) User=0.00s Sys=0.00s Real=0.00s
[8.859s][info ][safepoint    ] Leaving safepoint region
[8.859s][info ][safepoint    ] Total time for which application threads were stopped: 0.0025293 seconds, Stopping threads took: 0.0001909 seconds
[8.913s][info ][safepoint    ] Application time: 0.0544349 seconds
[8.914s][info ][safepoint    ] Entering safepoint region: GenCollectForAllocation
[8.914s][info ][gc,start     ] GC(59) Pause Young (Allocation Failure)
[8.914s][info ][gc,task      ] GC(59) Using 4 workers of 4 for evacuation
[8.920s][debug][gc,ref       ] GC(59) Skipped phase1 of Reference Processing due to unavailable references
[8.920s][debug][gc,ref       ] GC(59) Skipped phase2 of Reference Processing due to unavailable references
[8.920s][debug][gc,ref       ] GC(59) Skipped phase3 of Reference Processing due to unavailable references
[8.920s][debug][gc,ref       ] GC(59) Skipped phase4 of Reference Processing due to unavailable references
[8.920s][debug][gc,age       ] GC(59) Desired survivor size 15368192 bytes, new threshold 6 (max threshold 6)
[8.920s][info ][gc,heap      ] GC(59) ParNew: 240971K->757K(270336K)
[8.920s][info ][gc,heap      ] GC(59) CMS: 120985K->121034K(600768K)
[8.920s][info ][gc,metaspace ] GC(59) Metaspace: 36640K->36640K(1083392K)
[8.920s][info ][gc           ] GC(59) Pause Young (Allocation Failure) 353M->118M(850M) 6.398ms
[8.920s][info ][gc,cpu       ] GC(59) User=0.03s Sys=0.00s Real=0.00s
[8.920s][info ][safepoint    ] Leaving safepoint region
[8.920s][info ][safepoint    ] Total time for which application threads were stopped: 0.0068548 seconds, Stopping threads took: 0.0002714 seconds
[8.973s][info ][safepoint    ] Application time: 0.0530207 seconds
[8.973s][info ][safepoint    ] Entering safepoint region: GenCollectForAllocation
[8.974s][info ][gc,start     ] GC(60) Pause Young (Allocation Failure)
[8.974s][info ][gc,task      ] GC(60) Using 4 workers of 4 for evacuation
[8.975s][debug][gc,ref       ] GC(60) Skipped phase1 of Reference Processing due to unavailable references
[8.975s][debug][gc,ref       ] GC(60) Skipped phase2 of Reference Processing due to unavailable references
[8.975s][debug][gc,ref       ] GC(60) Skipped phase3 of Reference Processing due to unavailable references
[8.975s][debug][gc,ref       ] GC(60) Skipped phase4 of Reference Processing due to unavailable references
[8.976s][debug][gc,age       ] GC(60) Desired survivor size 15368192 bytes, new threshold 6 (max threshold 6)
[8.976s][info ][gc,heap      ] GC(60) ParNew: 241077K->555K(270336K)
[8.976s][info ][gc,heap      ] GC(60) CMS: 121034K->121100K(600768K)
[8.976s][info ][gc,metaspace ] GC(60) Metaspace: 36647K->36647K(1083392K)
[8.976s][info ][gc           ] GC(60) Pause Young (Allocation Failure) 353M->118M(850M) 2.054ms
[8.976s][info ][gc,cpu       ] GC(60) User=0.01s Sys=0.00s Real=0.00s
[8.976s][info ][safepoint    ] Leaving safepoint region
[8.976s][info ][safepoint    ] Total time for which application threads were stopped: 0.0022848 seconds, Stopping threads took: 0.0000699 seconds
[9.024s][info ][safepoint    ] Application time: 0.0486288 seconds
[9.024s][info ][safepoint    ] Entering safepoint region: GenCollectForAllocation
[9.025s][info ][gc,start     ] GC(61) Pause Young (Allocation Failure)
[9.025s][info ][gc,task      ] GC(61) Using 4 workers of 4 for evacuation
[9.027s][debug][gc,ref       ] GC(61) Skipped phase1 of Reference Processing due to unavailable references
[9.027s][debug][gc,ref       ] GC(61) Skipped phase2 of Reference Processing due to unavailable references
[9.027s][debug][gc,ref       ] GC(61) Skipped phase3 of Reference Processing due to unavailable references
[9.027s][debug][gc,ref       ] GC(61) Skipped phase4 of Reference Processing due to unavailable references
[9.027s][debug][gc,age       ] GC(61) Desired survivor size 15368192 bytes, new threshold 6 (max threshold 6)
[9.027s][info ][gc,heap      ] GC(61) ParNew: 240875K->713K(270336K)
[9.027s][info ][gc,heap      ] GC(61) CMS: 121100K->121163K(600768K)
[9.027s][info ][gc,metaspace ] GC(61) Metaspace: 36647K->36647K(1083392K)
[9.027s][info ][gc           ] GC(61) Pause Young (Allocation Failure) 353M->119M(850M) 2.054ms
[9.027s][info ][gc,cpu       ] GC(61) User=0.01s Sys=0.00s Real=0.00s
[9.027s][info ][safepoint    ] Leaving safepoint region
[9.027s][info ][safepoint    ] Total time for which application threads were stopped: 0.0023833 seconds, Stopping threads took: 0.0001530 seconds
[9.087s][info ][safepoint    ] Application time: 0.0600625 seconds
[9.087s][info ][safepoint    ] Entering safepoint region: GenCollectForAllocation
[9.087s][info ][gc,start     ] GC(62) Pause Young (Allocation Failure)
[9.087s][info ][gc,task      ] GC(62) Using 4 workers of 4 for evacuation
[9.090s][debug][gc,ref       ] GC(62) Skipped phase1 of Reference Processing due to unavailable references
[9.090s][debug][gc,ref       ] GC(62) Skipped phase2 of Reference Processing due to unavailable references
[9.090s][debug][gc,ref       ] GC(62) Skipped phase3 of Reference Processing due to unavailable references
[9.090s][debug][gc,ref       ] GC(62) Skipped phase4 of Reference Processing due to unavailable references
[9.090s][debug][gc,age       ] GC(62) Desired survivor size 15368192 bytes, new threshold 6 (max threshold 6)
[9.090s][info ][gc,heap      ] GC(62) ParNew: 241033K->653K(270336K)
[9.090s][info ][gc,heap      ] GC(62) CMS: 121163K->121212K(600768K)
[9.090s][info ][gc,metaspace ] GC(62) Metaspace: 36647K->36647K(1083392K)
[9.090s][info ][gc           ] GC(62) Pause Young (Allocation Failure) 353M->119M(850M) 3.116ms
[9.090s][info ][gc,cpu       ] GC(62) User=0.01s Sys=0.00s Real=0.00s
[9.090s][info ][safepoint    ] Leaving safepoint region
[9.090s][info ][safepoint    ] Total time for which application threads were stopped: 0.0033694 seconds, Stopping threads took: 0.0001057 seconds
[9.157s][info ][safepoint    ] Application time: 0.0672477 seconds
[9.158s][info ][safepoint    ] Entering safepoint region: GenCollectForAllocation
[9.158s][info ][gc,start     ] GC(63) Pause Young (Allocation Failure)
[9.158s][info ][gc,task      ] GC(63) Using 4 workers of 4 for evacuation
[9.159s][debug][gc,ref       ] GC(63) Skipped phase1 of Reference Processing due to unavailable references
[9.160s][debug][gc,ref       ] GC(63) Skipped phase2 of Reference Processing due to unavailable references
[9.160s][debug][gc,ref       ] GC(63) Skipped phase3 of Reference Processing due to unavailable references
[9.160s][debug][gc,ref       ] GC(63) Skipped phase4 of Reference Processing due to unavailable references
[9.160s][debug][gc,age       ] GC(63) Desired survivor size 15368192 bytes, new threshold 6 (max threshold 6)
[9.160s][info ][gc,heap      ] GC(63) ParNew: 240973K->766K(270336K)
[9.160s][info ][gc,heap      ] GC(63) CMS: 121212K->121281K(600768K)
[9.160s][info ][gc,metaspace ] GC(63) Metaspace: 36647K->36647K(1083392K)
[9.160s][info ][gc           ] GC(63) Pause Young (Allocation Failure) 353M->119M(850M) 1.986ms
[9.160s][info ][gc,cpu       ] GC(63) User=0.01s Sys=0.00s Real=0.00s
[9.160s][info ][safepoint    ] Leaving safepoint region
[9.160s][info ][safepoint    ] Total time for which application threads were stopped: 0.0024704 seconds, Stopping threads took: 0.0000671 seconds
[9.221s][info ][safepoint    ] Application time: 0.0606045 seconds
[9.221s][info ][safepoint    ] Entering safepoint region: GenCollectForAllocation
[9.221s][info ][gc,start     ] GC(64) Pause Young (Allocation Failure)
[9.221s][info ][gc,task      ] GC(64) Using 4 workers of 4 for evacuation
[9.223s][debug][gc,ref       ] GC(64) Skipped phase1 of Reference Processing due to unavailable references
[9.223s][debug][gc,ref       ] GC(64) Skipped phase2 of Reference Processing due to unavailable references
[9.223s][debug][gc,ref       ] GC(64) Skipped phase3 of Reference Processing due to unavailable references
[9.223s][debug][gc,ref       ] GC(64) Skipped phase4 of Reference Processing due to unavailable references
[9.223s][debug][gc,age       ] GC(64) Desired survivor size 15368192 bytes, new threshold 6 (max threshold 6)
[9.223s][info ][gc,heap      ] GC(64) ParNew: 241086K->624K(270336K)
[9.223s][info ][gc,heap      ] GC(64) CMS: 121281K->121337K(600768K)
[9.223s][info ][gc,metaspace ] GC(64) Metaspace: 36647K->36647K(1083392K)
[9.223s][info ][gc           ] GC(64) Pause Young (Allocation Failure) 353M->119M(850M) 2.143ms
[9.223s][info ][gc,cpu       ] GC(64) User=0.01s Sys=0.01s Real=0.00s
[9.223s][info ][safepoint    ] Leaving safepoint region
[9.223s][info ][safepoint    ] Total time for which application threads were stopped: 0.0025143 seconds, Stopping threads took: 0.0001495 seconds
[9.271s][info ][safepoint    ] Application time: 0.0479241 seconds
[9.271s][info ][safepoint    ] Entering safepoint region: GenCollectForAllocation
[9.272s][info ][gc,start     ] GC(65) Pause Young (Allocation Failure)
[9.272s][info ][gc,task      ] GC(65) Using 4 workers of 4 for evacuation
[9.273s][debug][gc,ref       ] GC(65) Skipped phase1 of Reference Processing due to unavailable references
[9.273s][debug][gc,ref       ] GC(65) Skipped phase2 of Reference Processing due to unavailable references
[9.273s][debug][gc,ref       ] GC(65) Skipped phase3 of Reference Processing due to unavailable references
[9.273s][debug][gc,ref       ] GC(65) Skipped phase4 of Reference Processing due to unavailable references
[9.274s][debug][gc,age       ] GC(65) Desired survivor size 15368192 bytes, new threshold 6 (max threshold 6)
[9.274s][info ][gc,heap      ] GC(65) ParNew: 240944K->742K(270336K)
[9.274s][info ][gc,heap      ] GC(65) CMS: 121337K->121414K(600768K)
[9.274s][info ][gc,metaspace ] GC(65) Metaspace: 36647K->36647K(1083392K)
[9.274s][info ][gc           ] GC(65) Pause Young (Allocation Failure) 353M->119M(850M) 2.049ms
[9.274s][info ][gc,cpu       ] GC(65) User=0.00s Sys=0.00s Real=0.00s
[9.274s][info ][safepoint    ] Leaving safepoint region
[9.274s][info ][safepoint    ] Total time for which application threads were stopped: 0.0024690 seconds, Stopping threads took: 0.0002500 seconds
[9.330s][info ][safepoint    ] Application time: 0.0560487 seconds
[9.330s][info ][safepoint    ] Entering safepoint region: GenCollectForAllocation
[9.330s][info ][gc,start     ] GC(66) Pause Young (Allocation Failure)
[9.330s][info ][gc,task      ] GC(66) Using 4 workers of 4 for evacuation
[9.332s][debug][gc,ref       ] GC(66) Skipped phase1 of Reference Processing due to unavailable references
[9.332s][debug][gc,ref       ] GC(66) Skipped phase2 of Reference Processing due to unavailable references
[9.332s][debug][gc,ref       ] GC(66) Skipped phase3 of Reference Processing due to unavailable references
[9.332s][debug][gc,ref       ] GC(66) Skipped phase4 of Reference Processing due to unavailable references
[9.333s][debug][gc,age       ] GC(66) Desired survivor size 15368192 bytes, new threshold 6 (max threshold 6)
[9.333s][info ][gc,heap      ] GC(66) ParNew: 241062K->781K(270336K)
[9.333s][info ][gc,heap      ] GC(66) CMS: 121414K->121482K(600768K)
[9.333s][info ][gc,metaspace ] GC(66) Metaspace: 36647K->36647K(1083392K)
[9.333s][info ][gc           ] GC(66) Pause Young (Allocation Failure) 353M->119M(850M) 2.772ms
[9.333s][info ][gc,cpu       ] GC(66) User=0.01s Sys=0.00s Real=0.01s
[9.333s][info ][safepoint    ] Leaving safepoint region
[9.333s][info ][safepoint    ] Total time for which application threads were stopped: 0.0031503 seconds, Stopping threads took: 0.0001519 seconds
[9.380s][info ][safepoint    ] Application time: 0.0466766 seconds
[9.380s][info ][safepoint    ] Entering safepoint region: GenCollectForAllocation
[9.380s][info ][gc,start     ] GC(67) Pause Young (Allocation Failure)
[9.380s][info ][gc,task      ] GC(67) Using 4 workers of 4 for evacuation
[9.382s][debug][gc,ref       ] GC(67) Skipped phase1 of Reference Processing due to unavailable references
[9.382s][debug][gc,ref       ] GC(67) Skipped phase2 of Reference Processing due to unavailable references
[9.382s][debug][gc,ref       ] GC(67) Skipped phase3 of Reference Processing due to unavailable references
[9.382s][debug][gc,ref       ] GC(67) Skipped phase4 of Reference Processing due to unavailable references
[9.382s][debug][gc,age       ] GC(67) Desired survivor size 15368192 bytes, new threshold 6 (max threshold 6)
[9.382s][info ][gc,heap      ] GC(67) ParNew: 241101K->941K(270336K)
[9.382s][info ][gc,heap      ] GC(67) CMS: 121482K->121539K(600768K)
[9.382s][info ][gc,metaspace ] GC(67) Metaspace: 36651K->36651K(1083392K)
[9.382s][info ][gc           ] GC(67) Pause Young (Allocation Failure) 354M->119M(850M) 2.250ms
[9.382s][info ][gc,cpu       ] GC(67) User=0.01s Sys=0.01s Real=0.00s
[9.382s][info ][safepoint    ] Leaving safepoint region
[9.382s][info ][safepoint    ] Total time for which application threads were stopped: 0.0025506 seconds, Stopping threads took: 0.0001281 seconds
[9.432s][info ][safepoint    ] Application time: 0.0502553 seconds
[9.432s][info ][safepoint    ] Entering safepoint region: GenCollectForAllocation
[9.433s][info ][gc,start     ] GC(68) Pause Young (Allocation Failure)
[9.433s][info ][gc,task      ] GC(68) Using 4 workers of 4 for evacuation
[9.437s][debug][gc,ref       ] GC(68) Skipped phase1 of Reference Processing due to unavailable references
[9.437s][debug][gc,ref       ] GC(68) Skipped phase2 of Reference Processing due to unavailable references
[9.437s][debug][gc,ref       ] GC(68) Skipped phase3 of Reference Processing due to unavailable references
[9.437s][debug][gc,ref       ] GC(68) Skipped phase4 of Reference Processing due to unavailable references
[9.437s][debug][gc,age       ] GC(68) Desired survivor size 15368192 bytes, new threshold 6 (max threshold 6)
[9.437s][info ][gc,heap      ] GC(68) ParNew: 241261K->1878K(270336K)
[9.437s][info ][gc,heap      ] GC(68) CMS: 121539K->121605K(600768K)
[9.437s][info ][gc,metaspace ] GC(68) Metaspace: 36651K->36651K(1083392K)
[9.437s][info ][gc           ] GC(68) Pause Young (Allocation Failure) 354M->120M(850M) 4.775ms
[9.437s][info ][gc,cpu       ] GC(68) User=0.01s Sys=0.00s Real=0.00s
[9.437s][info ][safepoint    ] Leaving safepoint region
[9.437s][info ][safepoint    ] Total time for which application threads were stopped: 0.0050420 seconds, Stopping threads took: 0.0000843 seconds
[9.493s][info ][safepoint    ] Application time: 0.0556080 seconds
[9.494s][info ][safepoint    ] Entering safepoint region: GenCollectForAllocation
[9.494s][info ][gc,start     ] GC(69) Pause Young (Allocation Failure)
[9.494s][info ][gc,task      ] GC(69) Using 4 workers of 4 for evacuation
[9.497s][debug][gc,ref       ] GC(69) Skipped phase1 of Reference Processing due to unavailable references
[9.497s][debug][gc,ref       ] GC(69) Skipped phase2 of Reference Processing due to unavailable references
[9.497s][debug][gc,ref       ] GC(69) Skipped phase3 of Reference Processing due to unavailable references
[9.497s][debug][gc,ref       ] GC(69) Skipped phase4 of Reference Processing due to unavailable references
[9.497s][debug][gc,age       ] GC(69) Desired survivor size 15368192 bytes, new threshold 6 (max threshold 6)
[9.497s][info ][gc,heap      ] GC(69) ParNew: 242198K->2632K(270336K)
[9.497s][info ][gc,heap      ] GC(69) CMS: 121605K->121673K(600768K)
[9.497s][info ][gc,metaspace ] GC(69) Metaspace: 36651K->36651K(1083392K)
[9.497s][info ][gc           ] GC(69) Pause Young (Allocation Failure) 355M->121M(850M) 3.580ms
[9.497s][info ][gc,cpu       ] GC(69) User=0.01s Sys=0.00s Real=0.00s
[9.497s][info ][safepoint    ] Leaving safepoint region
[9.497s][info ][safepoint    ] Total time for which application threads were stopped: 0.0042428 seconds, Stopping threads took: 0.0004940 seconds
[9.552s][info ][safepoint    ] Application time: 0.0542829 seconds
[9.552s][info ][safepoint    ] Entering safepoint region: GenCollectForAllocation
[9.552s][info ][gc,start     ] GC(70) Pause Young (Allocation Failure)
[9.552s][info ][gc,task      ] GC(70) Using 4 workers of 4 for evacuation
[9.556s][debug][gc,ref       ] GC(70) Skipped phase1 of Reference Processing due to unavailable references
[9.556s][debug][gc,ref       ] GC(70) Skipped phase2 of Reference Processing due to unavailable references
[9.556s][debug][gc,ref       ] GC(70) Skipped phase3 of Reference Processing due to unavailable references
[9.556s][debug][gc,ref       ] GC(70) Skipped phase4 of Reference Processing due to unavailable references
[9.556s][debug][gc,age       ] GC(70) Desired survivor size 15368192 bytes, new threshold 6 (max threshold 6)
[9.556s][info ][gc,heap      ] GC(70) ParNew: 242952K->1827K(270336K)
[9.556s][info ][gc,heap      ] GC(70) CMS: 121673K->121757K(600768K)
[9.556s][info ][gc,metaspace ] GC(70) Metaspace: 36651K->36651K(1083392K)
[9.556s][info ][gc           ] GC(70) Pause Young (Allocation Failure) 356M->120M(850M) 4.089ms
[9.556s][info ][gc,cpu       ] GC(70) User=0.01s Sys=0.00s Real=0.00s
[9.556s][info ][safepoint    ] Leaving safepoint region
[9.556s][info ][safepoint    ] Total time for which application threads were stopped: 0.0047693 seconds, Stopping threads took: 0.0004483 seconds
[9.609s][info ][safepoint    ] Application time: 0.0525059 seconds
[9.609s][info ][safepoint    ] Entering safepoint region: GenCollectForAllocation
[9.609s][info ][gc,start     ] GC(71) Pause Young (Allocation Failure)
[9.609s][info ][gc,task      ] GC(71) Using 4 workers of 4 for evacuation
[9.613s][debug][gc,ref       ] GC(71) Skipped phase1 of Reference Processing due to unavailable references
[9.613s][debug][gc,ref       ] GC(71) Skipped phase2 of Reference Processing due to unavailable references
[9.613s][debug][gc,ref       ] GC(71) Skipped phase3 of Reference Processing due to unavailable references
[9.613s][debug][gc,ref       ] GC(71) Skipped phase4 of Reference Processing due to unavailable references
[9.613s][debug][gc,age       ] GC(71) Desired survivor size 15368192 bytes, new threshold 6 (max threshold 6)
[9.613s][info ][gc,heap      ] GC(71) ParNew: 242147K->2790K(270336K)
[9.613s][info ][gc,heap      ] GC(71) CMS: 121757K->121819K(600768K)
[9.613s][info ][gc,metaspace ] GC(71) Metaspace: 36651K->36651K(1083392K)
[9.613s][info ][gc           ] GC(71) Pause Young (Allocation Failure) 355M->121M(850M) 3.381ms
[9.613s][info ][gc,cpu       ] GC(71) User=0.01s Sys=0.00s Real=0.01s
[9.613s][info ][safepoint    ] Leaving safepoint region
[9.613s][info ][safepoint    ] Total time for which application threads were stopped: 0.0039265 seconds, Stopping threads took: 0.0001729 seconds
[9.664s][info ][safepoint    ] Application time: 0.0507303 seconds
[9.666s][info ][safepoint    ] Entering safepoint region: GenCollectForAllocation
[9.666s][info ][gc,start     ] GC(72) Pause Young (Allocation Failure)
[9.666s][info ][gc,task      ] GC(72) Using 4 workers of 4 for evacuation
[9.670s][debug][gc,ref       ] GC(72) Skipped phase1 of Reference Processing due to unavailable references
[9.670s][debug][gc,ref       ] GC(72) Skipped phase2 of Reference Processing due to unavailable references
[9.670s][debug][gc,ref       ] GC(72) Skipped phase3 of Reference Processing due to unavailable references
[9.670s][debug][gc,ref       ] GC(72) Skipped phase4 of Reference Processing due to unavailable references
[9.670s][debug][gc,age       ] GC(72) Desired survivor size 15368192 bytes, new threshold 6 (max threshold 6)
[9.670s][info ][gc,heap      ] GC(72) ParNew: 243110K->1876K(270336K)
[9.670s][info ][gc,heap      ] GC(72) CMS: 121819K->121903K(600768K)
[9.670s][info ][gc,metaspace ] GC(72) Metaspace: 36651K->36651K(1083392K)
[9.670s][info ][gc           ] GC(72) Pause Young (Allocation Failure) 356M->120M(850M) 3.826ms
[9.670s][info ][gc,cpu       ] GC(72) User=0.01s Sys=0.01s Real=0.00s
[9.670s][info ][safepoint    ] Leaving safepoint region
[9.670s][info ][safepoint    ] Total time for which application threads were stopped: 0.0063044 seconds, Stopping threads took: 0.0022855 seconds
[9.720s][info ][safepoint    ] Application time: 0.0494856 seconds
[9.721s][info ][safepoint    ] Entering safepoint region: GenCollectForAllocation
[9.721s][info ][gc,start     ] GC(73) Pause Young (Allocation Failure)
[9.721s][info ][gc,task      ] GC(73) Using 4 workers of 4 for evacuation
[9.725s][debug][gc,ref       ] GC(73) Skipped phase1 of Reference Processing due to unavailable references
[9.725s][debug][gc,ref       ] GC(73) Skipped phase2 of Reference Processing due to unavailable references
[9.725s][debug][gc,ref       ] GC(73) Skipped phase3 of Reference Processing due to unavailable references
[9.725s][debug][gc,ref       ] GC(73) Skipped phase4 of Reference Processing due to unavailable references
[9.725s][debug][gc,age       ] GC(73) Desired survivor size 15368192 bytes, new threshold 6 (max threshold 6)
[9.725s][info ][gc,heap      ] GC(73) ParNew: 242196K->2128K(270336K)
[9.725s][info ][gc,heap      ] GC(73) CMS: 121903K->122161K(600768K)
[9.725s][info ][gc,metaspace ] GC(73) Metaspace: 36651K->36651K(1083392K)
[9.725s][info ][gc           ] GC(73) Pause Young (Allocation Failure) 355M->121M(850M) 3.828ms
[9.725s][info ][gc,cpu       ] GC(73) User=0.02s Sys=0.00s Real=0.01s
[9.725s][info ][safepoint    ] Leaving safepoint region
[9.725s][info ][safepoint    ] Total time for which application threads were stopped: 0.0057026 seconds, Stopping threads took: 0.0017046 seconds
[9.776s][info ][safepoint    ] Application time: 0.0509788 seconds
[9.776s][info ][safepoint    ] Entering safepoint region: GenCollectForAllocation
[9.777s][info ][gc,start     ] GC(74) Pause Young (Allocation Failure)
[9.777s][info ][gc,task      ] GC(74) Using 4 workers of 4 for evacuation
[9.780s][debug][gc,ref       ] GC(74) Skipped phase1 of Reference Processing due to unavailable references
[9.780s][debug][gc,ref       ] GC(74) Skipped phase2 of Reference Processing due to unavailable references
[9.780s][debug][gc,ref       ] GC(74) Skipped phase3 of Reference Processing due to unavailable references
[9.780s][debug][gc,ref       ] GC(74) Skipped phase4 of Reference Processing due to unavailable references
[9.780s][debug][gc,age       ] GC(74) Desired survivor size 15368192 bytes, new threshold 6 (max threshold 6)
[9.780s][info ][gc,heap      ] GC(74) ParNew: 242448K->1410K(270336K)
[9.780s][info ][gc,heap      ] GC(74) CMS: 122161K->123141K(600768K)
[9.780s][info ][gc,metaspace ] GC(74) Metaspace: 36651K->36651K(1083392K)
[9.780s][info ][gc           ] GC(74) Pause Young (Allocation Failure) 356M->121M(850M) 3.923ms
[9.781s][info ][gc,cpu       ] GC(74) User=0.01s Sys=0.00s Real=0.00s
[9.781s][info ][safepoint    ] Leaving safepoint region
[9.781s][info ][safepoint    ] Total time for which application threads were stopped: 0.0041816 seconds, Stopping threads took: 0.0000710 seconds
[9.851s][info ][safepoint    ] Application time: 0.0707603 seconds
[9.851s][info ][safepoint    ] Entering safepoint region: GenCollectForAllocation
[9.852s][info ][gc,start     ] GC(75) Pause Young (Allocation Failure)
[9.852s][info ][gc,task      ] GC(75) Using 4 workers of 4 for evacuation
[9.854s][debug][gc,ref       ] GC(75) Skipped phase1 of Reference Processing due to unavailable references
[9.854s][debug][gc,ref       ] GC(75) Skipped phase2 of Reference Processing due to unavailable references
[9.854s][debug][gc,ref       ] GC(75) Skipped phase3 of Reference Processing due to unavailable references
[9.854s][debug][gc,ref       ] GC(75) Skipped phase4 of Reference Processing due to unavailable references
[9.854s][debug][gc,age       ] GC(75) Desired survivor size 15368192 bytes, new threshold 6 (max threshold 6)
[9.854s][info ][gc,heap      ] GC(75) ParNew: 241730K->847K(270336K)
[9.854s][info ][gc,heap      ] GC(75) CMS: 123141K->123233K(600768K)
[9.854s][info ][gc,metaspace ] GC(75) Metaspace: 36651K->36651K(1083392K)
[9.854s][info ][gc           ] GC(75) Pause Young (Allocation Failure) 356M->121M(850M) 2.481ms
[9.854s][info ][gc,cpu       ] GC(75) User=0.01s Sys=0.00s Real=0.00s
[9.854s][info ][safepoint    ] Leaving safepoint region
[9.854s][info ][safepoint    ] Total time for which application threads were stopped: 0.0027762 seconds, Stopping threads took: 0.0001273 seconds
[9.907s][info ][safepoint    ] Application time: 0.0526270 seconds
[9.907s][info ][safepoint    ] Entering safepoint region: GenCollectForAllocation
[9.907s][info ][gc,start     ] GC(76) Pause Young (Allocation Failure)
[9.907s][info ][gc,task      ] GC(76) Using 4 workers of 4 for evacuation
[9.910s][debug][gc,ref       ] GC(76) Skipped phase1 of Reference Processing due to unavailable references
[9.910s][debug][gc,ref       ] GC(76) Skipped phase2 of Reference Processing due to unavailable references
[9.910s][debug][gc,ref       ] GC(76) Skipped phase3 of Reference Processing due to unavailable references
[9.910s][debug][gc,ref       ] GC(76) Skipped phase4 of Reference Processing due to unavailable references
[9.910s][debug][gc,age       ] GC(76) Desired survivor size 15368192 bytes, new threshold 6 (max threshold 6)
[9.910s][info ][gc,heap      ] GC(76) ParNew: 241167K->1250K(270336K)
[9.910s][info ][gc,heap      ] GC(76) CMS: 123233K->123311K(600768K)
[9.910s][info ][gc,metaspace ] GC(76) Metaspace: 36651K->36651K(1083392K)
[9.910s][info ][gc           ] GC(76) Pause Young (Allocation Failure) 355M->121M(850M) 2.759ms
[9.910s][info ][gc,cpu       ] GC(76) User=0.01s Sys=0.00s Real=0.00s
[9.910s][info ][safepoint    ] Leaving safepoint region
[9.910s][info ][safepoint    ] Total time for which application threads were stopped: 0.0030252 seconds, Stopping threads took: 0.0000738 seconds
[9.957s][info ][safepoint    ] Application time: 0.0466830 seconds
[9.960s][info ][safepoint    ] Entering safepoint region: GenCollectForAllocation
[9.960s][info ][gc,start     ] GC(77) Pause Young (Allocation Failure)
[9.960s][info ][gc,task      ] GC(77) Using 4 workers of 4 for evacuation
[9.964s][debug][gc,ref       ] GC(77) Skipped phase1 of Reference Processing due to unavailable references
[9.964s][debug][gc,ref       ] GC(77) Skipped phase2 of Reference Processing due to unavailable references
[9.964s][debug][gc,ref       ] GC(77) Skipped phase3 of Reference Processing due to unavailable references
[9.964s][debug][gc,ref       ] GC(77) Skipped phase4 of Reference Processing due to unavailable references
[9.964s][debug][gc,age       ] GC(77) Desired survivor size 15368192 bytes, new threshold 6 (max threshold 6)
[9.964s][info ][gc,heap      ] GC(77) ParNew: 241570K->1686K(270336K)
[9.964s][info ][gc,heap      ] GC(77) CMS: 123311K->123390K(600768K)
[9.964s][info ][gc,metaspace ] GC(77) Metaspace: 36651K->36651K(1083392K)
[9.964s][info ][gc           ] GC(77) Pause Young (Allocation Failure) 356M->122M(850M) 3.607ms
[9.964s][info ][gc,cpu       ] GC(77) User=0.02s Sys=0.00s Real=0.01s
[9.964s][info ][safepoint    ] Leaving safepoint region
[9.964s][info ][safepoint    ] Total time for which application threads were stopped: 0.0073493 seconds, Stopping threads took: 0.0035586 seconds
[10.020s][info ][safepoint    ] Application time: 0.0559629 seconds
[10.023s][info ][safepoint    ] Entering safepoint region: GenCollectForAllocation
[10.023s][info ][gc,start     ] GC(78) Pause Young (Allocation Failure)
[10.024s][info ][gc,task      ] GC(78) Using 4 workers of 4 for evacuation
[10.028s][debug][gc,ref       ] GC(78) Skipped phase1 of Reference Processing due to unavailable references
[10.028s][debug][gc,ref       ] GC(78) Skipped phase2 of Reference Processing due to unavailable references
[10.028s][debug][gc,ref       ] GC(78) Skipped phase3 of Reference Processing due to unavailable references
[10.028s][debug][gc,ref       ] GC(78) Skipped phase4 of Reference Processing due to unavailable references
[10.028s][debug][gc,age       ] GC(78) Desired survivor size 15368192 bytes, new threshold 6 (max threshold 6)
[10.028s][info ][gc,heap      ] GC(78) ParNew: 242006K->2614K(270336K)
[10.028s][info ][gc,heap      ] GC(78) CMS: 123390K->123467K(600768K)
[10.028s][info ][gc,metaspace ] GC(78) Metaspace: 36651K->36651K(1083392K)
[10.028s][info ][gc           ] GC(78) Pause Young (Allocation Failure) 356M->123M(850M) 4.693ms
[10.028s][info ][gc,cpu       ] GC(78) User=0.02s Sys=0.00s Real=0.00s
[10.028s][info ][safepoint    ] Leaving safepoint region
[10.028s][info ][safepoint    ] Total time for which application threads were stopped: 0.0083218 seconds, Stopping threads took: 0.0033660 seconds
[10.099s][info ][safepoint    ] Application time: 0.0705778 seconds
[10.099s][info ][safepoint    ] Entering safepoint region: GenCollectForAllocation
[10.099s][info ][gc,start     ] GC(79) Pause Young (Allocation Failure)
[10.099s][info ][gc,task      ] GC(79) Using 4 workers of 4 for evacuation
[10.104s][debug][gc,ref       ] GC(79) Skipped phase1 of Reference Processing due to unavailable references
[10.104s][debug][gc,ref       ] GC(79) Skipped phase2 of Reference Processing due to unavailable references
[10.104s][debug][gc,ref       ] GC(79) Skipped phase3 of Reference Processing due to unavailable references
[10.104s][debug][gc,ref       ] GC(79) Skipped phase4 of Reference Processing due to unavailable references
[10.104s][debug][gc,age       ] GC(79) Desired survivor size 15368192 bytes, new threshold 6 (max threshold 6)
[10.104s][info ][gc,heap      ] GC(79) ParNew: 242934K->3851K(270336K)
[10.104s][info ][gc,heap      ] GC(79) CMS: 123467K->123546K(600768K)
[10.104s][info ][gc,metaspace ] GC(79) Metaspace: 36652K->36652K(1083392K)
[10.105s][info ][gc           ] GC(79) Pause Young (Allocation Failure) 357M->124M(850M) 5.360ms
[10.105s][info ][gc,cpu       ] GC(79) User=0.02s Sys=0.00s Real=0.01s
[10.105s][info ][safepoint    ] Leaving safepoint region
[10.105s][info ][safepoint    ] Total time for which application threads were stopped: 0.0057201 seconds, Stopping threads took: 0.0001618 seconds
[10.174s][info ][safepoint    ] Application time: 0.0696321 seconds
[10.178s][info ][safepoint    ] Entering safepoint region: GenCollectForAllocation
[10.178s][info ][gc,start     ] GC(80) Pause Young (Allocation Failure)
[10.178s][info ][gc,task      ] GC(80) Using 4 workers of 4 for evacuation
[10.184s][debug][gc,ref       ] GC(80) Skipped phase1 of Reference Processing due to unavailable references
[10.184s][debug][gc,ref       ] GC(80) Skipped phase2 of Reference Processing due to unavailable references
[10.184s][debug][gc,ref       ] GC(80) Skipped phase3 of Reference Processing due to unavailable references
[10.184s][debug][gc,ref       ] GC(80) Skipped phase4 of Reference Processing due to unavailable references
[10.184s][debug][gc,age       ] GC(80) Desired survivor size 15368192 bytes, new threshold 6 (max threshold 6)
[10.184s][info ][gc,heap      ] GC(80) ParNew: 244171K->4536K(270336K)
[10.184s][info ][gc,heap      ] GC(80) CMS: 123546K->123611K(600768K)
[10.184s][info ][gc,metaspace ] GC(80) Metaspace: 36652K->36652K(1083392K)
[10.184s][info ][gc           ] GC(80) Pause Young (Allocation Failure) 359M->125M(850M) 6.104ms
[10.184s][info ][gc,cpu       ] GC(80) User=0.00s Sys=0.02s Real=0.01s
[10.185s][info ][safepoint    ] Leaving safepoint region
[10.185s][info ][safepoint    ] Total time for which application threads were stopped: 0.0102916 seconds, Stopping threads took: 0.0039959 seconds
[10.242s][info ][safepoint    ] Application time: 0.0572279 seconds
[10.242s][info ][safepoint    ] Entering safepoint region: GenCollectForAllocation
[10.242s][info ][gc,start     ] GC(81) Pause Young (Allocation Failure)
[10.242s][info ][gc,task      ] GC(81) Using 4 workers of 4 for evacuation
[10.248s][debug][gc,ref       ] GC(81) Skipped phase1 of Reference Processing due to unavailable references
[10.248s][debug][gc,ref       ] GC(81) Skipped phase2 of Reference Processing due to unavailable references
[10.248s][debug][gc,ref       ] GC(81) Skipped phase3 of Reference Processing due to unavailable references
[10.248s][debug][gc,ref       ] GC(81) Skipped phase4 of Reference Processing due to unavailable references
[10.248s][debug][gc,age       ] GC(81) Desired survivor size 15368192 bytes, new threshold 6 (max threshold 6)
[10.249s][info ][gc,heap      ] GC(81) ParNew: 244856K->5569K(270336K)
[10.249s][info ][gc,heap      ] GC(81) CMS: 123611K->123863K(600768K)
[10.249s][info ][gc,metaspace ] GC(81) Metaspace: 36652K->36652K(1083392K)
[10.249s][info ][gc           ] GC(81) Pause Young (Allocation Failure) 359M->126M(850M) 6.478ms
[10.249s][info ][gc,cpu       ] GC(81) User=0.03s Sys=0.00s Real=0.01s
[10.249s][info ][safepoint    ] Leaving safepoint region
[10.249s][info ][safepoint    ] Total time for which application threads were stopped: 0.0067917 seconds, Stopping threads took: 0.0001389 seconds
[10.342s][info ][safepoint    ] Application time: 0.0930543 seconds
[10.342s][info ][safepoint    ] Entering safepoint region: GenCollectForAllocation
[10.342s][info ][gc,start     ] GC(82) Pause Young (Allocation Failure)
[10.342s][info ][gc,task      ] GC(82) Using 4 workers of 4 for evacuation
[10.354s][debug][gc,ref       ] GC(82) Skipped phase1 of Reference Processing due to unavailable references
[10.354s][debug][gc,ref       ] GC(82) Skipped phase2 of Reference Processing due to unavailable references
[10.354s][debug][gc,ref       ] GC(82) Skipped phase3 of Reference Processing due to unavailable references
[10.354s][debug][gc,ref       ] GC(82) Skipped phase4 of Reference Processing due to unavailable references
[10.354s][debug][gc,age       ] GC(82) Desired survivor size 15368192 bytes, new threshold 6 (max threshold 6)
[10.354s][info ][gc,heap      ] GC(82) ParNew: 245889K->8558K(270336K)
[10.354s][info ][gc,heap      ] GC(82) CMS: 123863K->124183K(600768K)
[10.354s][info ][gc,metaspace ] GC(82) Metaspace: 36652K->36652K(1083392K)
[10.354s][info ][gc           ] GC(82) Pause Young (Allocation Failure) 361M->129M(850M) 11.853ms
[10.354s][info ][gc,cpu       ] GC(82) User=0.05s Sys=0.00s Real=0.02s
[10.354s][info ][safepoint    ] Leaving safepoint region
[10.354s][info ][safepoint    ] Total time for which application threads were stopped: 0.0123673 seconds, Stopping threads took: 0.0002447 seconds
[10.413s][info ][safepoint    ] Application time: 0.0589192 seconds
[10.416s][info ][safepoint    ] Entering safepoint region: GenCollectForAllocation
[10.416s][info ][gc,start     ] GC(83) Pause Young (Allocation Failure)
[10.416s][info ][gc,task      ] GC(83) Using 4 workers of 4 for evacuation
[10.426s][debug][gc,ref       ] GC(83) Skipped phase1 of Reference Processing due to unavailable references
[10.427s][debug][gc,ref       ] GC(83) Skipped phase2 of Reference Processing due to unavailable references
[10.427s][debug][gc,ref       ] GC(83) Skipped phase3 of Reference Processing due to unavailable references
[10.427s][debug][gc,ref       ] GC(83) Skipped phase4 of Reference Processing due to unavailable references
[10.427s][debug][gc,age       ] GC(83) Desired survivor size 15368192 bytes, new threshold 6 (max threshold 6)
[10.427s][info ][gc,heap      ] GC(83) ParNew: 248878K->10526K(270336K)
[10.427s][info ][gc,heap      ] GC(83) CMS: 124183K->124829K(600768K)
[10.427s][info ][gc,metaspace ] GC(83) Metaspace: 36652K->36652K(1083392K)
[10.427s][info ][gc           ] GC(83) Pause Young (Allocation Failure) 364M->132M(850M) 10.296ms
[10.427s][info ][gc,cpu       ] GC(83) User=0.04s Sys=0.00s Real=0.01s
[10.427s][info ][safepoint    ] Leaving safepoint region
[10.427s][info ][safepoint    ] Total time for which application threads were stopped: 0.0137308 seconds, Stopping threads took: 0.0032237 seconds
[10.498s][info ][safepoint    ] Application time: 0.0708934 seconds
[10.498s][info ][safepoint    ] Entering safepoint region: GenCollectForAllocation
[10.498s][info ][gc,start     ] GC(84) Pause Young (Allocation Failure)
[10.498s][info ][gc,task      ] GC(84) Using 4 workers of 4 for evacuation
[10.508s][debug][gc,ref       ] GC(84) Skipped phase1 of Reference Processing due to unavailable references
[10.508s][debug][gc,ref       ] GC(84) Skipped phase2 of Reference Processing due to unavailable references
[10.508s][debug][gc,ref       ] GC(84) Skipped phase3 of Reference Processing due to unavailable references
[10.508s][debug][gc,ref       ] GC(84) Skipped phase4 of Reference Processing due to unavailable references
[10.508s][debug][gc,age       ] GC(84) Desired survivor size 15368192 bytes, new threshold 6 (max threshold 6)
[10.508s][info ][gc,heap      ] GC(84) ParNew: 250846K->6661K(270336K)
[10.508s][info ][gc,heap      ] GC(84) CMS: 124829K->125631K(600768K)
[10.508s][info ][gc,metaspace ] GC(84) Metaspace: 36652K->36652K(1083392K)
[10.508s][info ][gc           ] GC(84) Pause Young (Allocation Failure) 366M->129M(850M) 10.363ms
[10.508s][info ][gc,cpu       ] GC(84) User=0.04s Sys=0.00s Real=0.01s
[10.508s][info ][safepoint    ] Leaving safepoint region
[10.508s][info ][safepoint    ] Total time for which application threads were stopped: 0.0107935 seconds, Stopping threads took: 0.0002591 seconds
[10.587s][info ][safepoint    ] Application time: 0.0785951 seconds
[10.587s][info ][safepoint    ] Entering safepoint region: GenCollectForAllocation
[10.587s][info ][gc,start     ] GC(85) Pause Young (Allocation Failure)
[10.587s][info ][gc,task      ] GC(85) Using 4 workers of 4 for evacuation
[10.595s][debug][gc,ref       ] GC(85) Skipped phase1 of Reference Processing due to unavailable references
[10.595s][debug][gc,ref       ] GC(85) Skipped phase2 of Reference Processing due to unavailable references
[10.595s][debug][gc,ref       ] GC(85) Skipped phase3 of Reference Processing due to unavailable references
[10.595s][debug][gc,ref       ] GC(85) Skipped phase4 of Reference Processing due to unavailable references
[10.595s][debug][gc,age       ] GC(85) Desired survivor size 15368192 bytes, new threshold 6 (max threshold 6)
[10.595s][info ][gc,heap      ] GC(85) ParNew: 246981K->7915K(270336K)
[10.595s][info ][gc,heap      ] GC(85) CMS: 125631K->126425K(600768K)
[10.595s][info ][gc,metaspace ] GC(85) Metaspace: 36652K->36652K(1083392K)
[10.595s][info ][gc           ] GC(85) Pause Young (Allocation Failure) 363M->131M(850M) 7.925ms
[10.595s][info ][gc,cpu       ] GC(85) User=0.02s Sys=0.01s Real=0.01s
[10.595s][info ][safepoint    ] Leaving safepoint region
[10.595s][info ][safepoint    ] Total time for which application threads were stopped: 0.0082189 seconds, Stopping threads took: 0.0001236 seconds
[10.670s][info ][safepoint    ] Application time: 0.0747669 seconds
[10.670s][info ][safepoint    ] Entering safepoint region: GenCollectForAllocation
[10.670s][info ][gc,start     ] GC(86) Pause Young (Allocation Failure)
[10.670s][info ][gc,task      ] GC(86) Using 4 workers of 4 for evacuation
[10.677s][debug][gc,ref       ] GC(86) Skipped phase1 of Reference Processing due to unavailable references
[10.677s][debug][gc,ref       ] GC(86) Skipped phase2 of Reference Processing due to unavailable references
[10.677s][debug][gc,ref       ] GC(86) Skipped phase3 of Reference Processing due to unavailable references
[10.677s][debug][gc,ref       ] GC(86) Skipped phase4 of Reference Processing due to unavailable references
[10.677s][debug][gc,age       ] GC(86) Desired survivor size 15368192 bytes, new threshold 6 (max threshold 6)
[10.677s][info ][gc,heap      ] GC(86) ParNew: 248235K->7232K(270336K)
[10.677s][info ][gc,heap      ] GC(86) CMS: 126425K->126527K(600768K)
[10.677s][info ][gc,metaspace ] GC(86) Metaspace: 36652K->36652K(1083392K)
[10.677s][info ][gc           ] GC(86) Pause Young (Allocation Failure) 365M->130M(850M) 6.819ms
[10.677s][info ][gc,cpu       ] GC(86) User=0.03s Sys=0.00s Real=0.01s
[10.677s][info ][safepoint    ] Leaving safepoint region
[10.677s][info ][safepoint    ] Total time for which application threads were stopped: 0.0071438 seconds, Stopping threads took: 0.0001578 seconds
[10.755s][info ][safepoint    ] Application time: 0.0778049 seconds
[10.762s][info ][safepoint    ] Entering safepoint region: GenCollectForAllocation
[10.763s][info ][gc,start     ] GC(87) Pause Young (Allocation Failure)
[10.763s][info ][gc,task      ] GC(87) Using 4 workers of 4 for evacuation
[10.770s][debug][gc,ref       ] GC(87) Skipped phase1 of Reference Processing due to unavailable references
[10.770s][debug][gc,ref       ] GC(87) Skipped phase2 of Reference Processing due to unavailable references
[10.770s][debug][gc,ref       ] GC(87) Skipped phase3 of Reference Processing due to unavailable references
[10.770s][debug][gc,ref       ] GC(87) Skipped phase4 of Reference Processing due to unavailable references
[10.770s][debug][gc,age       ] GC(87) Desired survivor size 15368192 bytes, new threshold 6 (max threshold 6)
[10.770s][info ][gc,heap      ] GC(87) ParNew: 247552K->7111K(270336K)
[10.770s][info ][gc,heap      ] GC(87) CMS: 126527K->127167K(600768K)
[10.770s][info ][gc,metaspace ] GC(87) Metaspace: 36652K->36652K(1083392K)
[10.770s][info ][gc           ] GC(87) Pause Young (Allocation Failure) 365M->131M(850M) 7.830ms
[10.770s][info ][gc,cpu       ] GC(87) User=0.03s Sys=0.00s Real=0.01s
[10.770s][info ][safepoint    ] Leaving safepoint region
[10.770s][info ][safepoint    ] Total time for which application threads were stopped: 0.0152819 seconds, Stopping threads took: 0.0072778 seconds
[10.857s][info ][safepoint    ] Application time: 0.0864613 seconds
[10.860s][info ][safepoint    ] Entering safepoint region: GenCollectForAllocation
[10.860s][info ][gc,start     ] GC(88) Pause Young (Allocation Failure)
[10.860s][info ][gc,task      ] GC(88) Using 4 workers of 4 for evacuation
[10.872s][debug][gc,ref       ] GC(88) Skipped phase1 of Reference Processing due to unavailable references
[10.872s][debug][gc,ref       ] GC(88) Skipped phase2 of Reference Processing due to unavailable references
[10.872s][debug][gc,ref       ] GC(88) Skipped phase3 of Reference Processing due to unavailable references
[10.872s][debug][gc,ref       ] GC(88) Skipped phase4 of Reference Processing due to unavailable references
[10.872s][debug][gc,age       ] GC(88) Desired survivor size 15368192 bytes, new threshold 6 (max threshold 6)
[10.872s][info ][gc,heap      ] GC(88) ParNew: 247431K->5347K(270336K)
[10.872s][info ][gc,heap      ] GC(88) CMS: 127167K->131807K(600768K)
[10.872s][info ][gc,metaspace ] GC(88) Metaspace: 36652K->36652K(1083392K)
[10.872s][info ][gc           ] GC(88) Pause Young (Allocation Failure) 365M->133M(850M) 11.489ms
[10.872s][info ][gc,cpu       ] GC(88) User=0.04s Sys=0.00s Real=0.02s
[10.872s][info ][safepoint    ] Leaving safepoint region
[10.872s][info ][safepoint    ] Total time for which application threads were stopped: 0.0148540 seconds, Stopping threads took: 0.0031872 seconds
[10.964s][info ][safepoint    ] Application time: 0.0918305 seconds
[10.967s][info ][safepoint    ] Entering safepoint region: GenCollectForAllocation
[10.967s][info ][gc,start     ] GC(89) Pause Young (Allocation Failure)
[10.967s][info ][gc,task      ] GC(89) Using 4 workers of 4 for evacuation
[10.970s][debug][gc,ref       ] GC(89) Skipped phase1 of Reference Processing due to unavailable references
[10.970s][debug][gc,ref       ] GC(89) Skipped phase2 of Reference Processing due to unavailable references
[10.970s][debug][gc,ref       ] GC(89) Skipped phase3 of Reference Processing due to unavailable references
[10.970s][debug][gc,ref       ] GC(89) Skipped phase4 of Reference Processing due to unavailable references
[10.970s][debug][gc,age       ] GC(89) Desired survivor size 15368192 bytes, new threshold 6 (max threshold 6)
[10.970s][info ][gc,heap      ] GC(89) ParNew: 245667K->1605K(270336K)
[10.970s][info ][gc,heap      ] GC(89) CMS: 131807K->131908K(600768K)
[10.970s][info ][gc,metaspace ] GC(89) Metaspace: 36652K->36652K(1083392K)
[10.970s][info ][gc           ] GC(89) Pause Young (Allocation Failure) 368M->130M(850M) 3.153ms
[10.970s][info ][gc,cpu       ] GC(89) User=0.01s Sys=0.00s Real=0.00s
[10.970s][info ][safepoint    ] Leaving safepoint region
[10.970s][info ][safepoint    ] Total time for which application threads were stopped: 0.0067842 seconds, Stopping threads took: 0.0034688 seconds
[11.013s][info ][safepoint    ] Application time: 0.0429207 seconds
[11.014s][info ][safepoint    ] Entering safepoint region: RevokeBias
[11.014s][info ][safepoint    ] Leaving safepoint region
[11.014s][info ][safepoint    ] Total time for which application threads were stopped: 0.0002880 seconds, Stopping threads took: 0.0001798 seconds
[11.014s][info ][safepoint    ] Application time: 0.0006902 seconds
[11.015s][info ][safepoint    ] Entering safepoint region: RevokeBias
[11.015s][info ][safepoint    ] Leaving safepoint region
[11.015s][info ][safepoint    ] Total time for which application threads were stopped: 0.0002277 seconds, Stopping threads took: 0.0001373 seconds
[11.015s][info ][safepoint    ] Application time: 0.0004398 seconds
[11.015s][info ][safepoint    ] Entering safepoint region: RevokeBias
[11.015s][info ][safepoint    ] Leaving safepoint region
[11.015s][info ][safepoint    ] Total time for which application threads were stopped: 0.0002276 seconds, Stopping threads took: 0.0001381 seconds
[11.016s][info ][safepoint    ] Application time: 0.0001758 seconds
[11.016s][info ][safepoint    ] Entering safepoint region: RevokeBias
[11.016s][info ][safepoint    ] Leaving safepoint region
[11.016s][info ][safepoint    ] Total time for which application threads were stopped: 0.0000704 seconds, Stopping threads took: 0.0000095 seconds
[11.016s][info ][safepoint    ] Application time: 0.0002116 seconds
[11.016s][info ][safepoint    ] Entering safepoint region: RevokeBias
[11.016s][info ][safepoint    ] Leaving safepoint region
[11.016s][info ][safepoint    ] Total time for which application threads were stopped: 0.0004666 seconds, Stopping threads took: 0.0001769 seconds
[11.025s][info ][safepoint    ] Application time: 0.0089177 seconds
[11.026s][info ][safepoint    ] Entering safepoint region: RevokeBias
[11.026s][info ][safepoint    ] Leaving safepoint region
[11.026s][info ][safepoint    ] Total time for which application threads were stopped: 0.0003380 seconds, Stopping threads took: 0.0002259 seconds
[11.078s][info ][safepoint    ] Application time: 0.0526439 seconds
[11.078s][info ][safepoint    ] Entering safepoint region: RevokeBias
[11.078s][info ][safepoint    ] Leaving safepoint region
[11.078s][info ][safepoint    ] Total time for which application threads were stopped: 0.0001598 seconds, Stopping threads took: 0.0000860 seconds
[11.517s][info ][safepoint    ] Application time: 0.4385275 seconds
[11.517s][info ][safepoint    ] Entering safepoint region: GenCollectForAllocation
[11.517s][info ][gc,start     ] GC(90) Pause Young (Allocation Failure)
[11.517s][info ][gc,task      ] GC(90) Using 4 workers of 4 for evacuation
[11.526s][debug][gc,ref       ] GC(90) Skipped phase1 of Reference Processing due to unavailable references
[11.526s][debug][gc,ref       ] GC(90) Skipped phase3 of Reference Processing due to unavailable references
[11.526s][debug][gc,age       ] GC(90) Desired survivor size 15368192 bytes, new threshold 6 (max threshold 6)
[11.526s][info ][gc,heap      ] GC(90) ParNew: 241925K->11076K(270336K)
[11.526s][info ][gc,heap      ] GC(90) CMS: 131908K->132030K(600768K)
[11.526s][info ][gc,metaspace ] GC(90) Metaspace: 37161K->37161K(1083392K)
[11.526s][info ][gc           ] GC(90) Pause Young (Allocation Failure) 365M->139M(850M) 9.141ms
[11.526s][info ][gc,cpu       ] GC(90) User=0.04s Sys=0.00s Real=0.01s
[11.526s][info ][safepoint    ] Leaving safepoint region
[11.526s][info ][safepoint    ] Total time for which application threads were stopped: 0.0093234 seconds, Stopping threads took: 0.0000134 seconds
[11.762s][info ][safepoint    ] Application time: 0.2356521 seconds
[11.762s][info ][safepoint    ] Entering safepoint region: ICBufferFull
[11.762s][info ][safepoint    ] Leaving safepoint region
[11.762s][info ][safepoint    ] Total time for which application threads were stopped: 0.0002011 seconds, Stopping threads took: 0.0000141 seconds
[11.879s][info ][safepoint    ] Application time: 0.1168825 seconds
[11.879s][info ][safepoint    ] Entering safepoint region: RevokeBias
[11.879s][info ][safepoint    ] Leaving safepoint region
[11.879s][info ][safepoint    ] Total time for which application threads were stopped: 0.0001055 seconds, Stopping threads took: 0.0000134 seconds
[11.896s][info ][safepoint    ] Application time: 0.0170922 seconds
[11.896s][info ][safepoint    ] Entering safepoint region: Deoptimize
[11.897s][info ][safepoint    ] Leaving safepoint region
[11.897s][info ][safepoint    ] Total time for which application threads were stopped: 0.0008018 seconds, Stopping threads took: 0.0000147 seconds
[11.908s][info ][safepoint    ] Application time: 0.0107650 seconds
[11.908s][info ][safepoint    ] Entering safepoint region: RevokeBias
[11.908s][info ][safepoint    ] Leaving safepoint region
[11.908s][info ][safepoint    ] Total time for which application threads were stopped: 0.0000674 seconds, Stopping threads took: 0.0000136 seconds
[11.909s][info ][safepoint    ] Application time: 0.0007459 seconds
[11.909s][info ][safepoint    ] Entering safepoint region: RevokeBias
[11.909s][info ][safepoint    ] Leaving safepoint region
[11.909s][info ][safepoint    ] Total time for which application threads were stopped: 0.0000364 seconds, Stopping threads took: 0.0000091 seconds
[11.909s][info ][safepoint    ] Application time: 0.0000503 seconds
[11.909s][info ][safepoint    ] Entering safepoint region: RevokeBias
[11.909s][info ][safepoint    ] Leaving safepoint region
[11.909s][info ][safepoint    ] Total time for which application threads were stopped: 0.0000221 seconds, Stopping threads took: 0.0000060 seconds
[11.910s][info ][safepoint    ] Application time: 0.0006465 seconds
[11.910s][info ][safepoint    ] Entering safepoint region: Deoptimize
[11.910s][info ][safepoint    ] Leaving safepoint region
[11.910s][info ][safepoint    ] Total time for which application threads were stopped: 0.0007149 seconds, Stopping threads took: 0.0000092 seconds
[11.943s][info ][safepoint    ] Application time: 0.0321111 seconds
[11.943s][info ][safepoint    ] Entering safepoint region: Deoptimize
[11.943s][info ][safepoint    ] Leaving safepoint region
[11.943s][info ][safepoint    ] Total time for which application threads were stopped: 0.0007817 seconds, Stopping threads took: 0.0000134 seconds
[11.960s][info ][safepoint    ] Application time: 0.0166243 seconds
[11.960s][info ][safepoint    ] Entering safepoint region: BulkRevokeBias
[11.960s][info ][safepoint    ] Leaving safepoint region
[11.960s][info ][safepoint    ] Total time for which application threads were stopped: 0.0001936 seconds, Stopping threads took: 0.0000152 seconds
[12.016s][info ][safepoint    ] Application time: 0.0554850 seconds
[12.016s][info ][safepoint    ] Entering safepoint region: Deoptimize
[12.016s][info ][safepoint    ] Leaving safepoint region
[12.016s][info ][safepoint    ] Total time for which application threads were stopped: 0.0007930 seconds, Stopping threads took: 0.0000480 seconds
[12.065s][info ][safepoint    ] Application time: 0.0482557 seconds
[12.065s][info ][safepoint    ] Entering safepoint region: RevokeBias
[12.065s][info ][safepoint    ] Leaving safepoint region
[12.065s][info ][safepoint    ] Total time for which application threads were stopped: 0.0001323 seconds, Stopping threads took: 0.0000447 seconds
[12.065s][info ][safepoint    ] Application time: 0.0000618 seconds
[12.065s][info ][safepoint    ] Entering safepoint region: RevokeBias
[12.065s][info ][safepoint    ] Leaving safepoint region
[12.065s][info ][safepoint    ] Total time for which application threads were stopped: 0.0000469 seconds, Stopping threads took: 0.0000173 seconds
[12.371s][info ][safepoint    ] Application time: 0.3058641 seconds
[12.371s][info ][safepoint    ] Entering safepoint region: ICBufferFull
[12.371s][info ][safepoint    ] Leaving safepoint region
[12.371s][info ][safepoint    ] Total time for which application threads were stopped: 0.0001943 seconds, Stopping threads took: 0.0000149 seconds
[12.526s][info ][safepoint    ] Application time: 0.1550049 seconds
[12.526s][info ][safepoint    ] Entering safepoint region: ICBufferFull
[12.526s][info ][safepoint    ] Leaving safepoint region
[12.526s][info ][safepoint    ] Total time for which application threads were stopped: 0.0001652 seconds, Stopping threads took: 0.0000129 seconds
[12.774s][info ][safepoint    ] Application time: 0.2475237 seconds
[12.774s][info ][safepoint    ] Entering safepoint region: ICBufferFull
[12.774s][info ][safepoint    ] Leaving safepoint region
[12.774s][info ][safepoint    ] Total time for which application threads were stopped: 0.0001669 seconds, Stopping threads took: 0.0000149 seconds
[12.974s][info ][safepoint    ] Application time: 0.2000526 seconds
[12.974s][info ][safepoint    ] Entering safepoint region: GenCollectForAllocation
[12.974s][info ][gc,start     ] GC(91) Pause Young (Allocation Failure)
[12.974s][info ][gc,task      ] GC(91) Using 4 workers of 4 for evacuation
[13.095s][debug][gc,ref       ] GC(91) Skipped phase1 of Reference Processing due to unavailable references
[13.095s][debug][gc,ref       ] GC(91) Skipped phase3 of Reference Processing due to unavailable references
[13.095s][debug][gc,age       ] GC(91) Desired survivor size 15368192 bytes, new threshold 1 (max threshold 6)
[13.095s][info ][gc,heap      ] GC(91) ParNew: 251396K->30016K(270336K)
[13.095s][info ][gc,heap      ] GC(91) CMS: 132030K->188309K(600768K)
[13.095s][info ][gc,metaspace ] GC(91) Metaspace: 42165K->42165K(1087488K)
[13.095s][info ][gc           ] GC(91) Pause Young (Allocation Failure) 374M->213M(850M) 121.042ms
[13.095s][info ][gc,cpu       ] GC(91) User=0.40s Sys=0.03s Real=0.12s
[13.095s][info ][safepoint    ] Leaving safepoint region
[13.095s][info ][safepoint    ] Total time for which application threads were stopped: 0.1212470 seconds, Stopping threads took: 0.0000134 seconds
[13.181s][info ][safepoint    ] Application time: 0.0855063 seconds
[13.181s][info ][safepoint    ] Entering safepoint region: RevokeBias
[13.181s][info ][safepoint    ] Leaving safepoint region
[13.181s][info ][safepoint    ] Total time for which application threads were stopped: 0.0001027 seconds, Stopping threads took: 0.0000205 seconds
[13.215s][info ][safepoint    ] Application time: 0.0334167 seconds
[13.215s][info ][safepoint    ] Entering safepoint region: RevokeBias
[13.215s][info ][safepoint    ] Leaving safepoint region
[13.215s][info ][safepoint    ] Total time for which application threads were stopped: 0.0002394 seconds, Stopping threads took: 0.0001080 seconds
[13.378s][info ][safepoint    ] Application time: 0.1633554 seconds
[13.378s][info ][safepoint    ] Entering safepoint region: CollectForMetadataAllocation
[13.378s][info ][safepoint    ] Leaving safepoint region
[13.378s][info ][safepoint    ] Total time for which application threads were stopped: 0.0003210 seconds, Stopping threads took: 0.0001130 seconds
[13.467s][info ][safepoint    ] Application time: 0.0888358 seconds
[13.467s][info ][safepoint    ] Entering safepoint region: CollectForMetadataAllocation
[13.468s][info ][safepoint    ] Leaving safepoint region
[13.468s][info ][safepoint    ] Total time for which application threads were stopped: 0.0001857 seconds, Stopping threads took: 0.0000308 seconds
[13.482s][info ][safepoint    ] Application time: 0.0139962 seconds
[13.482s][info ][safepoint    ] Entering safepoint region: CollectForMetadataAllocation
[13.482s][info ][safepoint    ] Leaving safepoint region
[13.482s][info ][safepoint    ] Total time for which application threads were stopped: 0.0003533 seconds, Stopping threads took: 0.0002417 seconds
[13.493s][info ][safepoint    ] Application time: 0.0114507 seconds
[13.493s][info ][safepoint    ] Entering safepoint region: Deoptimize
[13.494s][info ][safepoint    ] Leaving safepoint region
[13.494s][info ][safepoint    ] Total time for which application threads were stopped: 0.0009454 seconds, Stopping threads took: 0.0000142 seconds
[13.498s][info ][safepoint    ] Application time: 0.0031829 seconds
[13.498s][info ][safepoint    ] Entering safepoint region: RevokeBias
[13.498s][info ][safepoint    ] Leaving safepoint region
[13.498s][info ][safepoint    ] Total time for which application threads were stopped: 0.0000897 seconds, Stopping threads took: 0.0000213 seconds
[13.512s][info ][safepoint    ] Application time: 0.0143765 seconds
[13.512s][info ][safepoint    ] Entering safepoint region: CollectForMetadataAllocation
[13.512s][info ][safepoint    ] Leaving safepoint region
[13.512s][info ][safepoint    ] Total time for which application threads were stopped: 0.0002238 seconds, Stopping threads took: 0.0000904 seconds
[13.515s][info ][safepoint    ] Application time: 0.0030854 seconds
[13.515s][info ][safepoint    ] Entering safepoint region: Deoptimize
[13.516s][info ][safepoint    ] Leaving safepoint region
[13.516s][info ][safepoint    ] Total time for which application threads were stopped: 0.0008861 seconds, Stopping threads took: 0.0000429 seconds
[13.628s][info ][safepoint    ] Application time: 0.1117346 seconds
[13.628s][info ][safepoint    ] Entering safepoint region: CollectForMetadataAllocation
[13.628s][info ][safepoint    ] Leaving safepoint region
[13.628s][info ][safepoint    ] Total time for which application threads were stopped: 0.0002005 seconds, Stopping threads took: 0.0000382 seconds
[13.862s][info ][safepoint    ] Application time: 0.2333358 seconds
[13.862s][info ][safepoint    ] Entering safepoint region: ICBufferFull
[13.862s][info ][safepoint    ] Leaving safepoint region
[13.862s][info ][safepoint    ] Total time for which application threads were stopped: 0.0001954 seconds, Stopping threads took: 0.0000139 seconds
[13.905s][info ][safepoint    ] Application time: 0.0430478 seconds
[13.905s][info ][safepoint    ] Entering safepoint region: RevokeBias
[13.905s][info ][safepoint    ] Leaving safepoint region
[13.905s][info ][safepoint    ] Total time for which application threads were stopped: 0.0001258 seconds, Stopping threads took: 0.0000147 seconds
[13.913s][info ][safepoint    ] Application time: 0.0081407 seconds
[13.913s][info ][safepoint    ] Entering safepoint region: RevokeBias
[13.913s][info ][safepoint    ] Leaving safepoint region
[13.913s][info ][safepoint    ] Total time for which application threads were stopped: 0.0001950 seconds, Stopping threads took: 0.0000256 seconds
[13.935s][info ][safepoint    ] Application time: 0.0212309 seconds
[13.935s][info ][safepoint    ] Entering safepoint region: CollectForMetadataAllocation
[13.935s][info ][safepoint    ] Leaving safepoint region
[13.935s][info ][safepoint    ] Total time for which application threads were stopped: 0.0001246 seconds, Stopping threads took: 0.0000139 seconds
[13.966s][info ][safepoint    ] Application time: 0.0313644 seconds
[13.966s][info ][safepoint    ] Entering safepoint region: CollectForMetadataAllocation
[13.966s][info ][safepoint    ] Leaving safepoint region
[13.966s][info ][safepoint    ] Total time for which application threads were stopped: 0.0001847 seconds, Stopping threads took: 0.0000441 seconds
[13.996s][info ][safepoint    ] Application time: 0.0290592 seconds
[13.996s][info ][safepoint    ] Entering safepoint region: CollectForMetadataAllocation
[13.996s][info ][safepoint    ] Leaving safepoint region
[13.996s][info ][safepoint    ] Total time for which application threads were stopped: 0.0002687 seconds, Stopping threads took: 0.0000738 seconds
[14.074s][info ][safepoint    ] Application time: 0.0777117 seconds
[14.074s][info ][safepoint    ] Entering safepoint region: Deoptimize
[14.075s][info ][safepoint    ] Leaving safepoint region
[14.075s][info ][safepoint    ] Total time for which application threads were stopped: 0.0010697 seconds, Stopping threads took: 0.0000138 seconds
[14.208s][info ][safepoint    ] Application time: 0.1331104 seconds
[14.208s][info ][safepoint    ] Entering safepoint region: CollectForMetadataAllocation
[14.208s][info ][safepoint    ] Leaving safepoint region
[14.208s][info ][safepoint    ] Total time for which application threads were stopped: 0.0002953 seconds, Stopping threads took: 0.0000642 seconds
[14.934s][info ][safepoint    ] Application time: 0.7261718 seconds
[14.934s][info ][safepoint    ] Entering safepoint region: ICBufferFull
[14.934s][info ][safepoint    ] Leaving safepoint region
[14.935s][info ][safepoint    ] Total time for which application threads were stopped: 0.0002140 seconds, Stopping threads took: 0.0000157 seconds
[15.021s][info ][safepoint    ] Application time: 0.0866901 seconds
[15.021s][info ][safepoint    ] Entering safepoint region: GenCollectForAllocation
[15.021s][info ][gc,start     ] GC(92) Pause Young (Allocation Failure)
[15.021s][info ][gc,task      ] GC(92) Using 4 workers of 4 for evacuation
[15.098s][debug][gc,ref       ] GC(92) Skipped phase1 of Reference Processing due to unavailable references
[15.098s][debug][gc,ref       ] GC(92) Skipped phase3 of Reference Processing due to unavailable references
[15.098s][debug][gc,age       ] GC(92) Desired survivor size 15368192 bytes, new threshold 1 (max threshold 6)
[15.098s][info ][gc,heap      ] GC(92) ParNew: 270336K->30016K(270336K)
[15.098s][info ][gc,heap      ] GC(92) CMS: 188309K->215250K(600768K)
[15.098s][info ][gc,metaspace ] GC(92) Metaspace: 45553K->45553K(1091584K)
[15.098s][info ][gc           ] GC(92) Pause Young (Allocation Failure) 447M->239M(850M) 77.028ms
[15.098s][info ][gc,cpu       ] GC(92) User=0.21s Sys=0.02s Real=0.08s
[15.098s][info ][safepoint    ] Leaving safepoint region
[15.098s][info ][safepoint    ] Total time for which application threads were stopped: 0.0772558 seconds, Stopping threads took: 0.0000148 seconds
[15.099s][info ][safepoint    ] Application time: 0.0001194 seconds
[15.099s][info ][safepoint    ] Entering safepoint region: CMS_Initial_Mark
[15.099s][info ][gc,start     ] GC(93) Pause Initial Mark
[15.111s][info ][gc           ] GC(93) Pause Initial Mark 241M->241M(850M) 11.804ms
[15.111s][info ][gc,cpu       ] GC(93) User=0.02s Sys=0.00s Real=0.01s
[15.111s][info ][safepoint    ] Leaving safepoint region
[15.111s][info ][safepoint    ] Total time for which application threads were stopped: 0.0120827 seconds, Stopping threads took: 0.0000923 seconds
[15.111s][info ][gc           ] GC(93) Concurrent Mark
[15.177s][info ][safepoint    ] Application time: 0.0658941 seconds
[15.177s][info ][safepoint    ] Entering safepoint region: CollectForMetadataAllocation
[15.177s][info ][safepoint    ] Leaving safepoint region
[15.177s][info ][safepoint    ] Total time for which application threads were stopped: 0.0002550 seconds, Stopping threads took: 0.0000803 seconds
[15.357s][info ][gc           ] GC(93) Concurrent Mark 246.485ms
[15.357s][info ][gc,cpu       ] GC(93) User=0.69s Sys=0.07s Real=0.25s
[15.357s][info ][safepoint    ] Application time: 0.1804872 seconds
[15.357s][info ][safepoint    ] Entering safepoint region: ICBufferFull
[15.358s][info ][safepoint    ] Leaving safepoint region
[15.358s][info ][safepoint    ] Total time for which application threads were stopped: 0.0002334 seconds, Stopping threads took: 0.0000177 seconds
[15.358s][info ][gc           ] GC(93) Concurrent Preclean
[15.358s][debug][gc,ref       ] GC(93) Preclean SoftReferences 0.002ms
[15.358s][debug][gc,ref       ] GC(93) Preclean WeakReferences 0.034ms
[15.358s][debug][gc,ref       ] GC(93) Preclean FinalReferences 0.000ms
[15.358s][debug][gc,ref       ] GC(93) Preclean PhantomReferences 0.002ms
[15.359s][info ][gc           ] GC(93) Concurrent Preclean 1.452ms
[15.359s][info ][gc,cpu       ] GC(93) User=0.01s Sys=0.00s Real=0.00s
[15.359s][info ][gc           ] GC(93) Concurrent Abortable Preclean
[15.528s][info ][safepoint    ] Application time: 0.1704105 seconds
[15.528s][info ][safepoint    ] Entering safepoint region: CollectForMetadataAllocation
[15.528s][info ][safepoint    ] Leaving safepoint region
[15.528s][info ][safepoint    ] Total time for which application threads were stopped: 0.0002886 seconds, Stopping threads took: 0.0000805 seconds
[15.768s][info ][safepoint    ] Application time: 0.2400052 seconds
[15.768s][info ][safepoint    ] Entering safepoint region: ICBufferFull
[15.769s][info ][safepoint    ] Leaving safepoint region
[15.769s][info ][safepoint    ] Total time for which application threads were stopped: 0.0001768 seconds, Stopping threads took: 0.0000234 seconds
[15.814s][info ][safepoint    ] Application time: 0.0451941 seconds
[15.814s][info ][safepoint    ] Entering safepoint region: ICBufferFull
[15.814s][info ][safepoint    ] Leaving safepoint region
[15.814s][info ][safepoint    ] Total time for which application threads were stopped: 0.0002398 seconds, Stopping threads took: 0.0000535 seconds
[15.825s][info ][safepoint    ] Application time: 0.0105917 seconds
[15.825s][info ][safepoint    ] Entering safepoint region: ICBufferFull
[15.825s][info ][safepoint    ] Leaving safepoint region
[15.825s][info ][safepoint    ] Total time for which application threads were stopped: 0.0002974 seconds, Stopping threads took: 0.0000680 seconds
[15.828s][info ][safepoint    ] Application time: 0.0033173 seconds
[15.828s][info ][safepoint    ] Entering safepoint region: ICBufferFull
[15.829s][info ][safepoint    ] Leaving safepoint region
[15.829s][info ][safepoint    ] Total time for which application threads were stopped: 0.0002271 seconds, Stopping threads took: 0.0000139 seconds
[15.920s][info ][safepoint    ] Application time: 0.0916342 seconds
[15.920s][info ][safepoint    ] Entering safepoint region: Deoptimize
[15.922s][info ][safepoint    ] Leaving safepoint region
[15.922s][info ][safepoint    ] Total time for which application threads were stopped: 0.0012354 seconds, Stopping threads took: 0.0000163 seconds
[16.219s][info ][safepoint    ] Application time: 0.2975303 seconds
[16.219s][info ][safepoint    ] Entering safepoint region: ICBufferFull
[16.219s][info ][safepoint    ] Leaving safepoint region
[16.219s][info ][safepoint    ] Total time for which application threads were stopped: 0.0002043 seconds, Stopping threads took: 0.0000142 seconds
[16.219s][info ][gc           ] GC(93) Concurrent Abortable Preclean 860.148ms
[16.219s][info ][gc,cpu       ] GC(93) User=2.42s Sys=0.08s Real=0.86s
[16.220s][info ][safepoint    ] Application time: 0.0006701 seconds
[16.220s][info ][safepoint    ] Entering safepoint region: CMS_Final_Remark
[16.220s][info ][gc,start     ] GC(93) Pause Remark
[16.249s][debug][gc,phases    ] GC(93) Rescan (parallel) 28.485ms
[16.249s][debug][gc,ref       ] GC(93) Skipped phase1 of Reference Processing due to unavailable references
[16.249s][debug][gc,ref       ] GC(93) Skipped phase2 of Reference Processing due to unavailable references
[16.249s][debug][gc,ref       ] GC(93) Skipped phase3 of Reference Processing due to unavailable references
[16.249s][debug][gc,ref       ] GC(93) Skipped phase4 of Reference Processing due to unavailable references
[16.249s][debug][gc,phases    ] GC(93) Reference Processing 0.032ms
[16.249s][debug][gc,phases    ] GC(93) Weak Processing 0.099ms
[16.250s][debug][gc,phases    ] GC(93) ClassLoaderData 0.904ms
[16.250s][debug][gc,phases    ] GC(93) Dictionary 0.020ms
[16.250s][debug][gc,phases    ] GC(93) ProtectionDomainCacheTable 0.003ms
[16.250s][debug][gc,phases    ] GC(93) ResolvedMethodTable 0.130ms
[16.276s][debug][gc,phases    ] GC(93) Class Unloading 27.032ms
[16.280s][debug][gc,phases    ] GC(93) Scrub Symbol Table 4.094ms
[16.280s][debug][gc,phases    ] GC(93) Scrub String Table 0.328ms
[16.281s][info ][gc           ] GC(93) Pause Remark 385M->385M(850M) 60.817ms
[16.281s][info ][gc,cpu       ] GC(93) User=0.14s Sys=0.00s Real=0.06s
[16.281s][info ][safepoint    ] Leaving safepoint region
[16.281s][info ][safepoint    ] Total time for which application threads were stopped: 0.0609915 seconds, Stopping threads took: 0.0000848 seconds
[16.281s][info ][gc           ] GC(93) Concurrent Sweep
[16.298s][info ][safepoint    ] Application time: 0.0167524 seconds
[16.298s][info ][safepoint    ] Entering safepoint region: ICBufferFull
[16.298s][info ][safepoint    ] Leaving safepoint region
[16.298s][info ][safepoint    ] Total time for which application threads were stopped: 0.0004059 seconds, Stopping threads took: 0.0000167 seconds
[16.408s][info ][gc           ] GC(93) Concurrent Sweep 127.272ms
[16.408s][info ][gc,cpu       ] GC(93) User=0.36s Sys=0.00s Real=0.13s
[16.408s][info ][gc           ] GC(93) Concurrent Reset
[16.418s][info ][gc           ] GC(93) Concurrent Reset 10.116ms
[16.419s][info ][gc,cpu       ] GC(93) User=0.03s Sys=0.00s Real=0.01s
[16.419s][info ][gc,heap      ] GC(93) Old: 215250K->165248K(600768K)
[16.439s][info ][safepoint    ] Application time: 0.1408870 seconds
[16.439s][info ][safepoint    ] Entering safepoint region: ICBufferFull
[16.440s][info ][safepoint    ] Leaving safepoint region
[16.440s][info ][safepoint    ] Total time for which application threads were stopped: 0.0003834 seconds, Stopping threads took: 0.0000399 seconds
[16.441s][info ][safepoint    ] Application time: 0.0012327 seconds
[16.441s][info ][safepoint    ] Entering safepoint region: RevokeBias
[16.441s][info ][safepoint    ] Leaving safepoint region
[16.441s][info ][safepoint    ] Total time for which application threads were stopped: 0.0002490 seconds, Stopping threads took: 0.0001268 seconds
[16.449s][info ][safepoint    ] Application time: 0.0081524 seconds
[16.449s][info ][safepoint    ] Entering safepoint region: RevokeBias
[16.449s][info ][safepoint    ] Leaving safepoint region
[16.449s][info ][safepoint    ] Total time for which application threads were stopped: 0.0002128 seconds, Stopping threads took: 0.0000825 seconds
[16.459s][info ][safepoint    ] Application time: 0.0096764 seconds
[16.459s][info ][safepoint    ] Entering safepoint region: RevokeBias
[16.459s][info ][safepoint    ] Leaving safepoint region
[16.459s][info ][safepoint    ] Total time for which application threads were stopped: 0.0001305 seconds, Stopping threads took: 0.0000476 seconds
[16.511s][info ][safepoint    ] Application time: 0.0516162 seconds
[16.511s][info ][safepoint    ] Entering safepoint region: Deoptimize
[16.512s][info ][safepoint    ] Leaving safepoint region
[16.512s][info ][safepoint    ] Total time for which application threads were stopped: 0.0013984 seconds, Stopping threads took: 0.0001026 seconds
[16.573s][info ][safepoint    ] Application time: 0.0610719 seconds
[16.573s][info ][safepoint    ] Entering safepoint region: RevokeBias
[16.574s][info ][safepoint    ] Leaving safepoint region
[16.574s][info ][safepoint    ] Total time for which application threads were stopped: 0.0002819 seconds, Stopping threads took: 0.0000659 seconds
[16.600s][info ][safepoint    ] Application time: 0.0263758 seconds
[16.600s][info ][safepoint    ] Entering safepoint region: RevokeBias
[16.600s][info ][safepoint    ] Leaving safepoint region
[16.600s][info ][safepoint    ] Total time for which application threads were stopped: 0.0001680 seconds, Stopping threads took: 0.0000615 seconds
[16.722s][info ][safepoint    ] Application time: 0.1218234 seconds
[16.722s][info ][safepoint    ] Entering safepoint region: GenCollectForAllocation
[16.722s][info ][gc,start     ] GC(94) Pause Young (Allocation Failure)
[16.722s][info ][gc,task      ] GC(94) Using 4 workers of 4 for evacuation
[16.776s][debug][gc,ref       ] GC(94) Skipped phase1 of Reference Processing due to unavailable references
[16.776s][debug][gc,ref       ] GC(94) Skipped phase3 of Reference Processing due to unavailable references
[16.776s][debug][gc,age       ] GC(94) Desired survivor size 15368192 bytes, new threshold 6 (max threshold 6)
[16.776s][info ][gc,heap      ] GC(94) ParNew: 270336K->26042K(270336K)
[16.776s][info ][gc,heap      ] GC(94) CMS: 165248K->191993K(600768K)
[16.776s][info ][gc,metaspace ] GC(94) Metaspace: 47485K->47485K(1091584K)
[16.776s][info ][gc           ] GC(94) Pause Young (Allocation Failure) 425M->212M(850M) 54.043ms
[16.776s][info ][gc,cpu       ] GC(94) User=0.14s Sys=0.00s Real=0.06s
[16.777s][info ][safepoint    ] Leaving safepoint region
[16.777s][info ][safepoint    ] Total time for which application threads were stopped: 0.0544083 seconds, Stopping threads took: 0.0000198 seconds
[16.969s][info ][safepoint    ] Application time: 0.1923620 seconds
[16.969s][info ][safepoint    ] Entering safepoint region: Deoptimize
[16.970s][info ][safepoint    ] Leaving safepoint region
[16.970s][info ][safepoint    ] Total time for which application threads were stopped: 0.0011935 seconds, Stopping threads took: 0.0000161 seconds
[17.515s][info ][safepoint    ] Application time: 0.5444654 seconds
[17.515s][info ][safepoint    ] Entering safepoint region: RevokeBias
[17.515s][info ][safepoint    ] Leaving safepoint region
[17.515s][info ][safepoint    ] Total time for which application threads were stopped: 0.0001938 seconds, Stopping threads took: 0.0000378 seconds
[17.534s][info ][safepoint    ] Application time: 0.0191936 seconds
[17.535s][info ][safepoint    ] Entering safepoint region: RevokeBias
[17.535s][info ][safepoint    ] Leaving safepoint region
[17.535s][info ][safepoint    ] Total time for which application threads were stopped: 0.0007027 seconds, Stopping threads took: 0.0005481 seconds
[17.569s][info ][safepoint    ] Application time: 0.0339359 seconds
[17.569s][info ][safepoint    ] Entering safepoint region: Deoptimize
[17.570s][info ][safepoint    ] Leaving safepoint region
[17.570s][info ][safepoint    ] Total time for which application threads were stopped: 0.0012963 seconds, Stopping threads took: 0.0000739 seconds
[17.579s][info ][safepoint    ] Application time: 0.0092213 seconds
[17.579s][info ][safepoint    ] Entering safepoint region: RevokeBias
[17.579s][info ][safepoint    ] Leaving safepoint region
[17.579s][info ][safepoint    ] Total time for which application threads were stopped: 0.0001801 seconds, Stopping threads took: 0.0000638 seconds
[17.580s][info ][safepoint    ] Application time: 0.0000921 seconds
[17.580s][info ][safepoint    ] Entering safepoint region: RevokeBias
[17.580s][info ][safepoint    ] Leaving safepoint region
[17.580s][info ][safepoint    ] Total time for which application threads were stopped: 0.0000995 seconds, Stopping threads took: 0.0000273 seconds
[17.580s][info ][safepoint    ] Application time: 0.0000666 seconds
[17.580s][info ][safepoint    ] Entering safepoint region: RevokeBias
[17.580s][info ][safepoint    ] Leaving safepoint region
[17.580s][info ][safepoint    ] Total time for which application threads were stopped: 0.0001446 seconds, Stopping threads took: 0.0000875 seconds
[17.586s][info ][safepoint    ] Application time: 0.0057968 seconds
[17.586s][info ][safepoint    ] Entering safepoint region: RevokeBias
[17.586s][info ][safepoint    ] Leaving safepoint region
[17.586s][info ][safepoint    ] Total time for which application threads were stopped: 0.0001324 seconds, Stopping threads took: 0.0000587 seconds
[17.586s][info ][safepoint    ] Application time: 0.0000571 seconds
[17.586s][info ][safepoint    ] Entering safepoint region: RevokeBias
[17.586s][info ][safepoint    ] Leaving safepoint region
[17.586s][info ][safepoint    ] Total time for which application threads were stopped: 0.0000939 seconds, Stopping threads took: 0.0000470 seconds
[17.593s][info ][safepoint    ] Application time: 0.0068689 seconds
[17.593s][info ][safepoint    ] Entering safepoint region: RevokeBias
[17.593s][info ][safepoint    ] Leaving safepoint region
[17.593s][info ][safepoint    ] Total time for which application threads were stopped: 0.0001195 seconds, Stopping threads took: 0.0000564 seconds
[17.618s][info ][safepoint    ] Application time: 0.0245482 seconds
[17.618s][info ][safepoint    ] Entering safepoint region: RevokeBias
[17.618s][info ][safepoint    ] Leaving safepoint region
[17.618s][info ][safepoint    ] Total time for which application threads were stopped: 0.0001564 seconds, Stopping threads took: 0.0000688 seconds
[17.618s][info ][safepoint    ] Application time: 0.0001009 seconds
[17.618s][info ][safepoint    ] Entering safepoint region: RevokeBias
[17.618s][info ][safepoint    ] Leaving safepoint region
[17.618s][info ][safepoint    ] Total time for which application threads were stopped: 0.0000800 seconds, Stopping threads took: 0.0000476 seconds
[17.660s][info ][safepoint    ] Application time: 0.0423432 seconds
[17.660s][info ][safepoint    ] Entering safepoint region: Deoptimize
[17.662s][info ][safepoint    ] Leaving safepoint region
[17.662s][info ][safepoint    ] Total time for which application threads were stopped: 0.0013825 seconds, Stopping threads took: 0.0000724 seconds
[17.715s][info ][safepoint    ] Application time: 0.0528607 seconds
[17.723s][info ][safepoint    ] Entering safepoint region: Deoptimize
[17.724s][info ][safepoint    ] Leaving safepoint region
[17.724s][info ][safepoint    ] Total time for which application threads were stopped: 0.0095944 seconds, Stopping threads took: 0.0080109 seconds
[17.752s][info ][safepoint    ] Application time: 0.0275652 seconds
[17.754s][info ][safepoint    ] Entering safepoint region: RevokeBias
[17.754s][info ][safepoint    ] Leaving safepoint region
[17.754s][info ][safepoint    ] Total time for which application threads were stopped: 0.0024666 seconds, Stopping threads took: 0.0016960 seconds
[17.762s][info ][safepoint    ] Application time: 0.0078732 seconds
[17.763s][info ][safepoint    ] Entering safepoint region: RevokeBias
[17.763s][info ][safepoint    ] Leaving safepoint region
[17.763s][info ][safepoint    ] Total time for which application threads were stopped: 0.0003196 seconds, Stopping threads took: 0.0002322 seconds
[17.892s][info ][safepoint    ] Application time: 0.1288580 seconds
[17.892s][info ][safepoint    ] Entering safepoint region: RevokeBias
[17.892s][info ][safepoint    ] Leaving safepoint region
[17.892s][info ][safepoint    ] Total time for which application threads were stopped: 0.0004689 seconds, Stopping threads took: 0.0003346 seconds
[17.922s][info ][safepoint    ] Application time: 0.0301599 seconds
[17.922s][info ][safepoint    ] Entering safepoint region: Deoptimize
[17.924s][info ][safepoint    ] Leaving safepoint region
[17.924s][info ][safepoint    ] Total time for which application threads were stopped: 0.0017670 seconds, Stopping threads took: 0.0000480 seconds
[17.925s][info ][safepoint    ] Application time: 0.0006746 seconds
[17.925s][info ][safepoint    ] Entering safepoint region: Deoptimize
[17.927s][info ][safepoint    ] Leaving safepoint region
[17.927s][info ][safepoint    ] Total time for which application threads were stopped: 0.0020336 seconds, Stopping threads took: 0.0007003 seconds
[17.928s][info ][safepoint    ] Application time: 0.0016141 seconds
[17.928s][info ][safepoint    ] Entering safepoint region: RevokeBias
[17.928s][info ][safepoint    ] Leaving safepoint region
[17.929s][info ][safepoint    ] Total time for which application threads were stopped: 0.0001356 seconds, Stopping threads took: 0.0000757 seconds
[17.934s][info ][safepoint    ] Application time: 0.0056952 seconds
[17.934s][info ][safepoint    ] Entering safepoint region: GenCollectForAllocation
[17.935s][info ][gc,start     ] GC(95) Pause Young (Allocation Failure)
[17.935s][info ][gc,task      ] GC(95) Using 4 workers of 4 for evacuation
[17.945s][debug][gc,ref       ] GC(95) Skipped phase1 of Reference Processing due to unavailable references
[17.945s][debug][gc,ref       ] GC(95) Skipped phase3 of Reference Processing due to unavailable references
[17.945s][debug][gc,age       ] GC(95) Desired survivor size 15368192 bytes, new threshold 6 (max threshold 6)
[17.945s][info ][gc,heap      ] GC(95) ParNew: 266362K->8520K(270336K)
[17.945s][info ][gc,heap      ] GC(95) CMS: 191993K->191993K(600768K)
[17.945s][info ][gc,metaspace ] GC(95) Metaspace: 52716K->52716K(1097728K)
[17.945s][info ][gc           ] GC(95) Pause Young (Allocation Failure) 447M->195M(850M) 10.501ms
[17.945s][info ][gc,cpu       ] GC(95) User=0.04s Sys=0.00s Real=0.01s
[17.946s][info ][safepoint    ] Leaving safepoint region
[17.946s][info ][safepoint    ] Total time for which application threads were stopped: 0.0119925 seconds, Stopping threads took: 0.0000203 seconds
[17.952s][info ][safepoint    ] Application time: 0.0059893 seconds
[17.952s][info ][safepoint    ] Entering safepoint region: RevokeBias
[17.953s][info ][safepoint    ] Leaving safepoint region
[17.953s][info ][safepoint    ] Total time for which application threads were stopped: 0.0002579 seconds, Stopping threads took: 0.0001114 seconds
[17.981s][info ][safepoint    ] Application time: 0.0287188 seconds
[17.981s][info ][safepoint    ] Entering safepoint region: RevokeBias
[17.982s][info ][safepoint    ] Leaving safepoint region
[17.982s][info ][safepoint    ] Total time for which application threads were stopped: 0.0000847 seconds, Stopping threads took: 0.0000162 seconds
[17.988s][info ][safepoint    ] Application time: 0.0065606 seconds
[17.988s][info ][safepoint    ] Entering safepoint region: Deoptimize
[17.989s][info ][safepoint    ] Leaving safepoint region
[17.989s][info ][safepoint    ] Total time for which application threads were stopped: 0.0013765 seconds, Stopping threads took: 0.0000842 seconds
[18.315s][info ][safepoint    ] Application time: 0.3253431 seconds
[18.315s][info ][safepoint    ] Entering safepoint region: RevokeBias
[18.315s][info ][safepoint    ] Leaving safepoint region
[18.315s][info ][safepoint    ] Total time for which application threads were stopped: 0.0002972 seconds, Stopping threads took: 0.0000770 seconds
[18.317s][info ][safepoint    ] Application time: 0.0020399 seconds
[18.317s][info ][safepoint    ] Entering safepoint region: RevokeBias
[18.317s][info ][safepoint    ] Leaving safepoint region
[18.317s][info ][safepoint    ] Total time for which application threads were stopped: 0.0001219 seconds, Stopping threads took: 0.0000491 seconds
[18.345s][info ][safepoint    ] Application time: 0.0277546 seconds
[18.345s][info ][safepoint    ] Entering safepoint region: Deoptimize
[18.348s][info ][safepoint    ] Leaving safepoint region
[18.348s][info ][safepoint    ] Total time for which application threads were stopped: 0.0030925 seconds, Stopping threads took: 0.0001845 seconds
[18.435s][info ][safepoint    ] Application time: 0.0871364 seconds
[18.435s][info ][safepoint    ] Entering safepoint region: RevokeBias
[18.436s][info ][safepoint    ] Leaving safepoint region
[18.436s][info ][safepoint    ] Total time for which application threads were stopped: 0.0002373 seconds, Stopping threads took: 0.0000338 seconds
[18.629s][info ][safepoint    ] Application time: 0.1936046 seconds
[18.631s][info ][safepoint    ] Entering safepoint region: ICBufferFull
[18.631s][info ][safepoint    ] Leaving safepoint region
[18.631s][info ][safepoint    ] Total time for which application threads were stopped: 0.0021014 seconds, Stopping threads took: 0.0018788 seconds
[19.077s][info ][safepoint    ] Application time: 0.4452023 seconds
[19.077s][info ][safepoint    ] Entering safepoint region: ICBufferFull
[19.077s][info ][safepoint    ] Leaving safepoint region
[19.077s][info ][safepoint    ] Total time for which application threads were stopped: 0.0002707 seconds, Stopping threads took: 0.0000361 seconds
[19.081s][info ][safepoint    ] Application time: 0.0042310 seconds
[19.081s][info ][safepoint    ] Entering safepoint region: Deoptimize
[19.083s][info ][safepoint    ] Leaving safepoint region
[19.083s][info ][safepoint    ] Total time for which application threads were stopped: 0.0014559 seconds, Stopping threads took: 0.0001740 seconds
[19.083s][info ][safepoint    ] Application time: 0.0003953 seconds
[19.083s][info ][safepoint    ] Entering safepoint region: Deoptimize
[19.084s][info ][safepoint    ] Leaving safepoint region
[19.084s][info ][safepoint    ] Total time for which application threads were stopped: 0.0008663 seconds, Stopping threads took: 0.0000695 seconds
[19.085s][info ][safepoint    ] Application time: 0.0012022 seconds
[19.085s][info ][safepoint    ] Entering safepoint region: Deoptimize
[19.086s][info ][safepoint    ] Leaving safepoint region
[19.086s][info ][safepoint    ] Total time for which application threads were stopped: 0.0005795 seconds, Stopping threads took: 0.0000106 seconds
[19.131s][info ][safepoint    ] Application time: 0.0456796 seconds
[19.131s][info ][safepoint    ] Entering safepoint region: Deoptimize
[19.133s][info ][safepoint    ] Leaving safepoint region
[19.133s][info ][safepoint    ] Total time for which application threads were stopped: 0.0013152 seconds, Stopping threads took: 0.0000271 seconds
[19.133s][info ][safepoint    ] Application time: 0.0002781 seconds
[19.133s][info ][safepoint    ] Entering safepoint region: Deoptimize
[19.134s][info ][safepoint    ] Leaving safepoint region
[19.134s][info ][safepoint    ] Total time for which application threads were stopped: 0.0007475 seconds, Stopping threads took: 0.0000195 seconds
[19.213s][info ][safepoint    ] Application time: 0.0789238 seconds
[19.213s][info ][safepoint    ] Entering safepoint region: GenCollectForAllocation
[19.213s][info ][gc,start     ] GC(96) Pause Young (Allocation Failure)
[19.213s][info ][gc,task      ] GC(96) Using 4 workers of 4 for evacuation
[19.228s][debug][gc,ref       ] GC(96) Skipped phase1 of Reference Processing due to unavailable references
[19.228s][debug][gc,age       ] GC(96) Desired survivor size 15368192 bytes, new threshold 1 (max threshold 6)
[19.228s][info ][gc,heap      ] GC(96) ParNew: 248840K->30016K(270336K)
[19.228s][info ][gc,heap      ] GC(96) CMS: 191993K->193967K(600768K)
[19.228s][info ][gc,metaspace ] GC(96) Metaspace: 54240K->54240K(1097728K)
[19.228s][info ][gc           ] GC(96) Pause Young (Allocation Failure) 430M->218M(850M) 15.028ms
[19.228s][info ][gc,cpu       ] GC(96) User=0.05s Sys=0.00s Real=0.01s
[19.228s][info ][safepoint    ] Leaving safepoint region
[19.228s][info ][safepoint    ] Total time for which application threads were stopped: 0.0152685 seconds, Stopping threads took: 0.0000171 seconds
[19.759s][info ][safepoint    ] Application time: 0.5307809 seconds
[19.759s][info ][safepoint    ] Entering safepoint region: ICBufferFull
[19.759s][info ][safepoint    ] Leaving safepoint region
[19.759s][info ][safepoint    ] Total time for which application threads were stopped: 0.0003128 seconds, Stopping threads took: 0.0001153 seconds
[20.368s][info ][safepoint    ] Application time: 0.6088125 seconds
[20.368s][info ][safepoint    ] Entering safepoint region: GenCollectForAllocation
[20.368s][info ][gc,start     ] GC(97) Pause Young (Allocation Failure)
[20.368s][info ][gc,task      ] GC(97) Using 4 workers of 4 for evacuation
[20.389s][debug][gc,ref       ] GC(97) Skipped phase1 of Reference Processing due to unavailable references
[20.389s][debug][gc,ref       ] GC(97) Skipped phase3 of Reference Processing due to unavailable references
[20.389s][debug][gc,age       ] GC(97) Desired survivor size 15368192 bytes, new threshold 6 (max threshold 6)
[20.389s][info ][gc,heap      ] GC(97) ParNew: 270336K->10792K(270336K)
[20.389s][info ][gc,heap      ] GC(97) CMS: 193967K->221048K(600768K)
[20.389s][info ][gc,metaspace ] GC(97) Metaspace: 54560K->54560K(1099776K)
[20.389s][info ][gc           ] GC(97) Pause Young (Allocation Failure) 453M->226M(850M) 20.688ms
[20.389s][info ][gc,cpu       ] GC(97) User=0.09s Sys=0.01s Real=0.02s
[20.389s][info ][safepoint    ] Leaving safepoint region
[20.389s][info ][safepoint    ] Total time for which application threads were stopped: 0.0209662 seconds, Stopping threads took: 0.0000172 seconds
[21.306s][info ][safepoint    ] Application time: 0.9168254 seconds
[21.306s][info ][safepoint    ] Entering safepoint region: ICBufferFull
[21.306s][info ][safepoint    ] Leaving safepoint region
[21.306s][info ][safepoint    ] Total time for which application threads were stopped: 0.0002166 seconds, Stopping threads took: 0.0000168 seconds
[21.428s][info ][safepoint    ] Application time: 0.1218233 seconds
[21.428s][info ][safepoint    ] Entering safepoint region: GenCollectForAllocation
[21.428s][info ][gc,start     ] GC(98) Pause Young (Allocation Failure)
[21.428s][info ][gc,task      ] GC(98) Using 4 workers of 4 for evacuation
[21.435s][debug][gc,ref       ] GC(98) Skipped phase1 of Reference Processing due to unavailable references
[21.435s][debug][gc,ref       ] GC(98) Skipped phase3 of Reference Processing due to unavailable references
[21.435s][debug][gc,age       ] GC(98) Desired survivor size 15368192 bytes, new threshold 6 (max threshold 6)
[21.435s][info ][gc,heap      ] GC(98) ParNew: 251112K->10129K(270336K)
[21.435s][info ][gc,heap      ] GC(98) CMS: 221048K->221048K(600768K)
[21.435s][info ][gc,metaspace ] GC(98) Metaspace: 54666K->54666K(1099776K)
[21.435s][info ][gc           ] GC(98) Pause Young (Allocation Failure) 461M->225M(850M) 6.890ms
[21.435s][info ][gc,cpu       ] GC(98) User=0.03s Sys=0.01s Real=0.01s
[21.435s][info ][safepoint    ] Leaving safepoint region
[21.435s][info ][safepoint    ] Total time for which application threads were stopped: 0.0071217 seconds, Stopping threads took: 0.0000588 seconds
[21.593s][info ][safepoint    ] Application time: 0.1582121 seconds
[21.593s][info ][safepoint    ] Entering safepoint region: ICBufferFull
[21.594s][info ][safepoint    ] Leaving safepoint region
[21.594s][info ][safepoint    ] Total time for which application threads were stopped: 0.0002705 seconds, Stopping threads took: 0.0000740 seconds
[21.705s][info ][safepoint    ] Application time: 0.1118755 seconds
[21.706s][info ][safepoint    ] Entering safepoint region: ICBufferFull
[21.706s][info ][safepoint    ] Leaving safepoint region
[21.706s][info ][safepoint    ] Total time for which application threads were stopped: 0.0002434 seconds, Stopping threads took: 0.0000337 seconds
[21.736s][info ][safepoint    ] Application time: 0.0300417 seconds
[21.736s][info ][safepoint    ] Entering safepoint region: ICBufferFull
[21.736s][info ][safepoint    ] Leaving safepoint region
[21.736s][info ][safepoint    ] Total time for which application threads were stopped: 0.0002601 seconds, Stopping threads took: 0.0000171 seconds
[21.951s][info ][safepoint    ] Application time: 0.2145921 seconds
[21.951s][info ][safepoint    ] Entering safepoint region: ICBufferFull
[21.951s][info ][safepoint    ] Leaving safepoint region
[21.951s][info ][safepoint    ] Total time for which application threads were stopped: 0.0003299 seconds, Stopping threads took: 0.0001542 seconds
[22.319s][info ][safepoint    ] Application time: 0.3676824 seconds
[22.319s][info ][safepoint    ] Entering safepoint region: Deoptimize
[22.320s][info ][safepoint    ] Leaving safepoint region
[22.320s][info ][safepoint    ] Total time for which application threads were stopped: 0.0015773 seconds, Stopping threads took: 0.0000167 seconds
[22.614s][info ][safepoint    ] Application time: 0.2939937 seconds
[22.614s][info ][safepoint    ] Entering safepoint region: GenCollectForAllocation
[22.615s][info ][gc,start     ] GC(99) Pause Young (Allocation Failure)
[22.615s][info ][gc,task      ] GC(99) Using 4 workers of 4 for evacuation
[22.621s][debug][gc,ref       ] GC(99) Skipped phase1 of Reference Processing due to unavailable references
[22.621s][debug][gc,ref       ] GC(99) Skipped phase3 of Reference Processing due to unavailable references
[22.621s][debug][gc,ref       ] GC(99) Skipped phase4 of Reference Processing due to unavailable references
[22.622s][debug][gc,age       ] GC(99) Desired survivor size 15368192 bytes, new threshold 6 (max threshold 6)
[22.622s][info ][gc,heap      ] GC(99) ParNew: 250449K->13469K(270336K)
[22.622s][info ][gc,heap      ] GC(99) CMS: 221048K->221048K(600768K)
[22.622s][info ][gc,metaspace ] GC(99) Metaspace: 54810K->54810K(1099776K)
[22.622s][info ][gc           ] GC(99) Pause Young (Allocation Failure) 460M->229M(850M) 7.099ms
[22.622s][info ][gc,cpu       ] GC(99) User=0.03s Sys=0.00s Real=0.00s
[22.622s][info ][safepoint    ] Leaving safepoint region
[22.622s][info ][safepoint    ] Total time for which application threads were stopped: 0.0073482 seconds, Stopping threads took: 0.0000174 seconds
[22.934s][info ][safepoint    ] Application time: 0.3123091 seconds
[22.934s][info ][safepoint    ] Entering safepoint region: RevokeBias
[22.934s][info ][safepoint    ] Leaving safepoint region
[22.934s][info ][safepoint    ] Total time for which application threads were stopped: 0.0003005 seconds, Stopping threads took: 0.0001658 seconds
[22.935s][info ][safepoint    ] Application time: 0.0002426 seconds
[22.935s][info ][safepoint    ] Entering safepoint region: RevokeBias
[22.935s][info ][safepoint    ] Leaving safepoint region
[22.935s][info ][safepoint    ] Total time for which application threads were stopped: 0.0000766 seconds, Stopping threads took: 0.0000455 seconds
[23.638s][info ][safepoint    ] Application time: 0.7034715 seconds
[23.638s][info ][safepoint    ] Entering safepoint region: ICBufferFull
[23.638s][info ][safepoint    ] Leaving safepoint region
[23.638s][info ][safepoint    ] Total time for which application threads were stopped: 0.0002533 seconds, Stopping threads took: 0.0000719 seconds
[23.765s][info ][safepoint    ] Application time: 0.1264499 seconds
[23.765s][info ][safepoint    ] Entering safepoint region: GenCollectForAllocation
[23.765s][info ][gc,start     ] GC(100) Pause Young (Allocation Failure)
[23.765s][info ][gc,task      ] GC(100) Using 4 workers of 4 for evacuation
[23.773s][debug][gc,ref       ] GC(100) Skipped phase1 of Reference Processing due to unavailable references
[23.773s][debug][gc,ref       ] GC(100) Skipped phase3 of Reference Processing due to unavailable references
[23.773s][debug][gc,ref       ] GC(100) Skipped phase4 of Reference Processing due to unavailable references
[23.773s][debug][gc,age       ] GC(100) Desired survivor size 15368192 bytes, new threshold 6 (max threshold 6)
[23.773s][info ][gc,heap      ] GC(100) ParNew: 253789K->18328K(270336K)
[23.773s][info ][gc,heap      ] GC(100) CMS: 221048K->221048K(600768K)
[23.773s][info ][gc,metaspace ] GC(100) Metaspace: 54941K->54941K(1099776K)
[23.774s][info ][gc           ] GC(100) Pause Young (Allocation Failure) 463M->233M(850M) 8.395ms
[23.774s][info ][gc,cpu       ] GC(100) User=0.03s Sys=0.00s Real=0.01s
[23.774s][info ][safepoint    ] Leaving safepoint region
[23.774s][info ][safepoint    ] Total time for which application threads were stopped: 0.0085980 seconds, Stopping threads took: 0.0000371 seconds
[23.907s][info ][safepoint    ] Application time: 0.1333285 seconds
[23.907s][info ][safepoint    ] Entering safepoint region: RevokeBias
[23.907s][info ][safepoint    ] Leaving safepoint region
[23.907s][info ][safepoint    ] Total time for which application threads were stopped: 0.0001770 seconds, Stopping threads took: 0.0000352 seconds
[24.564s][info ][safepoint    ] Application time: 0.6568756 seconds
[24.564s][info ][safepoint    ] Entering safepoint region: ICBufferFull
[24.564s][info ][safepoint    ] Leaving safepoint region
[24.564s][info ][safepoint    ] Total time for which application threads were stopped: 0.0002525 seconds, Stopping threads took: 0.0000538 seconds
[24.830s][info ][safepoint    ] Application time: 0.2655712 seconds
[24.830s][info ][safepoint    ] Entering safepoint region: GenCollectForAllocation
[24.830s][info ][gc,start     ] GC(101) Pause Young (Allocation Failure)
[24.830s][info ][gc,task      ] GC(101) Using 4 workers of 4 for evacuation
[24.841s][debug][gc,ref       ] GC(101) Skipped phase1 of Reference Processing due to unavailable references
[24.841s][debug][gc,ref       ] GC(101) Skipped phase3 of Reference Processing due to unavailable references
[24.842s][debug][gc,age       ] GC(101) Desired survivor size 15368192 bytes, new threshold 6 (max threshold 6)
[24.842s][info ][gc,heap      ] GC(101) ParNew: 258648K->21228K(270336K)
[24.842s][info ][gc,heap      ] GC(101) CMS: 221048K->221048K(600768K)
[24.842s][info ][gc,metaspace ] GC(101) Metaspace: 55155K->55155K(1099776K)
[24.842s][info ][gc           ] GC(101) Pause Young (Allocation Failure) 468M->236M(850M) 11.323ms
[24.842s][info ][gc,cpu       ] GC(101) User=0.03s Sys=0.01s Real=0.01s
[24.842s][info ][safepoint    ] Leaving safepoint region
[24.842s][info ][safepoint    ] Total time for which application threads were stopped: 0.0116611 seconds, Stopping threads took: 0.0000201 seconds
[25.834s][info ][safepoint    ] Application time: 0.9927928 seconds
[25.834s][info ][safepoint    ] Entering safepoint region: ICBufferFull
[25.835s][info ][safepoint    ] Leaving safepoint region
[25.835s][info ][safepoint    ] Total time for which application threads were stopped: 0.0002336 seconds, Stopping threads took: 0.0000154 seconds
[25.924s][info ][safepoint    ] Application time: 0.0890224 seconds
[25.924s][info ][safepoint    ] Entering safepoint region: GenCollectForAllocation
[25.924s][info ][gc,start     ] GC(102) Pause Young (Allocation Failure)
[25.924s][info ][gc,task      ] GC(102) Using 4 workers of 4 for evacuation
[25.934s][debug][gc,ref       ] GC(102) Skipped phase1 of Reference Processing due to unavailable references
[25.934s][debug][gc,ref       ] GC(102) Skipped phase3 of Reference Processing due to unavailable references
[25.934s][debug][gc,age       ] GC(102) Desired survivor size 15368192 bytes, new threshold 6 (max threshold 6)
[25.934s][info ][gc,heap      ] GC(102) ParNew: 261548K->21266K(270336K)
[25.934s][info ][gc,heap      ] GC(102) CMS: 221048K->221048K(600768K)
[25.934s][info ][gc,metaspace ] GC(102) Metaspace: 55252K->55252K(1099776K)
[25.934s][info ][gc           ] GC(102) Pause Young (Allocation Failure) 471M->236M(850M) 10.202ms
[25.934s][info ][gc,cpu       ] GC(102) User=0.05s Sys=0.00s Real=0.01s
[25.934s][info ][safepoint    ] Leaving safepoint region
[25.934s][info ][safepoint    ] Total time for which application threads were stopped: 0.0103814 seconds, Stopping threads took: 0.0000164 seconds
[26.622s][info ][safepoint    ] Application time: 0.6879762 seconds
[26.622s][info ][safepoint    ] Entering safepoint region: ICBufferFull
[26.622s][info ][safepoint    ] Leaving safepoint region
[26.622s][info ][safepoint    ] Total time for which application threads were stopped: 0.0002971 seconds, Stopping threads took: 0.0000690 seconds
[26.866s][info ][safepoint    ] Application time: 0.2430799 seconds
[26.866s][info ][safepoint    ] Entering safepoint region: Deoptimize
[26.868s][info ][safepoint    ] Leaving safepoint region
[26.868s][info ][safepoint    ] Total time for which application threads were stopped: 0.0019952 seconds, Stopping threads took: 0.0000517 seconds
[27.009s][info ][safepoint    ] Application time: 0.1417249 seconds
[27.009s][info ][safepoint    ] Entering safepoint region: GenCollectForAllocation
[27.009s][info ][gc,start     ] GC(103) Pause Young (Allocation Failure)
[27.010s][info ][gc,task      ] GC(103) Using 4 workers of 4 for evacuation
[27.030s][debug][gc,ref       ] GC(103) Skipped phase1 of Reference Processing due to unavailable references
[27.030s][debug][gc,ref       ] GC(103) Skipped phase3 of Reference Processing due to unavailable references
[27.030s][debug][gc,age       ] GC(103) Desired survivor size 15368192 bytes, new threshold 6 (max threshold 6)
[27.030s][info ][gc,heap      ] GC(103) ParNew: 261586K->23686K(270336K)
[27.030s][info ][gc,heap      ] GC(103) CMS: 221048K->223785K(600768K)
[27.030s][info ][gc,metaspace ] GC(103) Metaspace: 55364K->55364K(1099776K)
[27.030s][info ][gc           ] GC(103) Pause Young (Allocation Failure) 471M->241M(850M) 20.588ms
[27.030s][info ][gc,cpu       ] GC(103) User=0.07s Sys=0.00s Real=0.02s
[27.030s][info ][safepoint    ] Leaving safepoint region
[27.030s][info ][safepoint    ] Total time for which application threads were stopped: 0.0208076 seconds, Stopping threads took: 0.0000163 seconds
[27.416s][info ][safepoint    ] Application time: 0.3857666 seconds
[27.416s][info ][safepoint    ] Entering safepoint region: ICBufferFull
[27.416s][info ][safepoint    ] Leaving safepoint region
[27.416s][info ][safepoint    ] Total time for which application threads were stopped: 0.0002695 seconds, Stopping threads took: 0.0000387 seconds
[27.935s][info ][safepoint    ] Application time: 0.5188296 seconds
[27.935s][info ][safepoint    ] Entering safepoint region: RevokeBias
[27.935s][info ][safepoint    ] Leaving safepoint region
[27.935s][info ][safepoint    ] Total time for which application threads were stopped: 0.0003628 seconds, Stopping threads took: 0.0000450 seconds
[27.937s][info ][safepoint    ] Application time: 0.0014858 seconds
[27.937s][info ][safepoint    ] Entering safepoint region: RevokeBias
[27.937s][info ][safepoint    ] Leaving safepoint region
[27.937s][info ][safepoint    ] Total time for which application threads were stopped: 0.0001070 seconds, Stopping threads took: 0.0000324 seconds
[27.937s][info ][safepoint    ] Application time: 0.0000673 seconds
[27.937s][info ][safepoint    ] Entering safepoint region: RevokeBias
[27.937s][info ][safepoint    ] Leaving safepoint region
[27.937s][info ][safepoint    ] Total time for which application threads were stopped: 0.0000714 seconds, Stopping threads took: 0.0000377 seconds
[27.937s][info ][safepoint    ] Application time: 0.0001224 seconds
[27.937s][info ][safepoint    ] Entering safepoint region: RevokeBias
[27.937s][info ][safepoint    ] Leaving safepoint region
[27.937s][info ][safepoint    ] Total time for which application threads were stopped: 0.0000617 seconds, Stopping threads took: 0.0000365 seconds
[27.938s][info ][safepoint    ] Application time: 0.0001473 seconds
[27.938s][info ][safepoint    ] Entering safepoint region: RevokeBias
[27.938s][info ][safepoint    ] Leaving safepoint region
[27.938s][info ][safepoint    ] Total time for which application threads were stopped: 0.0000652 seconds, Stopping threads took: 0.0000361 seconds
[28.061s][info ][safepoint    ] Application time: 0.1237737 seconds
[28.062s][info ][safepoint    ] Entering safepoint region: GenCollectForAllocation
[28.062s][info ][gc,start     ] GC(104) Pause Young (Allocation Failure)
[28.062s][info ][gc,task      ] GC(104) Using 4 workers of 4 for evacuation
[28.073s][debug][gc,ref       ] GC(104) Skipped phase1 of Reference Processing due to unavailable references
[28.074s][debug][gc,ref       ] GC(104) Skipped phase3 of Reference Processing due to unavailable references
[28.074s][debug][gc,ref       ] GC(104) Skipped phase4 of Reference Processing due to unavailable references
[28.074s][debug][gc,age       ] GC(104) Desired survivor size 15368192 bytes, new threshold 6 (max threshold 6)
[28.074s][info ][gc,heap      ] GC(104) ParNew: 264006K->16294K(270336K)
[28.074s][info ][gc,heap      ] GC(104) CMS: 223785K->224490K(600768K)
[28.074s][info ][gc,metaspace ] GC(104) Metaspace: 55433K->55433K(1099776K)
[28.074s][info ][gc           ] GC(104) Pause Young (Allocation Failure) 476M->235M(850M) 11.727ms
[28.074s][info ][gc,cpu       ] GC(104) User=0.06s Sys=0.00s Real=0.02s
[28.074s][info ][safepoint    ] Leaving safepoint region
[28.074s][info ][safepoint    ] Total time for which application threads were stopped: 0.0123086 seconds, Stopping threads took: 0.0004231 seconds
[28.925s][info ][safepoint    ] Application time: 0.8507548 seconds
[28.925s][info ][safepoint    ] Entering safepoint region: ICBufferFull
[28.925s][info ][safepoint    ] Leaving safepoint region
[28.925s][info ][safepoint    ] Total time for which application threads were stopped: 0.0002780 seconds, Stopping threads took: 0.0000783 seconds
[29.048s][info ][safepoint    ] Application time: 0.1226978 seconds
[29.048s][info ][safepoint    ] Entering safepoint region: GenCollectForAllocation
[29.048s][info ][gc,start     ] GC(105) Pause Young (Allocation Failure)
[29.048s][info ][gc,task      ] GC(105) Using 4 workers of 4 for evacuation
[29.059s][debug][gc,ref       ] GC(105) Skipped phase1 of Reference Processing due to unavailable references
[29.059s][debug][gc,ref       ] GC(105) Skipped phase3 of Reference Processing due to unavailable references
[29.059s][debug][gc,ref       ] GC(105) Skipped phase4 of Reference Processing due to unavailable references
[29.060s][debug][gc,age       ] GC(105) Desired survivor size 15368192 bytes, new threshold 6 (max threshold 6)
[29.060s][info ][gc,heap      ] GC(105) ParNew: 256614K->16640K(270336K)
[29.060s][info ][gc,heap      ] GC(105) CMS: 224490K->226046K(600768K)
[29.060s][info ][gc,metaspace ] GC(105) Metaspace: 55471K->55471K(1099776K)
[29.060s][info ][gc           ] GC(105) Pause Young (Allocation Failure) 469M->236M(850M) 11.907ms
[29.060s][info ][gc,cpu       ] GC(105) User=0.06s Sys=0.00s Real=0.01s
[29.060s][info ][safepoint    ] Leaving safepoint region
[29.060s][info ][safepoint    ] Total time for which application threads were stopped: 0.0121394 seconds, Stopping threads took: 0.0000191 seconds
[29.871s][info ][safepoint    ] Application time: 0.8115778 seconds
[29.871s][info ][safepoint    ] Entering safepoint region: ICBufferFull
[29.872s][info ][safepoint    ] Leaving safepoint region
[29.872s][info ][safepoint    ] Total time for which application threads were stopped: 0.0002350 seconds, Stopping threads took: 0.0000546 seconds
[29.977s][info ][safepoint    ] Application time: 0.1056571 seconds
[29.977s][info ][safepoint    ] Entering safepoint region: GenCollectForAllocation
[29.977s][info ][gc,start     ] GC(106) Pause Young (Allocation Failure)
[29.977s][info ][gc,task      ] GC(106) Using 4 workers of 4 for evacuation
[29.987s][debug][gc,ref       ] GC(106) Skipped phase1 of Reference Processing due to unavailable references
[29.987s][debug][gc,ref       ] GC(106) Skipped phase3 of Reference Processing due to unavailable references
[29.987s][debug][gc,ref       ] GC(106) Skipped phase4 of Reference Processing due to unavailable references
[29.987s][debug][gc,age       ] GC(106) Desired survivor size 15368192 bytes, new threshold 6 (max threshold 6)
[29.987s][info ][gc,heap      ] GC(106) ParNew: 256960K->13202K(270336K)
[29.987s][info ][gc,heap      ] GC(106) CMS: 226046K->228551K(600768K)
[29.987s][info ][gc,metaspace ] GC(106) Metaspace: 55547K->55547K(1099776K)
[29.987s][info ][gc           ] GC(106) Pause Young (Allocation Failure) 471M->236M(850M) 9.675ms
[29.987s][info ][gc,cpu       ] GC(106) User=0.03s Sys=0.00s Real=0.01s
[29.987s][info ][safepoint    ] Leaving safepoint region
[29.987s][info ][safepoint    ] Total time for which application threads were stopped: 0.0098620 seconds, Stopping threads took: 0.0000258 seconds
[30.914s][info ][safepoint    ] Application time: 0.9269579 seconds
[30.914s][info ][safepoint    ] Entering safepoint region: GenCollectForAllocation
[30.914s][info ][gc,start     ] GC(107) Pause Young (Allocation Failure)
[30.914s][info ][gc,task      ] GC(107) Using 4 workers of 4 for evacuation
[30.923s][debug][gc,ref       ] GC(107) Skipped phase1 of Reference Processing due to unavailable references
[30.923s][debug][gc,ref       ] GC(107) Skipped phase3 of Reference Processing due to unavailable references
[30.923s][debug][gc,ref       ] GC(107) Skipped phase4 of Reference Processing due to unavailable references
[30.923s][debug][gc,age       ] GC(107) Desired survivor size 15368192 bytes, new threshold 6 (max threshold 6)
[30.923s][info ][gc,heap      ] GC(107) ParNew: 253522K->11152K(270336K)
[30.923s][info ][gc,heap      ] GC(107) CMS: 228551K->229736K(600768K)
[30.923s][info ][gc,metaspace ] GC(107) Metaspace: 55564K->55564K(1099776K)
[30.923s][info ][gc           ] GC(107) Pause Young (Allocation Failure) 470M->235M(850M) 8.536ms
[30.923s][info ][gc,cpu       ] GC(107) User=0.03s Sys=0.00s Real=0.00s
[30.923s][info ][safepoint    ] Leaving safepoint region
[30.923s][info ][safepoint    ] Total time for which application threads were stopped: 0.0088197 seconds, Stopping threads took: 0.0000173 seconds
[31.923s][info ][safepoint    ] Application time: 1.0001004 seconds
[31.923s][info ][safepoint    ] Entering safepoint region: Cleanup
[31.923s][info ][safepoint    ] Leaving safepoint region
[31.923s][info ][safepoint    ] Total time for which application threads were stopped: 0.0002900 seconds, Stopping threads took: 0.0000581 seconds
[31.951s][info ][safepoint    ] Application time: 0.0280678 seconds
[31.952s][info ][safepoint    ] Entering safepoint region: GenCollectForAllocation
[31.952s][info ][gc,start     ] GC(108) Pause Young (Allocation Failure)
[31.952s][info ][gc,task      ] GC(108) Using 4 workers of 4 for evacuation
[31.962s][debug][gc,ref       ] GC(108) Skipped phase1 of Reference Processing due to unavailable references
[31.962s][debug][gc,ref       ] GC(108) Skipped phase3 of Reference Processing due to unavailable references
[31.963s][debug][gc,age       ] GC(108) Desired survivor size 15368192 bytes, new threshold 6 (max threshold 6)
[31.963s][info ][gc,heap      ] GC(108) ParNew: 251472K->12320K(270336K)
[31.963s][info ][gc,heap      ] GC(108) CMS: 229736K->232755K(600768K)
[31.963s][info ][gc,metaspace ] GC(108) Metaspace: 55629K->55629K(1099776K)
[31.963s][info ][gc           ] GC(108) Pause Young (Allocation Failure) 469M->239M(850M) 11.027ms
[31.963s][info ][gc,cpu       ] GC(108) User=0.05s Sys=0.01s Real=0.00s
[31.963s][info ][safepoint    ] Leaving safepoint region
[31.963s][info ][safepoint    ] Total time for which application threads were stopped: 0.0111922 seconds, Stopping threads took: 0.0000162 seconds
[32.848s][info ][safepoint    ] Application time: 0.8851139 seconds
[32.848s][info ][safepoint    ] Entering safepoint region: ICBufferFull
[32.849s][info ][safepoint    ] Leaving safepoint region
[32.849s][info ][safepoint    ] Total time for which application threads were stopped: 0.0008133 seconds, Stopping threads took: 0.0000706 seconds
[32.999s][info ][safepoint    ] Application time: 0.1502932 seconds
[32.999s][info ][safepoint    ] Entering safepoint region: GenCollectForAllocation
[32.999s][info ][gc,start     ] GC(109) Pause Young (Allocation Failure)
[32.999s][info ][gc,task      ] GC(109) Using 4 workers of 4 for evacuation
[33.009s][debug][gc,ref       ] GC(109) Skipped phase1 of Reference Processing due to unavailable references
[33.009s][debug][gc,ref       ] GC(109) Skipped phase3 of Reference Processing due to unavailable references
[33.010s][debug][gc,age       ] GC(109) Desired survivor size 15368192 bytes, new threshold 6 (max threshold 6)
[33.010s][info ][gc,heap      ] GC(109) ParNew: 252640K->15167K(270336K)
[33.010s][info ][gc,heap      ] GC(109) CMS: 232755K->233243K(600768K)
[33.010s][info ][gc,metaspace ] GC(109) Metaspace: 55674K->55674K(1099776K)
[33.010s][info ][gc           ] GC(109) Pause Young (Allocation Failure) 474M->242M(850M) 10.410ms
[33.010s][info ][gc,cpu       ] GC(109) User=0.05s Sys=0.00s Real=0.01s
[33.010s][info ][safepoint    ] Leaving safepoint region
[33.010s][info ][safepoint    ] Total time for which application threads were stopped: 0.0106554 seconds, Stopping threads took: 0.0000171 seconds
[34.010s][info ][safepoint    ] Application time: 1.0001049 seconds
[34.010s][info ][safepoint    ] Entering safepoint region: Cleanup
[34.010s][info ][safepoint    ] Leaving safepoint region
[34.010s][info ][safepoint    ] Total time for which application threads were stopped: 0.0002107 seconds, Stopping threads took: 0.0000386 seconds
[34.013s][info ][safepoint    ] Application time: 0.0031026 seconds
[34.013s][info ][safepoint    ] Entering safepoint region: GenCollectForAllocation
[34.013s][info ][gc,start     ] GC(110) Pause Young (Allocation Failure)
[34.013s][info ][gc,task      ] GC(110) Using 4 workers of 4 for evacuation
[34.033s][debug][gc,ref       ] GC(110) Skipped phase1 of Reference Processing due to unavailable references
[34.033s][debug][gc,ref       ] GC(110) Skipped phase3 of Reference Processing due to unavailable references
[34.034s][debug][gc,age       ] GC(110) Desired survivor size 15368192 bytes, new threshold 6 (max threshold 6)
[34.034s][info ][gc,heap      ] GC(110) ParNew: 255487K->18416K(270336K)
[34.034s][info ][gc,heap      ] GC(110) CMS: 233243K->234511K(600768K)
[34.034s][info ][gc,metaspace ] GC(110) Metaspace: 55757K->55757K(1099776K)
[34.034s][info ][gc           ] GC(110) Pause Young (Allocation Failure) 477M->246M(850M) 20.466ms
[34.034s][info ][gc,cpu       ] GC(110) User=0.07s Sys=0.00s Real=0.02s
[34.034s][info ][safepoint    ] Leaving safepoint region
[34.034s][info ][safepoint    ] Total time for which application threads were stopped: 0.0206217 seconds, Stopping threads took: 0.0000129 seconds
[34.756s][info ][safepoint    ] Application time: 0.7226082 seconds
[34.756s][info ][safepoint    ] Entering safepoint region: ICBufferFull
[34.757s][info ][safepoint    ] Leaving safepoint region
[34.757s][info ][safepoint    ] Total time for which application threads were stopped: 0.0003499 seconds, Stopping threads took: 0.0000874 seconds
[35.045s][info ][safepoint    ] Application time: 0.2881711 seconds
[35.045s][info ][safepoint    ] Entering safepoint region: GenCollectForAllocation
[35.045s][info ][gc,start     ] GC(111) Pause Young (Allocation Failure)
[35.045s][info ][gc,task      ] GC(111) Using 4 workers of 4 for evacuation
[35.056s][debug][gc,ref       ] GC(111) Skipped phase1 of Reference Processing due to unavailable references
[35.056s][debug][gc,ref       ] GC(111) Skipped phase3 of Reference Processing due to unavailable references
[35.056s][debug][gc,ref       ] GC(111) Skipped phase4 of Reference Processing due to unavailable references
[35.056s][debug][gc,age       ] GC(111) Desired survivor size 15368192 bytes, new threshold 6 (max threshold 6)
[35.056s][info ][gc,heap      ] GC(111) ParNew: 258736K->17378K(270336K)
[35.056s][info ][gc,heap      ] GC(111) CMS: 234511K->234902K(600768K)
[35.056s][info ][gc,metaspace ] GC(111) Metaspace: 55782K->55782K(1099776K)
[35.056s][info ][gc           ] GC(111) Pause Young (Allocation Failure) 481M->246M(850M) 10.982ms
[35.056s][info ][gc,cpu       ] GC(111) User=0.06s Sys=0.00s Real=0.01s
[35.056s][info ][safepoint    ] Leaving safepoint region
[35.056s][info ][safepoint    ] Total time for which application threads were stopped: 0.0112306 seconds, Stopping threads took: 0.0000169 seconds
[36.018s][info ][safepoint    ] Application time: 0.9614044 seconds
[36.018s][info ][safepoint    ] Entering safepoint region: GenCollectForAllocation
[36.018s][info ][gc,start     ] GC(112) Pause Young (Allocation Failure)
[36.018s][info ][gc,task      ] GC(112) Using 4 workers of 4 for evacuation
[36.026s][debug][gc,ref       ] GC(112) Skipped phase1 of Reference Processing due to unavailable references
[36.026s][debug][gc,ref       ] GC(112) Skipped phase3 of Reference Processing due to unavailable references
[36.026s][debug][gc,ref       ] GC(112) Skipped phase4 of Reference Processing due to unavailable references
[36.027s][debug][gc,age       ] GC(112) Desired survivor size 15368192 bytes, new threshold 6 (max threshold 6)
[36.027s][info ][gc,heap      ] GC(112) ParNew: 257698K->17379K(270336K)
[36.027s][info ][gc,heap      ] GC(112) CMS: 234902K->235018K(600768K)
[36.027s][info ][gc,metaspace ] GC(112) Metaspace: 55806K->55806K(1099776K)
[36.027s][info ][gc           ] GC(112) Pause Young (Allocation Failure) 481M->246M(850M) 8.737ms
[36.027s][info ][gc,cpu       ] GC(112) User=0.03s Sys=0.00s Real=0.01s
[36.027s][info ][safepoint    ] Leaving safepoint region
[36.027s][info ][safepoint    ] Total time for which application threads were stopped: 0.0090088 seconds, Stopping threads took: 0.0000788 seconds
[36.971s][info ][safepoint    ] Application time: 0.9443329 seconds
[36.971s][info ][safepoint    ] Entering safepoint region: GenCollectForAllocation
[36.971s][info ][gc,start     ] GC(113) Pause Young (Allocation Failure)
[36.971s][info ][gc,task      ] GC(113) Using 4 workers of 4 for evacuation
[36.981s][debug][gc,ref       ] GC(113) Skipped phase1 of Reference Processing due to unavailable references
[36.981s][debug][gc,ref       ] GC(113) Skipped phase3 of Reference Processing due to unavailable references
[36.981s][debug][gc,ref       ] GC(113) Skipped phase4 of Reference Processing due to unavailable references
[36.981s][debug][gc,age       ] GC(113) Desired survivor size 15368192 bytes, new threshold 6 (max threshold 6)
[36.981s][info ][gc,heap      ] GC(113) ParNew: 257699K->19855K(270336K)
[36.982s][info ][gc,heap      ] GC(113) CMS: 235018K->235196K(600768K)
[36.982s][info ][gc,metaspace ] GC(113) Metaspace: 55828K->55828K(1099776K)
[36.982s][info ][gc           ] GC(113) Pause Young (Allocation Failure) 481M->249M(850M) 10.272ms
[36.982s][info ][gc,cpu       ] GC(113) User=0.04s Sys=0.00s Real=0.00s
[36.982s][info ][safepoint    ] Leaving safepoint region
[36.982s][info ][safepoint    ] Total time for which application threads were stopped: 0.0105430 seconds, Stopping threads took: 0.0000159 seconds
[37.925s][info ][safepoint    ] Application time: 0.9438844 seconds
[37.926s][info ][safepoint    ] Entering safepoint region: GenCollectForAllocation
[37.926s][info ][gc,start     ] GC(114) Pause Young (Allocation Failure)
[37.926s][info ][gc,task      ] GC(114) Using 4 workers of 4 for evacuation
[37.937s][debug][gc,ref       ] GC(114) Skipped phase1 of Reference Processing due to unavailable references
[37.937s][debug][gc,ref       ] GC(114) Skipped phase3 of Reference Processing due to unavailable references
[37.937s][debug][gc,age       ] GC(114) Desired survivor size 15368192 bytes, new threshold 6 (max threshold 6)
[37.937s][info ][gc,heap      ] GC(114) ParNew: 260175K->12499K(270336K)
[37.937s][info ][gc,heap      ] GC(114) CMS: 235196K->238232K(600768K)
[37.937s][info ][gc,metaspace ] GC(114) Metaspace: 55841K->55841K(1099776K)
[37.937s][info ][gc           ] GC(114) Pause Young (Allocation Failure) 483M->244M(850M) 11.791ms
[37.937s][info ][gc,cpu       ] GC(114) User=0.05s Sys=0.00s Real=0.01s
[37.938s][info ][safepoint    ] Leaving safepoint region
[37.938s][info ][safepoint    ] Total time for which application threads were stopped: 0.0120297 seconds, Stopping threads took: 0.0000405 seconds
[38.632s][info ][safepoint    ] Application time: 0.6945799 seconds
[38.632s][info ][safepoint    ] Entering safepoint region: ICBufferFull
[38.633s][info ][safepoint    ] Leaving safepoint region
[38.633s][info ][safepoint    ] Total time for which application threads were stopped: 0.0006463 seconds, Stopping threads took: 0.0002339 seconds
[38.929s][info ][safepoint    ] Application time: 0.2957588 seconds
[38.929s][info ][safepoint    ] Entering safepoint region: GenCollectForAllocation
[38.929s][info ][gc,start     ] GC(115) Pause Young (Allocation Failure)
[38.929s][info ][gc,task      ] GC(115) Using 4 workers of 4 for evacuation
[38.939s][debug][gc,ref       ] GC(115) Skipped phase1 of Reference Processing due to unavailable references
[38.939s][debug][gc,ref       ] GC(115) Skipped phase3 of Reference Processing due to unavailable references
[38.939s][debug][gc,age       ] GC(115) Desired survivor size 15368192 bytes, new threshold 6 (max threshold 6)
[38.939s][info ][gc,heap      ] GC(115) ParNew: 252819K->10525K(270336K)
[38.939s][info ][gc,heap      ] GC(115) CMS: 238232K->240736K(600768K)
[38.939s][info ][gc,metaspace ] GC(115) Metaspace: 55963K->55963K(1099776K)
[38.939s][info ][gc           ] GC(115) Pause Young (Allocation Failure) 479M->245M(850M) 10.245ms
[38.939s][info ][gc,cpu       ] GC(115) User=0.04s Sys=0.00s Real=0.01s
[38.939s][info ][safepoint    ] Leaving safepoint region
[38.939s][info ][safepoint    ] Total time for which application threads were stopped: 0.0106329 seconds, Stopping threads took: 0.0000161 seconds
[39.914s][info ][safepoint    ] Application time: 0.9750926 seconds
[39.914s][info ][safepoint    ] Entering safepoint region: GenCollectForAllocation
[39.915s][info ][gc,start     ] GC(116) Pause Young (Allocation Failure)
[39.915s][info ][gc,task      ] GC(116) Using 4 workers of 4 for evacuation
[39.924s][debug][gc,ref       ] GC(116) Skipped phase1 of Reference Processing due to unavailable references
[39.924s][debug][gc,ref       ] GC(116) Skipped phase3 of Reference Processing due to unavailable references
[39.924s][debug][gc,ref       ] GC(116) Skipped phase4 of Reference Processing due to unavailable references
[39.924s][debug][gc,age       ] GC(116) Desired survivor size 15368192 bytes, new threshold 6 (max threshold 6)
[39.924s][info ][gc,heap      ] GC(116) ParNew: 250845K->11356K(270336K)
[39.924s][info ][gc,heap      ] GC(116) CMS: 240736K->243457K(600768K)
[39.924s][info ][gc,metaspace ] GC(116) Metaspace: 55983K->55983K(1099776K)
[39.924s][info ][gc           ] GC(116) Pause Young (Allocation Failure) 480M->248M(850M) 9.114ms
[39.924s][info ][gc,cpu       ] GC(116) User=0.05s Sys=0.00s Real=0.01s
[39.924s][info ][safepoint    ] Leaving safepoint region
[39.924s][info ][safepoint    ] Total time for which application threads were stopped: 0.0094212 seconds, Stopping threads took: 0.0000166 seconds
[40.889s][info ][safepoint    ] Application time: 0.9650493 seconds
[40.889s][info ][safepoint    ] Entering safepoint region: GenCollectForAllocation
[40.889s][info ][gc,start     ] GC(117) Pause Young (Allocation Failure)
[40.889s][info ][gc,task      ] GC(117) Using 4 workers of 4 for evacuation
[40.898s][debug][gc,ref       ] GC(117) Skipped phase1 of Reference Processing due to unavailable references
[40.898s][debug][gc,ref       ] GC(117) Skipped phase3 of Reference Processing due to unavailable references
[40.898s][debug][gc,ref       ] GC(117) Skipped phase4 of Reference Processing due to unavailable references
[40.898s][debug][gc,age       ] GC(117) Desired survivor size 15368192 bytes, new threshold 6 (max threshold 6)
[40.898s][info ][gc,heap      ] GC(117) ParNew: 251676K->8840K(270336K)
[40.898s][info ][gc,heap      ] GC(117) CMS: 243457K->243682K(600768K)
[40.898s][info ][gc,metaspace ] GC(117) Metaspace: 56011K->56011K(1099776K)
[40.898s][info ][gc           ] GC(117) Pause Young (Allocation Failure) 483M->246M(850M) 9.052ms
[40.898s][info ][gc,cpu       ] GC(117) User=0.04s Sys=0.00s Real=0.01s
[40.898s][info ][safepoint    ] Leaving safepoint region
[40.898s][info ][safepoint    ] Total time for which application threads were stopped: 0.0093276 seconds, Stopping threads took: 0.0000165 seconds
[41.817s][info ][safepoint    ] Application time: 0.9189636 seconds
[41.817s][info ][safepoint    ] Entering safepoint region: GenCollectForAllocation
[41.817s][info ][gc,start     ] GC(118) Pause Young (Allocation Failure)
[41.817s][info ][gc,task      ] GC(118) Using 4 workers of 4 for evacuation
[41.825s][debug][gc,ref       ] GC(118) Skipped phase1 of Reference Processing due to unavailable references
[41.825s][debug][gc,ref       ] GC(118) Skipped phase3 of Reference Processing due to unavailable references
[41.825s][debug][gc,ref       ] GC(118) Skipped phase4 of Reference Processing due to unavailable references
[41.825s][debug][gc,age       ] GC(118) Desired survivor size 15368192 bytes, new threshold 6 (max threshold 6)
[41.825s][info ][gc,heap      ] GC(118) ParNew: 249160K->13581K(270336K)
[41.825s][info ][gc,heap      ] GC(118) CMS: 243682K->243976K(600768K)
[41.825s][info ][gc,metaspace ] GC(118) Metaspace: 56027K->56027K(1099776K)
[41.825s][info ][gc           ] GC(118) Pause Young (Allocation Failure) 481M->251M(850M) 8.002ms
[41.825s][info ][gc,cpu       ] GC(118) User=0.03s Sys=0.00s Real=0.01s
[41.825s][info ][safepoint    ] Leaving safepoint region
[41.825s][info ][safepoint    ] Total time for which application threads were stopped: 0.0082413 seconds, Stopping threads took: 0.0000200 seconds
[42.755s][info ][safepoint    ] Application time: 0.9297859 seconds
[42.755s][info ][safepoint    ] Entering safepoint region: GenCollectForAllocation
[42.756s][info ][gc,start     ] GC(119) Pause Young (Allocation Failure)
[42.756s][info ][gc,task      ] GC(119) Using 4 workers of 4 for evacuation
[42.764s][debug][gc,ref       ] GC(119) Skipped phase1 of Reference Processing due to unavailable references
[42.764s][debug][gc,ref       ] GC(119) Skipped phase3 of Reference Processing due to unavailable references
[42.764s][debug][gc,ref       ] GC(119) Skipped phase4 of Reference Processing due to unavailable references
[42.765s][debug][gc,age       ] GC(119) Desired survivor size 15368192 bytes, new threshold 6 (max threshold 6)
[42.765s][info ][gc,heap      ] GC(119) ParNew: 253901K->11720K(270336K)
[42.765s][info ][gc,heap      ] GC(119) CMS: 243976K->244271K(600768K)
[42.765s][info ][gc,metaspace ] GC(119) Metaspace: 56037K->56037K(1099776K)
[42.765s][info ][gc           ] GC(119) Pause Young (Allocation Failure) 486M->249M(850M) 9.014ms
[42.765s][info ][gc,cpu       ] GC(119) User=0.04s Sys=0.00s Real=0.01s
[42.765s][info ][safepoint    ] Leaving safepoint region
[42.765s][info ][safepoint    ] Total time for which application threads were stopped: 0.0093230 seconds, Stopping threads took: 0.0000373 seconds
[43.658s][info ][safepoint    ] Application time: 0.8929266 seconds
[43.658s][info ][safepoint    ] Entering safepoint region: GenCollectForAllocation
[43.658s][info ][gc,start     ] GC(120) Pause Young (Allocation Failure)
[43.658s][info ][gc,task      ] GC(120) Using 4 workers of 4 for evacuation
[43.675s][debug][gc,ref       ] GC(120) Skipped phase1 of Reference Processing due to unavailable references
[43.675s][debug][gc,ref       ] GC(120) Skipped phase3 of Reference Processing due to unavailable references
[43.675s][debug][gc,age       ] GC(120) Desired survivor size 15368192 bytes, new threshold 6 (max threshold 6)
[43.675s][info ][gc,heap      ] GC(120) ParNew: 252040K->11577K(270336K)
[43.675s][info ][gc,heap      ] GC(120) CMS: 244271K->244400K(600768K)
[43.675s][info ][gc,metaspace ] GC(120) Metaspace: 56052K->56052K(1099776K)
[43.675s][info ][gc           ] GC(120) Pause Young (Allocation Failure) 484M->249M(850M) 17.590ms
[43.675s][info ][gc,cpu       ] GC(120) User=0.03s Sys=0.01s Real=0.02s
[43.675s][info ][safepoint    ] Leaving safepoint region
[43.675s][info ][safepoint    ] Total time for which application threads were stopped: 0.0178167 seconds, Stopping threads took: 0.0000178 seconds
[44.572s][info ][safepoint    ] Application time: 0.8963941 seconds
[44.572s][info ][safepoint    ] Entering safepoint region: GenCollectForAllocation
[44.572s][info ][gc,start     ] GC(121) Pause Young (Allocation Failure)
[44.572s][info ][gc,task      ] GC(121) Using 4 workers of 4 for evacuation
[44.580s][debug][gc,ref       ] GC(121) Skipped phase1 of Reference Processing due to unavailable references
[44.580s][debug][gc,ref       ] GC(121) Skipped phase3 of Reference Processing due to unavailable references
[44.580s][debug][gc,ref       ] GC(121) Skipped phase4 of Reference Processing due to unavailable references
[44.580s][debug][gc,age       ] GC(121) Desired survivor size 15368192 bytes, new threshold 6 (max threshold 6)
[44.580s][info ][gc,heap      ] GC(121) ParNew: 251897K->12050K(270336K)
[44.580s][info ][gc,heap      ] GC(121) CMS: 244400K->244999K(600768K)
[44.580s][info ][gc,metaspace ] GC(121) Metaspace: 56063K->56063K(1099776K)
[44.580s][info ][gc           ] GC(121) Pause Young (Allocation Failure) 484M->251M(850M) 8.254ms
[44.580s][info ][gc,cpu       ] GC(121) User=0.03s Sys=0.00s Real=0.00s
[44.580s][info ][safepoint    ] Leaving safepoint region
[44.580s][info ][safepoint    ] Total time for which application threads were stopped: 0.0084900 seconds, Stopping threads took: 0.0000154 seconds
[45.500s][info ][safepoint    ] Application time: 0.9190983 seconds
[45.500s][info ][safepoint    ] Entering safepoint region: GenCollectForAllocation
[45.500s][info ][gc,start     ] GC(122) Pause Young (Allocation Failure)
[45.500s][info ][gc,task      ] GC(122) Using 4 workers of 4 for evacuation
[45.509s][debug][gc,ref       ] GC(122) Skipped phase1 of Reference Processing due to unavailable references
[45.509s][debug][gc,ref       ] GC(122) Skipped phase3 of Reference Processing due to unavailable references
[45.509s][debug][gc,ref       ] GC(122) Skipped phase4 of Reference Processing due to unavailable references
[45.509s][debug][gc,age       ] GC(122) Desired survivor size 15368192 bytes, new threshold 6 (max threshold 6)
[45.510s][info ][gc,heap      ] GC(122) ParNew: 252370K->9937K(270336K)
[45.510s][info ][gc,heap      ] GC(122) CMS: 244999K->246242K(600768K)
[45.510s][info ][gc,metaspace ] GC(122) Metaspace: 56073K->56073K(1099776K)
[45.510s][info ][gc           ] GC(122) Pause Young (Allocation Failure) 485M->250M(850M) 9.491ms
[45.510s][info ][gc,cpu       ] GC(122) User=0.04s Sys=0.00s Real=0.01s
[45.510s][info ][safepoint    ] Leaving safepoint region
[45.510s][info ][safepoint    ] Total time for which application threads were stopped: 0.0100266 seconds, Stopping threads took: 0.0002712 seconds
[46.323s][info ][safepoint    ] Application time: 0.8138230 seconds
[46.324s][info ][safepoint    ] Entering safepoint region: ICBufferFull
[46.324s][info ][safepoint    ] Leaving safepoint region
[46.324s][info ][safepoint    ] Total time for which application threads were stopped: 0.0004263 seconds, Stopping threads took: 0.0001562 seconds
[46.449s][info ][safepoint    ] Application time: 0.1255240 seconds
[46.449s][info ][safepoint    ] Entering safepoint region: GenCollectForAllocation
[46.450s][info ][gc,start     ] GC(123) Pause Young (Allocation Failure)
[46.450s][info ][gc,task      ] GC(123) Using 4 workers of 4 for evacuation
[46.458s][debug][gc,ref       ] GC(123) Skipped phase1 of Reference Processing due to unavailable references
[46.458s][debug][gc,ref       ] GC(123) Skipped phase3 of Reference Processing due to unavailable references
[46.458s][debug][gc,ref       ] GC(123) Skipped phase4 of Reference Processing due to unavailable references
[46.459s][debug][gc,age       ] GC(123) Desired survivor size 15368192 bytes, new threshold 6 (max threshold 6)
[46.459s][info ][gc,heap      ] GC(123) ParNew: 250257K->9589K(270336K)
[46.459s][info ][gc,heap      ] GC(123) CMS: 246242K->246826K(600768K)
[46.459s][info ][gc,metaspace ] GC(123) Metaspace: 56114K->56114K(1099776K)
[46.459s][info ][gc           ] GC(123) Pause Young (Allocation Failure) 484M->250M(850M) 8.997ms
[46.459s][info ][gc,cpu       ] GC(123) User=0.04s Sys=0.00s Real=0.01s
[46.459s][info ][safepoint    ] Leaving safepoint region
[46.459s][info ][safepoint    ] Total time for which application threads were stopped: 0.0092005 seconds, Stopping threads took: 0.0000176 seconds
[47.423s][info ][safepoint    ] Application time: 0.9639638 seconds
[47.423s][info ][safepoint    ] Entering safepoint region: GenCollectForAllocation
[47.423s][info ][gc,start     ] GC(124) Pause Young (Allocation Failure)
[47.423s][info ][gc,task      ] GC(124) Using 4 workers of 4 for evacuation
[47.432s][debug][gc,ref       ] GC(124) Skipped phase1 of Reference Processing due to unavailable references
[47.432s][debug][gc,ref       ] GC(124) Skipped phase3 of Reference Processing due to unavailable references
[47.432s][debug][gc,ref       ] GC(124) Skipped phase4 of Reference Processing due to unavailable references
[47.433s][debug][gc,age       ] GC(124) Desired survivor size 15368192 bytes, new threshold 6 (max threshold 6)
[47.433s][info ][gc,heap      ] GC(124) ParNew: 249909K->9378K(270336K)
[47.433s][info ][gc,heap      ] GC(124) CMS: 246826K->249410K(600768K)
[47.433s][info ][gc,metaspace ] GC(124) Metaspace: 56132K->56132K(1099776K)
[47.433s][info ][gc           ] GC(124) Pause Young (Allocation Failure) 485M->252M(850M) 9.720ms
[47.433s][info ][gc,cpu       ] GC(124) User=0.04s Sys=0.00s Real=0.02s
[47.433s][info ][safepoint    ] Leaving safepoint region
[47.433s][info ][safepoint    ] Total time for which application threads were stopped: 0.0100263 seconds, Stopping threads took: 0.0000169 seconds
[48.376s][info ][safepoint    ] Application time: 0.9430841 seconds
[48.376s][info ][safepoint    ] Entering safepoint region: GenCollectForAllocation
[48.376s][info ][gc,start     ] GC(125) Pause Young (Allocation Failure)
[48.376s][info ][gc,task      ] GC(125) Using 4 workers of 4 for evacuation
[48.383s][debug][gc,ref       ] GC(125) Skipped phase1 of Reference Processing due to unavailable references
[48.383s][debug][gc,ref       ] GC(125) Skipped phase3 of Reference Processing due to unavailable references
[48.384s][debug][gc,ref       ] GC(125) Skipped phase4 of Reference Processing due to unavailable references
[48.384s][debug][gc,age       ] GC(125) Desired survivor size 15368192 bytes, new threshold 6 (max threshold 6)
[48.384s][info ][gc,heap      ] GC(125) ParNew: 249698K->8253K(270336K)
[48.384s][info ][gc,heap      ] GC(125) CMS: 249410K->249819K(600768K)
[48.384s][info ][gc,metaspace ] GC(125) Metaspace: 56142K->56142K(1099776K)
[48.384s][info ][gc           ] GC(125) Pause Young (Allocation Failure) 487M->252M(850M) 7.772ms
[48.384s][info ][gc,cpu       ] GC(125) User=0.03s Sys=0.00s Real=0.01s
[48.384s][info ][safepoint    ] Leaving safepoint region
[48.384s][info ][safepoint    ] Total time for which application threads were stopped: 0.0079620 seconds, Stopping threads took: 0.0000168 seconds
[49.287s][info ][safepoint    ] Application time: 0.9028550 seconds
[49.287s][info ][safepoint    ] Entering safepoint region: GenCollectForAllocation
[49.287s][info ][gc,start     ] GC(126) Pause Young (Allocation Failure)
[49.287s][info ][gc,task      ] GC(126) Using 4 workers of 4 for evacuation
[49.294s][debug][gc,ref       ] GC(126) Skipped phase1 of Reference Processing due to unavailable references
[49.294s][debug][gc,ref       ] GC(126) Skipped phase3 of Reference Processing due to unavailable references
[49.294s][debug][gc,ref       ] GC(126) Skipped phase4 of Reference Processing due to unavailable references
[49.294s][debug][gc,age       ] GC(126) Desired survivor size 15368192 bytes, new threshold 6 (max threshold 6)
[49.294s][info ][gc,heap      ] GC(126) ParNew: 248573K->7982K(270336K)
[49.294s][info ][gc,heap      ] GC(126) CMS: 249819K->250636K(600768K)
[49.294s][info ][gc,metaspace ] GC(126) Metaspace: 56150K->56150K(1099776K)
[49.294s][info ][gc           ] GC(126) Pause Young (Allocation Failure) 486M->252M(850M) 7.458ms
[49.294s][info ][gc,cpu       ] GC(126) User=0.02s Sys=0.00s Real=0.01s
[49.294s][info ][safepoint    ] Leaving safepoint region
[49.294s][info ][safepoint    ] Total time for which application threads were stopped: 0.0076988 seconds, Stopping threads took: 0.0000174 seconds
[50.229s][info ][safepoint    ] Application time: 0.9350016 seconds
[50.229s][info ][safepoint    ] Entering safepoint region: GenCollectForAllocation
[50.230s][info ][gc,start     ] GC(127) Pause Young (Allocation Failure)
[50.230s][info ][gc,task      ] GC(127) Using 4 workers of 4 for evacuation
[50.237s][debug][gc,ref       ] GC(127) Skipped phase1 of Reference Processing due to unavailable references
[50.237s][debug][gc,ref       ] GC(127) Skipped phase3 of Reference Processing due to unavailable references
[50.238s][debug][gc,age       ] GC(127) Desired survivor size 15368192 bytes, new threshold 6 (max threshold 6)
[50.238s][info ][gc,heap      ] GC(127) ParNew: 248302K->7184K(270336K)
[50.238s][info ][gc,heap      ] GC(127) CMS: 250636K->251032K(600768K)
[50.238s][info ][gc,metaspace ] GC(127) Metaspace: 56191K->56191K(1099776K)
[50.238s][info ][gc           ] GC(127) Pause Young (Allocation Failure) 487M->252M(850M) 8.111ms
[50.238s][info ][gc,cpu       ] GC(127) User=0.03s Sys=0.00s Real=0.01s
[50.238s][info ][safepoint    ] Leaving safepoint region
[50.238s][info ][safepoint    ] Total time for which application threads were stopped: 0.0083098 seconds, Stopping threads took: 0.0000173 seconds
[51.185s][info ][safepoint    ] Application time: 0.9470203 seconds
[51.185s][info ][safepoint    ] Entering safepoint region: GenCollectForAllocation
[51.185s][info ][gc,start     ] GC(128) Pause Young (Allocation Failure)
[51.185s][info ][gc,task      ] GC(128) Using 4 workers of 4 for evacuation
[51.193s][debug][gc,ref       ] GC(128) Skipped phase1 of Reference Processing due to unavailable references
[51.193s][debug][gc,ref       ] GC(128) Skipped phase3 of Reference Processing due to unavailable references
[51.194s][debug][gc,age       ] GC(128) Desired survivor size 15368192 bytes, new threshold 6 (max threshold 6)
[51.194s][info ][gc,heap      ] GC(128) ParNew: 247504K->8121K(270336K)
[51.194s][info ][gc,heap      ] GC(128) CMS: 251032K->251663K(600768K)
[51.194s][info ][gc,metaspace ] GC(128) Metaspace: 56239K->56239K(1099776K)
[51.194s][info ][gc           ] GC(128) Pause Young (Allocation Failure) 486M->253M(850M) 8.863ms
[51.194s][info ][gc,cpu       ] GC(128) User=0.03s Sys=0.00s Real=0.01s
[51.194s][info ][safepoint    ] Leaving safepoint region
[51.194s][info ][safepoint    ] Total time for which application threads were stopped: 0.0091052 seconds, Stopping threads took: 0.0000196 seconds
[52.127s][info ][safepoint    ] Application time: 0.9329533 seconds
[52.127s][info ][safepoint    ] Entering safepoint region: GenCollectForAllocation
[52.127s][info ][gc,start     ] GC(129) Pause Young (Allocation Failure)
[52.127s][info ][gc,task      ] GC(129) Using 4 workers of 4 for evacuation
[52.134s][debug][gc,ref       ] GC(129) Skipped phase1 of Reference Processing due to unavailable references
[52.134s][debug][gc,ref       ] GC(129) Skipped phase3 of Reference Processing due to unavailable references
[52.134s][debug][gc,ref       ] GC(129) Skipped phase4 of Reference Processing due to unavailable references
[52.134s][debug][gc,age       ] GC(129) Desired survivor size 15368192 bytes, new threshold 6 (max threshold 6)
[52.134s][info ][gc,heap      ] GC(129) ParNew: 248441K->9165K(270336K)
[52.134s][info ][gc,heap      ] GC(129) CMS: 251663K->252022K(600768K)
[52.134s][info ][gc,metaspace ] GC(129) Metaspace: 56243K->56243K(1099776K)
[52.134s][info ][gc           ] GC(129) Pause Young (Allocation Failure) 488M->255M(850M) 7.185ms
[52.134s][info ][gc,cpu       ] GC(129) User=0.03s Sys=0.00s Real=0.01s
[52.134s][info ][safepoint    ] Leaving safepoint region
[52.134s][info ][safepoint    ] Total time for which application threads were stopped: 0.0074440 seconds, Stopping threads took: 0.0000167 seconds
[53.035s][info ][safepoint    ] Application time: 0.9006641 seconds
[53.035s][info ][safepoint    ] Entering safepoint region: GenCollectForAllocation
[53.035s][info ][gc,start     ] GC(130) Pause Young (Allocation Failure)
[53.035s][info ][gc,task      ] GC(130) Using 4 workers of 4 for evacuation
[53.043s][debug][gc,ref       ] GC(130) Skipped phase1 of Reference Processing due to unavailable references
[53.043s][debug][gc,ref       ] GC(130) Skipped phase3 of Reference Processing due to unavailable references
[53.043s][debug][gc,ref       ] GC(130) Skipped phase4 of Reference Processing due to unavailable references
[53.043s][debug][gc,age       ] GC(130) Desired survivor size 15368192 bytes, new threshold 6 (max threshold 6)
[53.043s][info ][gc,heap      ] GC(130) ParNew: 249485K->7095K(270336K)
[53.043s][info ][gc,heap      ] GC(130) CMS: 252022K->252964K(600768K)
[53.043s][info ][gc,metaspace ] GC(130) Metaspace: 56252K->56252K(1099776K)
[53.043s][info ][gc           ] GC(130) Pause Young (Allocation Failure) 489M->253M(850M) 7.749ms
[53.043s][info ][gc,cpu       ] GC(130) User=0.02s Sys=0.00s Real=0.00s
[53.043s][info ][safepoint    ] Leaving safepoint region
[53.043s][info ][safepoint    ] Total time for which application threads were stopped: 0.0080400 seconds, Stopping threads took: 0.0001011 seconds
[53.939s][info ][safepoint    ] Application time: 0.8957373 seconds
[53.939s][info ][safepoint    ] Entering safepoint region: GenCollectForAllocation
[53.939s][info ][gc,start     ] GC(131) Pause Young (Allocation Failure)
[53.939s][info ][gc,task      ] GC(131) Using 4 workers of 4 for evacuation
[53.947s][debug][gc,ref       ] GC(131) Skipped phase1 of Reference Processing due to unavailable references
[53.947s][debug][gc,ref       ] GC(131) Skipped phase3 of Reference Processing due to unavailable references
[53.947s][debug][gc,ref       ] GC(131) Skipped phase4 of Reference Processing due to unavailable references
[53.948s][debug][gc,age       ] GC(131) Desired survivor size 15368192 bytes, new threshold 6 (max threshold 6)
[53.948s][info ][gc,heap      ] GC(131) ParNew: 247415K->10559K(270336K)
[53.948s][info ][gc,heap      ] GC(131) CMS: 252964K->253276K(600768K)
[53.948s][info ][gc,metaspace ] GC(131) Metaspace: 56258K->56258K(1099776K)
[53.948s][info ][gc           ] GC(131) Pause Young (Allocation Failure) 488M->257M(850M) 8.625ms
[53.948s][info ][gc,cpu       ] GC(131) User=0.02s Sys=0.01s Real=0.01s
[53.948s][info ][safepoint    ] Leaving safepoint region
[53.948s][info ][safepoint    ] Total time for which application threads were stopped: 0.0088249 seconds, Stopping threads took: 0.0000169 seconds
[54.883s][info ][safepoint    ] Application time: 0.9352304 seconds
[54.883s][info ][safepoint    ] Entering safepoint region: GenCollectForAllocation
[54.883s][info ][gc,start     ] GC(132) Pause Young (Allocation Failure)
[54.883s][info ][gc,task      ] GC(132) Using 4 workers of 4 for evacuation
[54.890s][debug][gc,ref       ] GC(132) Skipped phase1 of Reference Processing due to unavailable references
[54.890s][debug][gc,ref       ] GC(132) Skipped phase3 of Reference Processing due to unavailable references
[54.890s][debug][gc,ref       ] GC(132) Skipped phase4 of Reference Processing due to unavailable references
[54.891s][debug][gc,age       ] GC(132) Desired survivor size 15368192 bytes, new threshold 6 (max threshold 6)
[54.891s][info ][gc,heap      ] GC(132) ParNew: 250879K->12044K(270336K)
[54.891s][info ][gc,heap      ] GC(132) CMS: 253276K->253416K(600768K)
[54.891s][info ][gc,metaspace ] GC(132) Metaspace: 56260K->56260K(1099776K)
[54.891s][info ][gc           ] GC(132) Pause Young (Allocation Failure) 492M->259M(850M) 7.417ms
[54.891s][info ][gc,cpu       ] GC(132) User=0.03s Sys=0.00s Real=0.00s
[54.891s][info ][safepoint    ] Leaving safepoint region
[54.891s][info ][safepoint    ] Total time for which application threads were stopped: 0.0076819 seconds, Stopping threads took: 0.0000176 seconds
[55.736s][info ][safepoint    ] Application time: 0.8453112 seconds
[55.736s][info ][safepoint    ] Entering safepoint region: Deoptimize
[55.738s][info ][safepoint    ] Leaving safepoint region
[55.738s][info ][safepoint    ] Total time for which application threads were stopped: 0.0017823 seconds, Stopping threads took: 0.0000148 seconds
[55.738s][info ][safepoint    ] Application time: 0.0003442 seconds
[55.738s][info ][safepoint    ] Entering safepoint region: Deoptimize
[55.739s][info ][safepoint    ] Leaving safepoint region
[55.739s][info ][safepoint    ] Total time for which application threads were stopped: 0.0011880 seconds, Stopping threads took: 0.0000110 seconds
[55.825s][info ][safepoint    ] Application time: 0.0857797 seconds
[55.825s][info ][safepoint    ] Entering safepoint region: GenCollectForAllocation
[55.825s][info ][gc,start     ] GC(133) Pause Young (Allocation Failure)
[55.825s][info ][gc,task      ] GC(133) Using 4 workers of 4 for evacuation
[55.833s][debug][gc,ref       ] GC(133) Skipped phase1 of Reference Processing due to unavailable references
[55.833s][debug][gc,ref       ] GC(133) Skipped phase3 of Reference Processing due to unavailable references
[55.833s][debug][gc,ref       ] GC(133) Skipped phase4 of Reference Processing due to unavailable references
[55.833s][debug][gc,age       ] GC(133) Desired survivor size 15368192 bytes, new threshold 6 (max threshold 6)
[55.833s][info ][gc,heap      ] GC(133) ParNew: 252364K->11144K(270336K)
[55.833s][info ][gc,heap      ] GC(133) CMS: 253416K->254066K(600768K)
[55.833s][info ][gc,metaspace ] GC(133) Metaspace: 56281K->56281K(1099776K)
[55.833s][info ][gc           ] GC(133) Pause Young (Allocation Failure) 493M->258M(850M) 7.965ms
[55.833s][info ][gc,cpu       ] GC(133) User=0.04s Sys=0.01s Real=0.01s
[55.833s][info ][safepoint    ] Leaving safepoint region
[55.833s][info ][safepoint    ] Total time for which application threads were stopped: 0.0081876 seconds, Stopping threads took: 0.0000201 seconds
[56.831s][info ][safepoint    ] Application time: 0.9976485 seconds
[56.831s][info ][safepoint    ] Entering safepoint region: GenCollectForAllocation
[56.831s][info ][gc,start     ] GC(134) Pause Young (Allocation Failure)
[56.831s][info ][gc,task      ] GC(134) Using 4 workers of 4 for evacuation
[56.840s][debug][gc,ref       ] GC(134) Skipped phase1 of Reference Processing due to unavailable references
[56.840s][debug][gc,ref       ] GC(134) Skipped phase3 of Reference Processing due to unavailable references
[56.840s][debug][gc,age       ] GC(134) Desired survivor size 15368192 bytes, new threshold 6 (max threshold 6)
[56.840s][info ][gc,heap      ] GC(134) ParNew: 251464K->12683K(270336K)
[56.840s][info ][gc,heap      ] GC(134) CMS: 254066K->254536K(600768K)
[56.840s][info ][gc,metaspace ] GC(134) Metaspace: 56326K->56326K(1099776K)
[56.840s][info ][gc           ] GC(134) Pause Young (Allocation Failure) 493M->260M(850M) 8.558ms
[56.840s][info ][gc,cpu       ] GC(134) User=0.04s Sys=0.00s Real=0.00s
[56.840s][info ][safepoint    ] Leaving safepoint region
[56.840s][info ][safepoint    ] Total time for which application threads were stopped: 0.0087616 seconds, Stopping threads took: 0.0000159 seconds
[57.796s][info ][safepoint    ] Application time: 0.9562763 seconds
[57.796s][info ][safepoint    ] Entering safepoint region: GenCollectForAllocation
[57.796s][info ][gc,start     ] GC(135) Pause Young (Allocation Failure)
[57.796s][info ][gc,task      ] GC(135) Using 4 workers of 4 for evacuation
[57.805s][debug][gc,ref       ] GC(135) Skipped phase1 of Reference Processing due to unavailable references
[57.805s][debug][gc,ref       ] GC(135) Skipped phase3 of Reference Processing due to unavailable references
[57.805s][debug][gc,ref       ] GC(135) Skipped phase4 of Reference Processing due to unavailable references
[57.806s][debug][gc,age       ] GC(135) Desired survivor size 15368192 bytes, new threshold 6 (max threshold 6)
[57.806s][info ][gc,heap      ] GC(135) ParNew: 253003K->11739K(270336K)
[57.806s][info ][gc,heap      ] GC(135) CMS: 254536K->255417K(600768K)
[57.806s][info ][gc,metaspace ] GC(135) Metaspace: 56328K->56328K(1099776K)
[57.806s][info ][gc           ] GC(135) Pause Young (Allocation Failure) 495M->260M(850M) 9.337ms
[57.806s][info ][gc,cpu       ] GC(135) User=0.04s Sys=0.00s Real=0.01s
[57.806s][info ][safepoint    ] Leaving safepoint region
[57.806s][info ][safepoint    ] Total time for which application threads were stopped: 0.0095570 seconds, Stopping threads took: 0.0000184 seconds
[58.787s][info ][safepoint    ] Application time: 0.9815932 seconds
[58.787s][info ][safepoint    ] Entering safepoint region: Deoptimize
[58.789s][info ][safepoint    ] Leaving safepoint region
[58.789s][info ][safepoint    ] Total time for which application threads were stopped: 0.0017698 seconds, Stopping threads took: 0.0000157 seconds
[58.792s][info ][safepoint    ] Application time: 0.0028042 seconds
[58.792s][info ][safepoint    ] Entering safepoint region: Deoptimize
[58.794s][info ][safepoint    ] Leaving safepoint region
[58.794s][info ][safepoint    ] Total time for which application threads were stopped: 0.0016452 seconds, Stopping threads took: 0.0000120 seconds
[58.794s][info ][safepoint    ] Application time: 0.0006402 seconds
[58.794s][info ][safepoint    ] Entering safepoint region: GenCollectForAllocation
[58.794s][info ][gc,start     ] GC(136) Pause Young (Allocation Failure)
[58.794s][info ][gc,task      ] GC(136) Using 4 workers of 4 for evacuation
[58.815s][debug][gc,ref       ] GC(136) Skipped phase1 of Reference Processing due to unavailable references
[58.815s][debug][gc,ref       ] GC(136) Skipped phase3 of Reference Processing due to unavailable references
[58.815s][debug][gc,age       ] GC(136) Desired survivor size 15368192 bytes, new threshold 6 (max threshold 6)
[58.815s][info ][gc,heap      ] GC(136) ParNew: 252059K->11226K(270336K)
[58.815s][info ][gc,heap      ] GC(136) CMS: 255417K->255918K(600768K)
[58.815s][info ][gc,metaspace ] GC(136) Metaspace: 56426K->56426K(1099776K)
[58.815s][info ][gc           ] GC(136) Pause Young (Allocation Failure) 495M->260M(850M) 20.391ms
[58.815s][info ][gc,cpu       ] GC(136) User=0.09s Sys=0.00s Real=0.02s
[58.815s][info ][safepoint    ] Leaving safepoint region
[58.815s][info ][safepoint    ] Total time for which application threads were stopped: 0.0205831 seconds, Stopping threads took: 0.0000641 seconds
[59.466s][info ][safepoint    ] Application time: 0.6507293 seconds
[59.466s][info ][safepoint    ] Entering safepoint region: ICBufferFull
[59.466s][info ][safepoint    ] Leaving safepoint region
[59.466s][info ][safepoint    ] Total time for which application threads were stopped: 0.0002195 seconds, Stopping threads took: 0.0000150 seconds
[59.467s][info ][safepoint    ] Application time: 0.0014106 seconds
[59.467s][info ][safepoint    ] Entering safepoint region: Deoptimize
[59.469s][info ][safepoint    ] Leaving safepoint region
[59.469s][info ][safepoint    ] Total time for which application threads were stopped: 0.0015601 seconds, Stopping threads took: 0.0000086 seconds
[59.773s][info ][safepoint    ] Application time: 0.3045418 seconds
[59.773s][info ][safepoint    ] Entering safepoint region: GenCollectForAllocation
[59.774s][info ][gc,start     ] GC(137) Pause Young (Allocation Failure)
[59.774s][info ][gc,task      ] GC(137) Using 4 workers of 4 for evacuation
[59.782s][debug][gc,ref       ] GC(137) Skipped phase1 of Reference Processing due to unavailable references
[59.782s][debug][gc,ref       ] GC(137) Skipped phase3 of Reference Processing due to unavailable references
[59.782s][debug][gc,age       ] GC(137) Desired survivor size 15368192 bytes, new threshold 6 (max threshold 6)
[59.782s][info ][gc,heap      ] GC(137) ParNew: 251546K->11288K(270336K)
[59.782s][info ][gc,heap      ] GC(137) CMS: 255918K->257690K(600768K)
[59.782s][info ][gc,metaspace ] GC(137) Metaspace: 56502K->56502K(1099776K)
[59.782s][info ][gc           ] GC(137) Pause Young (Allocation Failure) 495M->262M(850M) 8.535ms
[59.782s][info ][gc,cpu       ] GC(137) User=0.03s Sys=0.00s Real=0.00s
[59.782s][info ][safepoint    ] Leaving safepoint region
[59.782s][info ][safepoint    ] Total time for which application threads were stopped: 0.0088431 seconds, Stopping threads took: 0.0000395 seconds
[60.674s][info ][safepoint    ] Application time: 0.8914599 seconds
[60.674s][info ][safepoint    ] Entering safepoint region: GenCollectForAllocation
[60.674s][info ][gc,start     ] GC(138) Pause Young (Allocation Failure)
[60.674s][info ][gc,task      ] GC(138) Using 4 workers of 4 for evacuation
[60.680s][debug][gc,ref       ] GC(138) Skipped phase1 of Reference Processing due to unavailable references
[60.680s][debug][gc,ref       ] GC(138) Skipped phase3 of Reference Processing due to unavailable references
[60.680s][debug][gc,ref       ] GC(138) Skipped phase4 of Reference Processing due to unavailable references
[60.680s][debug][gc,age       ] GC(138) Desired survivor size 15368192 bytes, new threshold 6 (max threshold 6)
[60.680s][info ][gc,heap      ] GC(138) ParNew: 251608K->11421K(270336K)
[60.680s][info ][gc,heap      ] GC(138) CMS: 257690K->258136K(600768K)
[60.681s][info ][gc,metaspace ] GC(138) Metaspace: 56511K->56511K(1099776K)
[60.681s][info ][gc           ] GC(138) Pause Young (Allocation Failure) 497M->263M(850M) 6.664ms
[60.681s][info ][gc,cpu       ] GC(138) User=0.02s Sys=0.01s Real=0.00s
[60.681s][info ][safepoint    ] Leaving safepoint region
[60.681s][info ][safepoint    ] Total time for which application threads were stopped: 0.0068571 seconds, Stopping threads took: 0.0000165 seconds
[61.569s][info ][safepoint    ] Application time: 0.8886645 seconds
[61.569s][info ][safepoint    ] Entering safepoint region: GenCollectForAllocation
[61.569s][info ][gc,start     ] GC(139) Pause Young (Allocation Failure)
[61.569s][info ][gc,task      ] GC(139) Using 4 workers of 4 for evacuation
[61.577s][debug][gc,ref       ] GC(139) Skipped phase1 of Reference Processing due to unavailable references
[61.577s][debug][gc,ref       ] GC(139) Skipped phase3 of Reference Processing due to unavailable references
[61.577s][debug][gc,age       ] GC(139) Desired survivor size 15368192 bytes, new threshold 6 (max threshold 6)
[61.577s][info ][gc,heap      ] GC(139) ParNew: 251741K->14530K(270336K)
[61.577s][info ][gc,heap      ] GC(139) CMS: 258136K->258417K(600768K)
[61.577s][info ][gc,metaspace ] GC(139) Metaspace: 56528K->56528K(1099776K)
[61.577s][info ][gc           ] GC(139) Pause Young (Allocation Failure) 497M->266M(850M) 7.351ms
[61.577s][info ][gc,cpu       ] GC(139) User=0.03s Sys=0.00s Real=0.01s
[61.577s][info ][safepoint    ] Leaving safepoint region
[61.577s][info ][safepoint    ] Total time for which application threads were stopped: 0.0075452 seconds, Stopping threads took: 0.0000185 seconds
[62.508s][info ][safepoint    ] Application time: 0.9308525 seconds
[62.508s][info ][safepoint    ] Entering safepoint region: GenCollectForAllocation
[62.508s][info ][gc,start     ] GC(140) Pause Young (Allocation Failure)
[62.508s][info ][gc,task      ] GC(140) Using 4 workers of 4 for evacuation
[62.517s][debug][gc,ref       ] GC(140) Skipped phase1 of Reference Processing due to unavailable references
[62.517s][debug][gc,ref       ] GC(140) Skipped phase3 of Reference Processing due to unavailable references
[62.517s][debug][gc,age       ] GC(140) Desired survivor size 15368192 bytes, new threshold 6 (max threshold 6)
[62.517s][info ][gc,heap      ] GC(140) ParNew: 254850K->9959K(270336K)
[62.517s][info ][gc,heap      ] GC(140) CMS: 258417K->259329K(600768K)
[62.517s][info ][gc,metaspace ] GC(140) Metaspace: 56540K->56540K(1099776K)
[62.517s][info ][gc           ] GC(140) Pause Young (Allocation Failure) 501M->262M(850M) 9.337ms
[62.517s][info ][gc,cpu       ] GC(140) User=0.05s Sys=0.00s Real=0.01s
[62.517s][info ][safepoint    ] Leaving safepoint region
[62.517s][info ][safepoint    ] Total time for which application threads were stopped: 0.0095659 seconds, Stopping threads took: 0.0000160 seconds
[63.458s][info ][safepoint    ] Application time: 0.9410973 seconds
[63.458s][info ][safepoint    ] Entering safepoint region: GenCollectForAllocation
[63.459s][info ][gc,start     ] GC(141) Pause Young (Allocation Failure)
[63.459s][info ][gc,task      ] GC(141) Using 4 workers of 4 for evacuation
[63.477s][debug][gc,ref       ] GC(141) Skipped phase1 of Reference Processing due to unavailable references
[63.477s][debug][gc,ref       ] GC(141) Skipped phase3 of Reference Processing due to unavailable references
[63.477s][debug][gc,age       ] GC(141) Desired survivor size 15368192 bytes, new threshold 6 (max threshold 6)
[63.477s][info ][gc,heap      ] GC(141) ParNew: 250279K->11968K(270336K)
[63.477s][info ][gc,heap      ] GC(141) CMS: 259329K->259748K(600768K)
[63.477s][info ][gc,metaspace ] GC(141) Metaspace: 56542K->56542K(1099776K)
[63.477s][info ][gc           ] GC(141) Pause Young (Allocation Failure) 497M->265M(850M) 18.570ms
[63.477s][info ][gc,cpu       ] GC(141) User=0.07s Sys=0.00s Real=0.02s
[63.477s][info ][safepoint    ] Leaving safepoint region
[63.477s][info ][safepoint    ] Total time for which application threads were stopped: 0.0188130 seconds, Stopping threads took: 0.0000183 seconds
[64.445s][info ][safepoint    ] Application time: 0.9673801 seconds
[64.445s][info ][safepoint    ] Entering safepoint region: GenCollectForAllocation
[64.445s][info ][gc,start     ] GC(142) Pause Young (Allocation Failure)
[64.445s][info ][gc,task      ] GC(142) Using 4 workers of 4 for evacuation
[64.456s][debug][gc,ref       ] GC(142) Skipped phase1 of Reference Processing due to unavailable references
[64.456s][debug][gc,ref       ] GC(142) Skipped phase3 of Reference Processing due to unavailable references
[64.456s][debug][gc,age       ] GC(142) Desired survivor size 15368192 bytes, new threshold 6 (max threshold 6)
[64.456s][info ][gc,heap      ] GC(142) ParNew: 252288K->13533K(270336K)
[64.456s][info ][gc,heap      ] GC(142) CMS: 259748K->260346K(600768K)
[64.456s][info ][gc,metaspace ] GC(142) Metaspace: 56548K->56548K(1101824K)
[64.456s][info ][gc           ] GC(142) Pause Young (Allocation Failure) 500M->267M(850M) 11.504ms
[64.456s][info ][gc,cpu       ] GC(142) User=0.03s Sys=0.01s Real=0.01s
[64.456s][info ][safepoint    ] Leaving safepoint region
[64.456s][info ][safepoint    ] Total time for which application threads were stopped: 0.0117678 seconds, Stopping threads took: 0.0000436 seconds
[65.395s][info ][safepoint    ] Application time: 0.9386608 seconds
[65.395s][info ][safepoint    ] Entering safepoint region: GenCollectForAllocation
[65.395s][info ][gc,start     ] GC(143) Pause Young (Allocation Failure)
[65.395s][info ][gc,task      ] GC(143) Using 4 workers of 4 for evacuation
[65.423s][debug][gc,ref       ] GC(143) Skipped phase1 of Reference Processing due to unavailable references
[65.423s][debug][gc,ref       ] GC(143) Skipped phase3 of Reference Processing due to unavailable references
[65.424s][debug][gc,age       ] GC(143) Desired survivor size 15368192 bytes, new threshold 6 (max threshold 6)
[65.424s][info ][gc,heap      ] GC(143) ParNew: 253853K->13358K(270336K)
[65.424s][info ][gc,heap      ] GC(143) CMS: 260346K->261886K(600768K)
[65.424s][info ][gc,metaspace ] GC(143) Metaspace: 56562K->56562K(1101824K)
[65.424s][info ][gc           ] GC(143) Pause Young (Allocation Failure) 502M->268M(850M) 28.418ms
[65.424s][info ][gc,cpu       ] GC(143) User=0.07s Sys=0.00s Real=0.03s
[65.424s][info ][safepoint    ] Leaving safepoint region
[65.424s][info ][safepoint    ] Total time for which application threads were stopped: 0.0286414 seconds, Stopping threads took: 0.0000177 seconds
[66.424s][info ][safepoint    ] Application time: 1.0001067 seconds
[66.424s][info ][safepoint    ] Entering safepoint region: Cleanup
[66.424s][info ][safepoint    ] Leaving safepoint region
[66.424s][info ][safepoint    ] Total time for which application threads were stopped: 0.0002416 seconds, Stopping threads took: 0.0000802 seconds
[66.473s][info ][safepoint    ] Application time: 0.0492618 seconds
[66.473s][info ][safepoint    ] Entering safepoint region: GenCollectForAllocation
[66.474s][info ][gc,start     ] GC(144) Pause Young (Allocation Failure)
[66.474s][info ][gc,task      ] GC(144) Using 4 workers of 4 for evacuation
[66.486s][debug][gc,ref       ] GC(144) Skipped phase1 of Reference Processing due to unavailable references
[66.486s][debug][gc,ref       ] GC(144) Skipped phase2 of Reference Processing due to unavailable references
[66.486s][debug][gc,ref       ] GC(144) Skipped phase3 of Reference Processing due to unavailable references
[66.486s][debug][gc,age       ] GC(144) Desired survivor size 15368192 bytes, new threshold 6 (max threshold 6)
[66.487s][info ][gc,heap      ] GC(144) ParNew: 253678K->12336K(270336K)
[66.487s][info ][gc,heap      ] GC(144) CMS: 261886K->262156K(600768K)
[66.487s][info ][gc,metaspace ] GC(144) Metaspace: 56567K->56567K(1101824K)
[66.487s][info ][gc           ] GC(144) Pause Young (Allocation Failure) 503M->268M(850M) 12.906ms
[66.487s][info ][gc,cpu       ] GC(144) User=0.03s Sys=0.00s Real=0.01s
[66.487s][info ][safepoint    ] Leaving safepoint region
[66.487s][info ][safepoint    ] Total time for which application threads were stopped: 0.0131258 seconds, Stopping threads took: 0.0000204 seconds
[67.487s][info ][safepoint    ] Application time: 1.0001222 seconds
[67.487s][info ][safepoint    ] Entering safepoint region: Cleanup
[67.487s][info ][safepoint    ] Leaving safepoint region
[67.487s][info ][safepoint    ] Total time for which application threads were stopped: 0.0002227 seconds, Stopping threads took: 0.0000808 seconds
[67.538s][info ][safepoint    ] Application time: 0.0514942 seconds
[67.539s][info ][safepoint    ] Entering safepoint region: GenCollectForAllocation
[67.539s][info ][gc,start     ] GC(145) Pause Young (Allocation Failure)
[67.539s][info ][gc,task      ] GC(145) Using 4 workers of 4 for evacuation
[67.558s][debug][gc,ref       ] GC(145) Skipped phase1 of Reference Processing due to unavailable references
[67.558s][debug][gc,ref       ] GC(145) Skipped phase2 of Reference Processing due to unavailable references
[67.558s][debug][gc,ref       ] GC(145) Skipped phase3 of Reference Processing due to unavailable references
[67.558s][debug][gc,ref       ] GC(145) Skipped phase4 of Reference Processing due to unavailable references
[67.558s][debug][gc,age       ] GC(145) Desired survivor size 15368192 bytes, new threshold 6 (max threshold 6)
[67.558s][info ][gc,heap      ] GC(145) ParNew: 252656K->13851K(270336K)
[67.558s][info ][gc,heap      ] GC(145) CMS: 262156K->263092K(600768K)
[67.558s][info ][gc,metaspace ] GC(145) Metaspace: 56584K->56584K(1101824K)
[67.558s][info ][gc           ] GC(145) Pause Young (Allocation Failure) 502M->270M(850M) 19.700ms
[67.558s][info ][gc,cpu       ] GC(145) User=0.05s Sys=0.00s Real=0.02s
[67.558s][info ][safepoint    ] Leaving safepoint region
[67.558s][info ][safepoint    ] Total time for which application threads were stopped: 0.0199517 seconds, Stopping threads took: 0.0000666 seconds
[68.559s][info ][safepoint    ] Application time: 1.0001649 seconds
[68.559s][info ][safepoint    ] Entering safepoint region: Cleanup
[68.559s][info ][safepoint    ] Leaving safepoint region
[68.559s][info ][safepoint    ] Total time for which application threads were stopped: 0.0002450 seconds, Stopping threads took: 0.0000749 seconds
[68.609s][info ][safepoint    ] Application time: 0.0501247 seconds
[68.609s][info ][safepoint    ] Entering safepoint region: GenCollectForAllocation
[68.609s][info ][gc,start     ] GC(146) Pause Young (Allocation Failure)
[68.609s][info ][gc,task      ] GC(146) Using 4 workers of 4 for evacuation
[68.624s][debug][gc,ref       ] GC(146) Skipped phase1 of Reference Processing due to unavailable references
[68.624s][debug][gc,ref       ] GC(146) Skipped phase2 of Reference Processing due to unavailable references
[68.624s][debug][gc,ref       ] GC(146) Skipped phase3 of Reference Processing due to unavailable references
[68.624s][debug][gc,ref       ] GC(146) Skipped phase4 of Reference Processing due to unavailable references
[68.624s][debug][gc,age       ] GC(146) Desired survivor size 15368192 bytes, new threshold 6 (max threshold 6)
[68.624s][info ][gc,heap      ] GC(146) ParNew: 254171K->16612K(270336K)
[68.624s][info ][gc,heap      ] GC(146) CMS: 263092K->263409K(600768K)
[68.624s][info ][gc,metaspace ] GC(146) Metaspace: 56587K->56587K(1101824K)
[68.624s][info ][gc           ] GC(146) Pause Young (Allocation Failure) 505M->273M(850M) 14.963ms
[68.624s][info ][gc,cpu       ] GC(146) User=0.03s Sys=0.00s Real=0.02s
[68.624s][info ][safepoint    ] Leaving safepoint region
[68.624s][info ][safepoint    ] Total time for which application threads were stopped: 0.0151729 seconds, Stopping threads took: 0.0000214 seconds
[69.612s][info ][safepoint    ] Application time: 0.9876817 seconds
[69.612s][info ][safepoint    ] Entering safepoint region: GenCollectForAllocation
[69.612s][info ][gc,start     ] GC(147) Pause Young (Allocation Failure)
[69.612s][info ][gc,task      ] GC(147) Using 4 workers of 4 for evacuation
[69.622s][debug][gc,ref       ] GC(147) Skipped phase1 of Reference Processing due to unavailable references
[69.622s][debug][gc,ref       ] GC(147) Skipped phase2 of Reference Processing due to unavailable references
[69.622s][debug][gc,ref       ] GC(147) Skipped phase3 of Reference Processing due to unavailable references
[69.622s][debug][gc,ref       ] GC(147) Skipped phase4 of Reference Processing due to unavailable references
[69.622s][debug][gc,age       ] GC(147) Desired survivor size 15368192 bytes, new threshold 6 (max threshold 6)
[69.622s][info ][gc,heap      ] GC(147) ParNew: 256932K->18437K(270336K)
[69.622s][info ][gc,heap      ] GC(147) CMS: 263409K->264075K(600768K)
[69.622s][info ][gc,metaspace ] GC(147) Metaspace: 56589K->56589K(1101824K)
[69.622s][info ][gc           ] GC(147) Pause Young (Allocation Failure) 508M->275M(850M) 10.022ms
[69.622s][info ][gc,cpu       ] GC(147) User=0.05s Sys=0.00s Real=0.00s
[69.622s][info ][safepoint    ] Leaving safepoint region
[69.622s][info ][safepoint    ] Total time for which application threads were stopped: 0.0102445 seconds, Stopping threads took: 0.0000588 seconds
[70.623s][info ][safepoint    ] Application time: 1.0002255 seconds
[70.623s][info ][safepoint    ] Entering safepoint region: Cleanup
[70.624s][info ][safepoint    ] Leaving safepoint region
[70.624s][info ][safepoint    ] Total time for which application threads were stopped: 0.0009848 seconds, Stopping threads took: 0.0008247 seconds
[70.667s][info ][safepoint    ] Application time: 0.0433348 seconds
[70.667s][info ][safepoint    ] Entering safepoint region: GenCollectForAllocation
[70.667s][info ][gc,start     ] GC(148) Pause Young (Allocation Failure)
[70.667s][info ][gc,task      ] GC(148) Using 4 workers of 4 for evacuation
[70.676s][debug][gc,ref       ] GC(148) Skipped phase1 of Reference Processing due to unavailable references
[70.676s][debug][gc,ref       ] GC(148) Skipped phase3 of Reference Processing due to unavailable references
[70.677s][debug][gc,age       ] GC(148) Desired survivor size 15368192 bytes, new threshold 6 (max threshold 6)
[70.677s][info ][gc,heap      ] GC(148) ParNew: 258757K->16412K(270336K)
[70.677s][info ][gc,heap      ] GC(148) CMS: 264075K->265847K(600768K)
[70.677s][info ][gc,metaspace ] GC(148) Metaspace: 56594K->56594K(1101824K)
[70.677s][info ][gc           ] GC(148) Pause Young (Allocation Failure) 510M->275M(850M) 9.426ms
[70.677s][info ][gc,cpu       ] GC(148) User=0.04s Sys=0.00s Real=0.01s
[70.677s][info ][safepoint    ] Leaving safepoint region
[70.677s][info ][safepoint    ] Total time for which application threads were stopped: 0.0096862 seconds, Stopping threads took: 0.0001069 seconds
[71.659s][info ][safepoint    ] Application time: 0.9828405 seconds
[71.660s][info ][safepoint    ] Entering safepoint region: GenCollectForAllocation
[71.660s][info ][gc,start     ] GC(149) Pause Young (Allocation Failure)
[71.660s][info ][gc,task      ] GC(149) Using 4 workers of 4 for evacuation
[71.668s][debug][gc,ref       ] GC(149) Skipped phase1 of Reference Processing due to unavailable references
[71.668s][debug][gc,ref       ] GC(149) Skipped phase2 of Reference Processing due to unavailable references
[71.668s][debug][gc,ref       ] GC(149) Skipped phase3 of Reference Processing due to unavailable references
[71.668s][debug][gc,ref       ] GC(149) Skipped phase4 of Reference Processing due to unavailable references
[71.669s][debug][gc,age       ] GC(149) Desired survivor size 15368192 bytes, new threshold 6 (max threshold 6)
[71.669s][info ][gc,heap      ] GC(149) ParNew: 256732K->16122K(270336K)
[71.669s][info ][gc,heap      ] GC(149) CMS: 265847K->266002K(600768K)
[71.669s][info ][gc,metaspace ] GC(149) Metaspace: 56597K->56597K(1101824K)
[71.669s][info ][gc           ] GC(149) Pause Young (Allocation Failure) 510M->275M(850M) 8.958ms
[71.669s][info ][gc,cpu       ] GC(149) User=0.05s Sys=0.00s Real=0.01s
[71.669s][info ][safepoint    ] Leaving safepoint region
[71.669s][info ][safepoint    ] Total time for which application threads were stopped: 0.0091338 seconds, Stopping threads took: 0.0000206 seconds
[72.567s][info ][safepoint    ] Application time: 0.8985716 seconds
[72.567s][info ][safepoint    ] Entering safepoint region: GenCollectForAllocation
[72.567s][info ][gc,start     ] GC(150) Pause Young (Allocation Failure)
[72.567s][info ][gc,task      ] GC(150) Using 4 workers of 4 for evacuation
[72.576s][debug][gc,ref       ] GC(150) Skipped phase1 of Reference Processing due to unavailable references
[72.576s][debug][gc,ref       ] GC(150) Skipped phase2 of Reference Processing due to unavailable references
[72.576s][debug][gc,ref       ] GC(150) Skipped phase3 of Reference Processing due to unavailable references
[72.576s][debug][gc,ref       ] GC(150) Skipped phase4 of Reference Processing due to unavailable references
[72.576s][debug][gc,age       ] GC(150) Desired survivor size 15368192 bytes, new threshold 6 (max threshold 6)
[72.576s][info ][gc,heap      ] GC(150) ParNew: 256442K->11388K(270336K)
[72.576s][info ][gc,heap      ] GC(150) CMS: 266002K->267717K(600768K)
[72.576s][info ][gc,metaspace ] GC(150) Metaspace: 56598K->56598K(1101824K)
[72.576s][info ][gc           ] GC(150) Pause Young (Allocation Failure) 510M->272M(850M) 8.852ms
[72.576s][info ][gc,cpu       ] GC(150) User=0.03s Sys=0.00s Real=0.01s
[72.576s][info ][safepoint    ] Leaving safepoint region
[72.576s][info ][safepoint    ] Total time for which application threads were stopped: 0.0090421 seconds, Stopping threads took: 0.0000299 seconds
[73.464s][info ][safepoint    ] Application time: 0.8879684 seconds
[73.464s][info ][safepoint    ] Entering safepoint region: GenCollectForAllocation
[73.464s][info ][gc,start     ] GC(151) Pause Young (Allocation Failure)
[73.464s][info ][gc,task      ] GC(151) Using 4 workers of 4 for evacuation
[73.473s][debug][gc,ref       ] GC(151) Skipped phase1 of Reference Processing due to unavailable references
[73.473s][debug][gc,ref       ] GC(151) Skipped phase2 of Reference Processing due to unavailable references
[73.473s][debug][gc,ref       ] GC(151) Skipped phase3 of Reference Processing due to unavailable references
[73.473s][debug][gc,ref       ] GC(151) Skipped phase4 of Reference Processing due to unavailable references
[73.473s][debug][gc,age       ] GC(151) Desired survivor size 15368192 bytes, new threshold 6 (max threshold 6)
[73.473s][info ][gc,heap      ] GC(151) ParNew: 251708K->12612K(270336K)
[73.473s][info ][gc,heap      ] GC(151) CMS: 267717K->269574K(600768K)
[73.473s][info ][gc,metaspace ] GC(151) Metaspace: 56598K->56598K(1101824K)
[73.473s][info ][gc           ] GC(151) Pause Young (Allocation Failure) 507M->275M(850M) 8.538ms
[73.473s][info ][gc,cpu       ] GC(151) User=0.03s Sys=0.00s Real=0.01s
[73.473s][info ][safepoint    ] Leaving safepoint region
[73.473s][info ][safepoint    ] Total time for which application threads were stopped: 0.0087212 seconds, Stopping threads took: 0.0000148 seconds
[74.361s][info ][safepoint    ] Application time: 0.8879226 seconds
[74.361s][info ][safepoint    ] Entering safepoint region: ICBufferFull
[74.361s][info ][safepoint    ] Leaving safepoint region
[74.361s][info ][safepoint    ] Total time for which application threads were stopped: 0.0003032 seconds, Stopping threads took: 0.0000275 seconds
[74.452s][info ][safepoint    ] Application time: 0.0903268 seconds
[74.452s][info ][safepoint    ] Entering safepoint region: GenCollectForAllocation
[74.452s][info ][gc,start     ] GC(152) Pause Young (Allocation Failure)
[74.452s][info ][gc,task      ] GC(152) Using 4 workers of 4 for evacuation
[74.467s][debug][gc,ref       ] GC(152) Skipped phase1 of Reference Processing due to unavailable references
[74.467s][debug][gc,ref       ] GC(152) Skipped phase3 of Reference Processing due to unavailable references
[74.467s][debug][gc,age       ] GC(152) Desired survivor size 15368192 bytes, new threshold 2 (max threshold 6)
[74.467s][info ][gc,heap      ] GC(152) ParNew: 252932K->23253K(270336K)
[74.467s][info ][gc,heap      ] GC(152) CMS: 269574K->270734K(600768K)
[74.467s][info ][gc,metaspace ] GC(152) Metaspace: 56916K->56916K(1101824K)
[74.467s][info ][gc           ] GC(152) Pause Young (Allocation Failure) 510M->287M(850M) 15.225ms
[74.467s][info ][gc,cpu       ] GC(152) User=0.05s Sys=0.02s Real=0.01s
[74.467s][info ][safepoint    ] Leaving safepoint region
[74.467s][info ][safepoint    ] Total time for which application threads were stopped: 0.0154322 seconds, Stopping threads took: 0.0000155 seconds
[75.467s][info ][safepoint    ] Application time: 1.0001035 seconds
[75.467s][info ][safepoint    ] Entering safepoint region: Cleanup
[75.468s][info ][safepoint    ] Leaving safepoint region
[75.468s][info ][safepoint    ] Total time for which application threads were stopped: 0.0003091 seconds, Stopping threads took: 0.0000950 seconds
[75.823s][info ][safepoint    ] Application time: 0.3555423 seconds
[75.823s][info ][safepoint    ] Entering safepoint region: GenCollectForAllocation
[75.823s][info ][gc,start     ] GC(153) Pause Young (Allocation Failure)
[75.823s][info ][gc,task      ] GC(153) Using 4 workers of 4 for evacuation
[75.860s][debug][gc,ref       ] GC(153) Skipped phase1 of Reference Processing due to unavailable references
[75.860s][debug][gc,ref       ] GC(153) Skipped phase3 of Reference Processing due to unavailable references
[75.860s][debug][gc,age       ] GC(153) Desired survivor size 15368192 bytes, new threshold 6 (max threshold 6)
[75.860s][info ][gc,heap      ] GC(153) ParNew: 263573K->17449K(270336K)
[75.860s][info ][gc,heap      ] GC(153) CMS: 270734K->275254K(600768K)
[75.860s][info ][gc,metaspace ] GC(153) Metaspace: 57022K->57022K(1101824K)
[75.860s][info ][gc           ] GC(153) Pause Young (Allocation Failure) 521M->285M(850M) 37.150ms
[75.860s][info ][gc,cpu       ] GC(153) User=0.04s Sys=0.00s Real=0.03s
[75.860s][info ][safepoint    ] Leaving safepoint region
[75.860s][info ][safepoint    ] Total time for which application threads were stopped: 0.0373311 seconds, Stopping threads took: 0.0000166 seconds
[76.865s][info ][safepoint    ] Application time: 1.0048327 seconds
[76.865s][info ][safepoint    ] Entering safepoint region: Cleanup
[76.866s][info ][safepoint    ] Leaving safepoint region
[76.866s][info ][safepoint    ] Total time for which application threads were stopped: 0.0003590 seconds, Stopping threads took: 0.0000444 seconds
[77.018s][info ][safepoint    ] Application time: 0.1522120 seconds
[77.018s][info ][safepoint    ] Entering safepoint region: GenCollectForAllocation
[77.018s][info ][gc,start     ] GC(154) Pause Young (Allocation Failure)
[77.018s][info ][gc,task      ] GC(154) Using 4 workers of 4 for evacuation
[77.029s][debug][gc,ref       ] GC(154) Skipped phase1 of Reference Processing due to unavailable references
[77.029s][debug][gc,ref       ] GC(154) Skipped phase3 of Reference Processing due to unavailable references
[77.029s][debug][gc,ref       ] GC(154) Skipped phase4 of Reference Processing due to unavailable references
[77.029s][debug][gc,age       ] GC(154) Desired survivor size 15368192 bytes, new threshold 6 (max threshold 6)
[77.029s][info ][gc,heap      ] GC(154) ParNew: 257769K->13039K(270336K)
[77.029s][info ][gc,heap      ] GC(154) CMS: 275254K->275254K(600768K)
[77.029s][info ][gc,metaspace ] GC(154) Metaspace: 57033K->57033K(1101824K)
[77.029s][info ][gc           ] GC(154) Pause Young (Allocation Failure) 520M->281M(850M) 11.366ms
[77.029s][info ][gc,cpu       ] GC(154) User=0.03s Sys=0.00s Real=0.01s
[77.029s][info ][safepoint    ] Leaving safepoint region
[77.029s][info ][safepoint    ] Total time for which application threads were stopped: 0.0115441 seconds, Stopping threads took: 0.0000327 seconds
[77.999s][info ][safepoint    ] Application time: 0.9698834 seconds
[77.999s][info ][safepoint    ] Entering safepoint region: GenCollectForAllocation
[78.000s][info ][gc,start     ] GC(155) Pause Young (Allocation Failure)
[78.000s][info ][gc,task      ] GC(155) Using 4 workers of 4 for evacuation
[78.016s][debug][gc,ref       ] GC(155) Skipped phase1 of Reference Processing due to unavailable references
[78.016s][debug][gc,ref       ] GC(155) Skipped phase3 of Reference Processing due to unavailable references
[78.016s][debug][gc,ref       ] GC(155) Skipped phase4 of Reference Processing due to unavailable references
[78.016s][debug][gc,age       ] GC(155) Desired survivor size 15368192 bytes, new threshold 6 (max threshold 6)
[78.016s][info ][gc,heap      ] GC(155) ParNew: 253359K->12310K(270336K)
[78.016s][info ][gc,heap      ] GC(155) CMS: 275254K->275254K(600768K)
[78.016s][info ][gc,metaspace ] GC(155) Metaspace: 57037K->57037K(1101824K)
[78.016s][info ][gc           ] GC(155) Pause Young (Allocation Failure) 516M->280M(850M) 16.284ms
[78.016s][info ][gc,cpu       ] GC(155) User=0.04s Sys=0.00s Real=0.02s
[78.016s][info ][safepoint    ] Leaving safepoint region
[78.016s][info ][safepoint    ] Total time for which application threads were stopped: 0.0165203 seconds, Stopping threads took: 0.0000192 seconds
[78.990s][info ][safepoint    ] Application time: 0.9737545 seconds
[78.990s][info ][safepoint    ] Entering safepoint region: GenCollectForAllocation
[78.990s][info ][gc,start     ] GC(156) Pause Young (Allocation Failure)
[78.990s][info ][gc,task      ] GC(156) Using 4 workers of 4 for evacuation
[79.007s][debug][gc,ref       ] GC(156) Skipped phase1 of Reference Processing due to unavailable references
[79.007s][debug][gc,ref       ] GC(156) Skipped phase3 of Reference Processing due to unavailable references
[79.007s][debug][gc,ref       ] GC(156) Skipped phase4 of Reference Processing due to unavailable references
[79.007s][debug][gc,age       ] GC(156) Desired survivor size 15368192 bytes, new threshold 6 (max threshold 6)
[79.007s][info ][gc,heap      ] GC(156) ParNew: 252630K->14885K(270336K)
[79.007s][info ][gc,heap      ] GC(156) CMS: 275254K->275254K(600768K)
[79.007s][info ][gc,metaspace ] GC(156) Metaspace: 57044K->57044K(1101824K)
[79.007s][info ][gc           ] GC(156) Pause Young (Allocation Failure) 515M->283M(850M) 17.066ms
[79.007s][info ][gc,cpu       ] GC(156) User=0.04s Sys=0.00s Real=0.02s
[79.007s][info ][safepoint    ] Leaving safepoint region
[79.007s][info ][safepoint    ] Total time for which application threads were stopped: 0.0173492 seconds, Stopping threads took: 0.0000532 seconds
[79.909s][info ][safepoint    ] Application time: 0.9020523 seconds
[79.909s][info ][safepoint    ] Entering safepoint region: GenCollectForAllocation
[79.909s][info ][gc,start     ] GC(157) Pause Young (Allocation Failure)
[79.909s][info ][gc,task      ] GC(157) Using 4 workers of 4 for evacuation
[79.919s][debug][gc,ref       ] GC(157) Skipped phase1 of Reference Processing due to unavailable references
[79.919s][debug][gc,ref       ] GC(157) Skipped phase3 of Reference Processing due to unavailable references
[79.919s][debug][gc,ref       ] GC(157) Skipped phase4 of Reference Processing due to unavailable references
[79.919s][debug][gc,age       ] GC(157) Desired survivor size 15368192 bytes, new threshold 6 (max threshold 6)
[79.919s][info ][gc,heap      ] GC(157) ParNew: 255205K->10921K(270336K)
[79.919s][info ][gc,heap      ] GC(157) CMS: 275254K->275254K(600768K)
[79.919s][info ][gc,metaspace ] GC(157) Metaspace: 57046K->57046K(1101824K)
[79.919s][info ][gc           ] GC(157) Pause Young (Allocation Failure) 518M->279M(850M) 9.823ms
[79.919s][info ][gc,cpu       ] GC(157) User=0.03s Sys=0.00s Real=0.01s
[79.919s][info ][safepoint    ] Leaving safepoint region
[79.919s][info ][safepoint    ] Total time for which application threads were stopped: 0.0100023 seconds, Stopping threads took: 0.0000179 seconds
[80.899s][info ][safepoint    ] Application time: 0.9801482 seconds
[80.902s][info ][safepoint    ] Entering safepoint region: GenCollectForAllocation
[80.903s][info ][gc,start     ] GC(158) Pause Young (Allocation Failure)
[80.903s][info ][gc,task      ] GC(158) Using 4 workers of 4 for evacuation
[80.911s][debug][gc,ref       ] GC(158) Skipped phase1 of Reference Processing due to unavailable references
[80.911s][debug][gc,ref       ] GC(158) Skipped phase2 of Reference Processing due to unavailable references
[80.911s][debug][gc,ref       ] GC(158) Skipped phase3 of Reference Processing due to unavailable references
[80.911s][debug][gc,ref       ] GC(158) Skipped phase4 of Reference Processing due to unavailable references
[80.911s][debug][gc,age       ] GC(158) Desired survivor size 15368192 bytes, new threshold 6 (max threshold 6)
[80.911s][info ][gc,heap      ] GC(158) ParNew: 251241K->14071K(270336K)
[80.911s][info ][gc,heap      ] GC(158) CMS: 275254K->275568K(600768K)
[80.911s][info ][gc,metaspace ] GC(158) Metaspace: 57050K->57050K(1101824K)
[80.911s][info ][gc           ] GC(158) Pause Young (Allocation Failure) 514M->282M(850M) 8.764ms
[80.911s][info ][gc,cpu       ] GC(158) User=0.03s Sys=0.00s Real=0.02s
[80.911s][info ][safepoint    ] Leaving safepoint region
[80.911s][info ][safepoint    ] Total time for which application threads were stopped: 0.0120588 seconds, Stopping threads took: 0.0030842 seconds
[81.838s][info ][safepoint    ] Application time: 0.9264000 seconds
[81.838s][info ][safepoint    ] Entering safepoint region: GenCollectForAllocation
[81.838s][info ][gc,start     ] GC(159) Pause Young (Allocation Failure)
[81.838s][info ][gc,task      ] GC(159) Using 4 workers of 4 for evacuation
[81.884s][debug][gc,ref       ] GC(159) Skipped phase1 of Reference Processing due to unavailable references
[81.884s][debug][gc,ref       ] GC(159) Skipped phase3 of Reference Processing due to unavailable references
[81.884s][debug][gc,ref       ] GC(159) Skipped phase4 of Reference Processing due to unavailable references
[81.884s][debug][gc,age       ] GC(159) Desired survivor size 15368192 bytes, new threshold 6 (max threshold 6)
[81.884s][info ][gc,heap      ] GC(159) ParNew: 254391K->8777K(270336K)
[81.884s][info ][gc,heap      ] GC(159) CMS: 275568K->281977K(600768K)
[81.884s][info ][gc,metaspace ] GC(159) Metaspace: 57053K->57053K(1101824K)
[81.884s][info ][gc           ] GC(159) Pause Young (Allocation Failure) 517M->283M(850M) 46.119ms
[81.884s][info ][gc,cpu       ] GC(159) User=0.08s Sys=0.01s Real=0.05s
[81.884s][info ][safepoint    ] Leaving safepoint region
[81.884s][info ][safepoint    ] Total time for which application threads were stopped: 0.0464208 seconds, Stopping threads took: 0.0000655 seconds
[82.886s][info ][safepoint    ] Application time: 1.0019546 seconds
[82.887s][info ][safepoint    ] Entering safepoint region: Cleanup
[82.888s][info ][safepoint    ] Leaving safepoint region
[82.888s][info ][safepoint    ] Total time for which application threads were stopped: 0.0012799 seconds, Stopping threads took: 0.0011792 seconds
[82.911s][info ][safepoint    ] Application time: 0.0237439 seconds
[82.911s][info ][safepoint    ] Entering safepoint region: GenCollectForAllocation
[82.912s][info ][gc,start     ] GC(160) Pause Young (Allocation Failure)
[82.912s][info ][gc,task      ] GC(160) Using 4 workers of 4 for evacuation
[82.933s][debug][gc,ref       ] GC(160) Skipped phase1 of Reference Processing due to unavailable references
[82.933s][debug][gc,ref       ] GC(160) Skipped phase3 of Reference Processing due to unavailable references
[82.933s][debug][gc,ref       ] GC(160) Skipped phase4 of Reference Processing due to unavailable references
[82.933s][debug][gc,age       ] GC(160) Desired survivor size 15368192 bytes, new threshold 6 (max threshold 6)
[82.933s][info ][gc,heap      ] GC(160) ParNew: 249097K->4391K(270336K)
[82.933s][info ][gc,heap      ] GC(160) CMS: 281977K->282532K(600768K)
[82.933s][info ][gc,metaspace ] GC(160) Metaspace: 57058K->57058K(1101824K)
[82.933s][info ][gc           ] GC(160) Pause Young (Allocation Failure) 518M->280M(850M) 21.713ms
[82.933s][info ][gc,cpu       ] GC(160) User=0.03s Sys=0.00s Real=0.02s
[82.933s][info ][safepoint    ] Leaving safepoint region
[82.933s][info ][safepoint    ] Total time for which application threads were stopped: 0.0219074 seconds, Stopping threads took: 0.0000319 seconds
[83.838s][info ][safepoint    ] Application time: 0.9048994 seconds
[83.838s][info ][safepoint    ] Entering safepoint region: GenCollectForAllocation
[83.838s][info ][gc,start     ] GC(161) Pause Young (Allocation Failure)
[83.838s][info ][gc,task      ] GC(161) Using 4 workers of 4 for evacuation
[83.844s][debug][gc,ref       ] GC(161) Skipped phase1 of Reference Processing due to unavailable references
[83.844s][debug][gc,ref       ] GC(161) Skipped phase3 of Reference Processing due to unavailable references
[83.844s][debug][gc,ref       ] GC(161) Skipped phase4 of Reference Processing due to unavailable references
[83.845s][debug][gc,age       ] GC(161) Desired survivor size 15368192 bytes, new threshold 6 (max threshold 6)
[83.845s][info ][gc,heap      ] GC(161) ParNew: 244711K->3820K(270336K)
[83.845s][info ][gc,heap      ] GC(161) CMS: 282532K->282705K(600768K)
[83.845s][info ][gc,metaspace ] GC(161) Metaspace: 57063K->57063K(1101824K)
[83.845s][info ][gc           ] GC(161) Pause Young (Allocation Failure) 514M->279M(850M) 6.193ms
[83.845s][info ][gc,cpu       ] GC(161) User=0.02s Sys=0.00s Real=0.01s
[83.845s][info ][safepoint    ] Leaving safepoint region
[83.845s][info ][safepoint    ] Total time for which application threads were stopped: 0.0064632 seconds, Stopping threads took: 0.0000192 seconds
[84.795s][info ][safepoint    ] Application time: 0.9504014 seconds
[84.795s][info ][safepoint    ] Entering safepoint region: GenCollectForAllocation
[84.795s][info ][gc,start     ] GC(162) Pause Young (Allocation Failure)
[84.795s][info ][gc,task      ] GC(162) Using 4 workers of 4 for evacuation
[84.801s][debug][gc,ref       ] GC(162) Skipped phase1 of Reference Processing due to unavailable references
[84.802s][debug][gc,ref       ] GC(162) Skipped phase3 of Reference Processing due to unavailable references
[84.802s][debug][gc,ref       ] GC(162) Skipped phase4 of Reference Processing due to unavailable references
[84.802s][debug][gc,age       ] GC(162) Desired survivor size 15368192 bytes, new threshold 6 (max threshold 6)
[84.802s][info ][gc,heap      ] GC(162) ParNew: 244140K->4559K(270336K)
[84.802s][info ][gc,heap      ] GC(162) CMS: 282705K->282734K(600768K)
[84.802s][info ][gc,metaspace ] GC(162) Metaspace: 57063K->57063K(1101824K)
[84.802s][info ][gc           ] GC(162) Pause Young (Allocation Failure) 514M->280M(850M) 6.435ms
[84.802s][info ][gc,cpu       ] GC(162) User=0.02s Sys=0.00s Real=0.00s
[84.802s][info ][safepoint    ] Leaving safepoint region
[84.802s][info ][safepoint    ] Total time for which application threads were stopped: 0.0066202 seconds, Stopping threads took: 0.0000167 seconds
[85.802s][info ][safepoint    ] Application time: 1.0001309 seconds
[85.802s][info ][safepoint    ] Entering safepoint region: Cleanup
[85.802s][info ][safepoint    ] Leaving safepoint region
[85.802s][info ][safepoint    ] Total time for which application threads were stopped: 0.0001690 seconds, Stopping threads took: 0.0000829 seconds
[85.816s][info ][safepoint    ] Application time: 0.0140466 seconds
[85.816s][info ][safepoint    ] Entering safepoint region: GenCollectForAllocation
[85.817s][info ][gc,start     ] GC(163) Pause Young (Allocation Failure)
[85.817s][info ][gc,task      ] GC(163) Using 4 workers of 4 for evacuation
[85.847s][debug][gc,ref       ] GC(163) Skipped phase1 of Reference Processing due to unavailable references
[85.847s][debug][gc,ref       ] GC(163) Skipped phase3 of Reference Processing due to unavailable references
[85.847s][debug][gc,ref       ] GC(163) Skipped phase4 of Reference Processing due to unavailable references
[85.847s][debug][gc,age       ] GC(163) Desired survivor size 15368192 bytes, new threshold 6 (max threshold 6)
[85.848s][info ][gc,heap      ] GC(163) ParNew: 244879K->4597K(270336K)
[85.848s][info ][gc,heap      ] GC(163) CMS: 282734K->282822K(600768K)
[85.848s][info ][gc,metaspace ] GC(163) Metaspace: 57065K->57065K(1101824K)
[85.848s][info ][gc           ] GC(163) Pause Young (Allocation Failure) 515M->280M(850M) 31.008ms
[85.848s][info ][gc,cpu       ] GC(163) User=0.03s Sys=0.01s Real=0.03s
[85.848s][info ][safepoint    ] Leaving safepoint region
[85.848s][info ][safepoint    ] Total time for which application threads were stopped: 0.0314057 seconds, Stopping threads took: 0.0001693 seconds
[86.849s][info ][safepoint    ] Application time: 1.0011263 seconds
[86.849s][info ][safepoint    ] Entering safepoint region: Cleanup
[86.849s][info ][safepoint    ] Leaving safepoint region
[86.849s][info ][safepoint    ] Total time for which application threads were stopped: 0.0001469 seconds, Stopping threads took: 0.0000457 seconds
[86.928s][info ][safepoint    ] Application time: 0.0790711 seconds
[86.928s][info ][safepoint    ] Entering safepoint region: GenCollectForAllocation
[86.928s][info ][gc,start     ] GC(164) Pause Young (Allocation Failure)
[86.928s][info ][gc,task      ] GC(164) Using 4 workers of 4 for evacuation
[86.941s][debug][gc,ref       ] GC(164) Skipped phase1 of Reference Processing due to unavailable references
[86.941s][debug][gc,ref       ] GC(164) Skipped phase3 of Reference Processing due to unavailable references
[86.941s][debug][gc,ref       ] GC(164) Skipped phase4 of Reference Processing due to unavailable references
[86.941s][debug][gc,age       ] GC(164) Desired survivor size 15368192 bytes, new threshold 6 (max threshold 6)
[86.941s][info ][gc,heap      ] GC(164) ParNew: 244917K->5142K(270336K)
[86.941s][info ][gc,heap      ] GC(164) CMS: 282822K->283081K(600768K)
[86.941s][info ][gc,metaspace ] GC(164) Metaspace: 57071K->57071K(1101824K)
[86.941s][info ][gc           ] GC(164) Pause Young (Allocation Failure) 515M->281M(850M) 13.181ms
[86.941s][info ][gc,cpu       ] GC(164) User=0.02s Sys=0.01s Real=0.01s
[86.941s][info ][safepoint    ] Leaving safepoint region
[86.941s][info ][safepoint    ] Total time for which application threads were stopped: 0.0134377 seconds, Stopping threads took: 0.0000891 seconds
[87.921s][info ][safepoint    ] Application time: 0.9791743 seconds
[87.921s][info ][safepoint    ] Entering safepoint region: GenCollectForAllocation
[87.921s][info ][gc,start     ] GC(165) Pause Young (Allocation Failure)
[87.921s][info ][gc,task      ] GC(165) Using 4 workers of 4 for evacuation
[87.926s][debug][gc,ref       ] GC(165) Skipped phase1 of Reference Processing due to unavailable references
[87.926s][debug][gc,ref       ] GC(165) Skipped phase2 of Reference Processing due to unavailable references
[87.926s][debug][gc,ref       ] GC(165) Skipped phase3 of Reference Processing due to unavailable references
[87.926s][debug][gc,ref       ] GC(165) Skipped phase4 of Reference Processing due to unavailable references
[87.926s][debug][gc,age       ] GC(165) Desired survivor size 15368192 bytes, new threshold 6 (max threshold 6)
[87.926s][info ][gc,heap      ] GC(165) ParNew: 245462K->4891K(270336K)
[87.926s][info ][gc,heap      ] GC(165) CMS: 283081K->283322K(600768K)
[87.926s][info ][gc,metaspace ] GC(165) Metaspace: 57076K->57076K(1101824K)
[87.926s][info ][gc           ] GC(165) Pause Young (Allocation Failure) 516M->281M(850M) 5.102ms
[87.926s][info ][gc,cpu       ] GC(165) User=0.01s Sys=0.00s Real=0.01s
[87.926s][info ][safepoint    ] Leaving safepoint region
[87.926s][info ][safepoint    ] Total time for which application threads were stopped: 0.0052772 seconds, Stopping threads took: 0.0000164 seconds
[88.830s][info ][safepoint    ] Application time: 0.9042462 seconds
[88.830s][info ][safepoint    ] Entering safepoint region: GenCollectForAllocation
[88.830s][info ][gc,start     ] GC(166) Pause Young (Allocation Failure)
[88.830s][info ][gc,task      ] GC(166) Using 4 workers of 4 for evacuation
[88.836s][debug][gc,ref       ] GC(166) Skipped phase1 of Reference Processing due to unavailable references
[88.836s][debug][gc,ref       ] GC(166) Skipped phase2 of Reference Processing due to unavailable references
[88.836s][debug][gc,ref       ] GC(166) Skipped phase3 of Reference Processing due to unavailable references
[88.836s][debug][gc,ref       ] GC(166) Skipped phase4 of Reference Processing due to unavailable references
[88.836s][debug][gc,age       ] GC(166) Desired survivor size 15368192 bytes, new threshold 6 (max threshold 6)
[88.836s][info ][gc,heap      ] GC(166) ParNew: 245211K->3192K(270336K)
[88.836s][info ][gc,heap      ] GC(166) CMS: 283322K->284111K(600768K)
[88.836s][info ][gc,metaspace ] GC(166) Metaspace: 57077K->57077K(1101824K)
[88.836s][info ][gc           ] GC(166) Pause Young (Allocation Failure) 516M->280M(850M) 5.403ms
[88.836s][info ][gc,cpu       ] GC(166) User=0.02s Sys=0.00s Real=0.01s
[88.836s][info ][safepoint    ] Leaving safepoint region
[88.836s][info ][safepoint    ] Total time for which application threads were stopped: 0.0055878 seconds, Stopping threads took: 0.0000142 seconds
[89.696s][info ][safepoint    ] Application time: 0.8599013 seconds
[89.696s][info ][safepoint    ] Entering safepoint region: GenCollectForAllocation
[89.696s][info ][gc,start     ] GC(167) Pause Young (Allocation Failure)
[89.696s][info ][gc,task      ] GC(167) Using 4 workers of 4 for evacuation
[89.701s][debug][gc,ref       ] GC(167) Skipped phase1 of Reference Processing due to unavailable references
[89.701s][debug][gc,ref       ] GC(167) Skipped phase2 of Reference Processing due to unavailable references
[89.701s][debug][gc,ref       ] GC(167) Skipped phase3 of Reference Processing due to unavailable references
[89.701s][debug][gc,ref       ] GC(167) Skipped phase4 of Reference Processing due to unavailable references
[89.701s][debug][gc,age       ] GC(167) Desired survivor size 15368192 bytes, new threshold 6 (max threshold 6)
[89.701s][info ][gc,heap      ] GC(167) ParNew: 243512K->4070K(270336K)
[89.701s][info ][gc,heap      ] GC(167) CMS: 284111K->284230K(600768K)
[89.701s][info ][gc,metaspace ] GC(167) Metaspace: 57093K->57093K(1101824K)
[89.701s][info ][gc           ] GC(167) Pause Young (Allocation Failure) 515M->281M(850M) 4.904ms
[89.701s][info ][gc,cpu       ] GC(167) User=0.02s Sys=0.00s Real=0.00s
[89.701s][info ][safepoint    ] Leaving safepoint region
[89.701s][info ][safepoint    ] Total time for which application threads were stopped: 0.0050955 seconds, Stopping threads took: 0.0000169 seconds
[90.579s][info ][safepoint    ] Application time: 0.8781666 seconds
[90.579s][info ][safepoint    ] Entering safepoint region: GenCollectForAllocation
[90.579s][info ][gc,start     ] GC(168) Pause Young (Allocation Failure)
[90.579s][info ][gc,task      ] GC(168) Using 4 workers of 4 for evacuation
[90.583s][debug][gc,ref       ] GC(168) Skipped phase1 of Reference Processing due to unavailable references
[90.583s][debug][gc,ref       ] GC(168) Skipped phase2 of Reference Processing due to unavailable references
[90.583s][debug][gc,ref       ] GC(168) Skipped phase3 of Reference Processing due to unavailable references
[90.583s][debug][gc,ref       ] GC(168) Skipped phase4 of Reference Processing due to unavailable references
[90.584s][debug][gc,age       ] GC(168) Desired survivor size 15368192 bytes, new threshold 6 (max threshold 6)
[90.584s][info ][gc,heap      ] GC(168) ParNew: 244390K->3308K(270336K)
[90.584s][info ][gc,heap      ] GC(168) CMS: 284230K->284399K(600768K)
[90.584s][info ][gc,metaspace ] GC(168) Metaspace: 57093K->57093K(1101824K)
[90.584s][info ][gc           ] GC(168) Pause Young (Allocation Failure) 516M->280M(850M) 4.352ms
[90.584s][info ][gc,cpu       ] GC(168) User=0.01s Sys=0.00s Real=0.01s
[90.584s][info ][safepoint    ] Leaving safepoint region
[90.584s][info ][safepoint    ] Total time for which application threads were stopped: 0.0045382 seconds, Stopping threads took: 0.0000192 seconds
[91.495s][info ][safepoint    ] Application time: 0.9116124 seconds
[91.495s][info ][safepoint    ] Entering safepoint region: GenCollectForAllocation
[91.495s][info ][gc,start     ] GC(169) Pause Young (Allocation Failure)
[91.495s][info ][gc,task      ] GC(169) Using 4 workers of 4 for evacuation
[91.505s][debug][gc,ref       ] GC(169) Skipped phase1 of Reference Processing due to unavailable references
[91.505s][debug][gc,ref       ] GC(169) Skipped phase2 of Reference Processing due to unavailable references
[91.505s][debug][gc,ref       ] GC(169) Skipped phase3 of Reference Processing due to unavailable references
[91.505s][debug][gc,ref       ] GC(169) Skipped phase4 of Reference Processing due to unavailable references
[91.505s][debug][gc,age       ] GC(169) Desired survivor size 15368192 bytes, new threshold 6 (max threshold 6)
[91.505s][info ][gc,heap      ] GC(169) ParNew: 243628K->3769K(270336K)
[91.505s][info ][gc,heap      ] GC(169) CMS: 284399K->284823K(600768K)
[91.505s][info ][gc,metaspace ] GC(169) Metaspace: 57098K->57098K(1101824K)
[91.505s][info ][gc           ] GC(169) Pause Young (Allocation Failure) 515M->281M(850M) 9.380ms
[91.505s][info ][gc,cpu       ] GC(169) User=0.03s Sys=0.00s Real=0.01s
[91.505s][info ][safepoint    ] Leaving safepoint region
[91.505s][info ][safepoint    ] Total time for which application threads were stopped: 0.0096052 seconds, Stopping threads took: 0.0000445 seconds
[92.392s][info ][safepoint    ] Application time: 0.8873562 seconds
[92.392s][info ][safepoint    ] Entering safepoint region: GenCollectForAllocation
[92.392s][info ][gc,start     ] GC(170) Pause Young (Allocation Failure)
[92.392s][info ][gc,task      ] GC(170) Using 4 workers of 4 for evacuation
[92.397s][debug][gc,ref       ] GC(170) Skipped phase1 of Reference Processing due to unavailable references
[92.397s][debug][gc,ref       ] GC(170) Skipped phase2 of Reference Processing due to unavailable references
[92.397s][debug][gc,ref       ] GC(170) Skipped phase3 of Reference Processing due to unavailable references
[92.397s][debug][gc,ref       ] GC(170) Skipped phase4 of Reference Processing due to unavailable references
[92.397s][debug][gc,age       ] GC(170) Desired survivor size 15368192 bytes, new threshold 6 (max threshold 6)
[92.397s][info ][gc,heap      ] GC(170) ParNew: 244089K->2943K(270336K)
[92.397s][info ][gc,heap      ] GC(170) CMS: 284823K->285135K(600768K)
[92.397s][info ][gc,metaspace ] GC(170) Metaspace: 57099K->57099K(1101824K)
[92.397s][info ][gc           ] GC(170) Pause Young (Allocation Failure) 516M->281M(850M) 4.481ms
[92.397s][info ][gc,cpu       ] GC(170) User=0.01s Sys=0.00s Real=0.00s
[92.397s][info ][safepoint    ] Leaving safepoint region
[92.397s][info ][safepoint    ] Total time for which application threads were stopped: 0.0046672 seconds, Stopping threads took: 0.0000165 seconds
[93.297s][info ][safepoint    ] Application time: 0.9004068 seconds
[93.297s][info ][safepoint    ] Entering safepoint region: GenCollectForAllocation
[93.298s][info ][gc,start     ] GC(171) Pause Young (Allocation Failure)
[93.298s][info ][gc,task      ] GC(171) Using 4 workers of 4 for evacuation
[93.303s][debug][gc,ref       ] GC(171) Skipped phase1 of Reference Processing due to unavailable references
[93.303s][debug][gc,ref       ] GC(171) Skipped phase2 of Reference Processing due to unavailable references
[93.303s][debug][gc,ref       ] GC(171) Skipped phase3 of Reference Processing due to unavailable references
[93.303s][debug][gc,ref       ] GC(171) Skipped phase4 of Reference Processing due to unavailable references
[93.303s][debug][gc,age       ] GC(171) Desired survivor size 15368192 bytes, new threshold 6 (max threshold 6)
[93.304s][info ][gc,heap      ] GC(171) ParNew: 243263K->3189K(270336K)
[93.304s][info ][gc,heap      ] GC(171) CMS: 285135K->285391K(600768K)
[93.304s][info ][gc,metaspace ] GC(171) Metaspace: 57100K->57100K(1101824K)
[93.304s][info ][gc           ] GC(171) Pause Young (Allocation Failure) 516M->281M(850M) 6.055ms
[93.304s][info ][gc,cpu       ] GC(171) User=0.02s Sys=0.01s Real=0.01s
[93.304s][info ][safepoint    ] Leaving safepoint region
[93.304s][info ][safepoint    ] Total time for which application threads were stopped: 0.0063848 seconds, Stopping threads took: 0.0000201 seconds
[94.193s][info ][safepoint    ] Application time: 0.8895678 seconds
[94.193s][info ][safepoint    ] Entering safepoint region: GenCollectForAllocation
[94.194s][info ][gc,start     ] GC(172) Pause Young (Allocation Failure)
[94.194s][info ][gc,task      ] GC(172) Using 4 workers of 4 for evacuation
[94.198s][debug][gc,ref       ] GC(172) Skipped phase1 of Reference Processing due to unavailable references
[94.198s][debug][gc,ref       ] GC(172) Skipped phase2 of Reference Processing due to unavailable references
[94.198s][debug][gc,ref       ] GC(172) Skipped phase3 of Reference Processing due to unavailable references
[94.198s][debug][gc,ref       ] GC(172) Skipped phase4 of Reference Processing due to unavailable references
[94.198s][debug][gc,age       ] GC(172) Desired survivor size 15368192 bytes, new threshold 6 (max threshold 6)
[94.198s][info ][gc,heap      ] GC(172) ParNew: 243509K->2051K(270336K)
[94.198s][info ][gc,heap      ] GC(172) CMS: 285391K->285596K(600768K)
[94.198s][info ][gc,metaspace ] GC(172) Metaspace: 57103K->57103K(1101824K)
[94.198s][info ][gc           ] GC(172) Pause Young (Allocation Failure) 516M->280M(850M) 4.948ms
[94.198s][info ][gc,cpu       ] GC(172) User=0.02s Sys=0.00s Real=0.00s
[94.199s][info ][safepoint    ] Leaving safepoint region
[94.199s][info ][safepoint    ] Total time for which application threads were stopped: 0.0051211 seconds, Stopping threads took: 0.0000202 seconds
[95.079s][info ][safepoint    ] Application time: 0.8809532 seconds
[95.080s][info ][safepoint    ] Entering safepoint region: GenCollectForAllocation
[95.080s][info ][safepoint    ] Leaving safepoint region
[95.080s][info ][safepoint    ] Total time for which application threads were stopped: 0.0001461 seconds, Stopping threads took: 0.0000613 seconds
[95.080s][info ][safepoint    ] Application time: 0.0000623 seconds
[95.080s][info ][safepoint    ] Entering safepoint region: GenCollectForAllocation
[95.080s][info ][gc,start     ] GC(173) Pause Young (Allocation Failure)
[95.080s][info ][gc,task      ] GC(173) Using 4 workers of 4 for evacuation
[95.085s][debug][gc,ref       ] GC(173) Skipped phase1 of Reference Processing due to unavailable references
[95.085s][debug][gc,ref       ] GC(173) Skipped phase2 of Reference Processing due to unavailable references
[95.085s][debug][gc,ref       ] GC(173) Skipped phase3 of Reference Processing due to unavailable references
[95.085s][debug][gc,ref       ] GC(173) Skipped phase4 of Reference Processing due to unavailable references
[95.085s][debug][gc,age       ] GC(173) Desired survivor size 15368192 bytes, new threshold 6 (max threshold 6)
[95.085s][info ][gc,heap      ] GC(173) ParNew: 242371K->2694K(270336K)
[95.085s][info ][gc,heap      ] GC(173) CMS: 285596K->285662K(600768K)
[95.085s][info ][gc,metaspace ] GC(173) Metaspace: 57104K->57104K(1101824K)
[95.085s][info ][gc           ] GC(173) Pause Young (Allocation Failure) 515M->281M(850M) 5.312ms
[95.085s][info ][gc,cpu       ] GC(173) User=0.02s Sys=0.00s Real=0.01s
[95.085s][info ][safepoint    ] Leaving safepoint region
[95.085s][info ][safepoint    ] Total time for which application threads were stopped: 0.0054601 seconds, Stopping threads took: 0.0000459 seconds
[95.982s][info ][safepoint    ] Application time: 0.8964744 seconds
[95.982s][info ][safepoint    ] Entering safepoint region: GenCollectForAllocation
[95.982s][info ][gc,start     ] GC(174) Pause Young (Allocation Failure)
[95.982s][info ][gc,task      ] GC(174) Using 4 workers of 4 for evacuation
[95.989s][debug][gc,ref       ] GC(174) Skipped phase1 of Reference Processing due to unavailable references
[95.990s][debug][gc,ref       ] GC(174) Skipped phase3 of Reference Processing due to unavailable references
[95.990s][debug][gc,age       ] GC(174) Desired survivor size 15368192 bytes, new threshold 6 (max threshold 6)
[95.990s][info ][gc,heap      ] GC(174) ParNew: 243014K->2930K(270336K)
[95.990s][info ][gc,heap      ] GC(174) CMS: 285662K->285706K(600768K)
[95.990s][info ][gc,metaspace ] GC(174) Metaspace: 57181K->57181K(1101824K)
[95.990s][info ][gc           ] GC(174) Pause Young (Allocation Failure) 516M->281M(850M) 7.809ms
[95.990s][info ][gc,cpu       ] GC(174) User=0.02s Sys=0.00s Real=0.01s
[95.990s][info ][safepoint    ] Leaving safepoint region
[95.990s][info ][safepoint    ] Total time for which application threads were stopped: 0.0080132 seconds, Stopping threads took: 0.0000431 seconds
[96.888s][info ][safepoint    ] Application time: 0.8986359 seconds
[96.888s][info ][safepoint    ] Entering safepoint region: GenCollectForAllocation
[96.889s][info ][gc,start     ] GC(175) Pause Young (Allocation Failure)
[96.889s][info ][gc,task      ] GC(175) Using 4 workers of 4 for evacuation
[96.893s][debug][gc,ref       ] GC(175) Skipped phase1 of Reference Processing due to unavailable references
[96.893s][debug][gc,ref       ] GC(175) Skipped phase3 of Reference Processing due to unavailable references
[96.893s][debug][gc,ref       ] GC(175) Skipped phase4 of Reference Processing due to unavailable references
[96.893s][debug][gc,age       ] GC(175) Desired survivor size 15368192 bytes, new threshold 6 (max threshold 6)
[96.893s][info ][gc,heap      ] GC(175) ParNew: 243250K->2552K(270336K)
[96.893s][info ][gc,heap      ] GC(175) CMS: 285706K->285780K(600768K)
[96.893s][info ][gc,metaspace ] GC(175) Metaspace: 57186K->57186K(1101824K)
[96.893s][info ][gc           ] GC(175) Pause Young (Allocation Failure) 516M->281M(850M) 4.341ms
[96.893s][info ][gc,cpu       ] GC(175) User=0.02s Sys=0.00s Real=0.01s
[96.893s][info ][safepoint    ] Leaving safepoint region
[96.893s][info ][safepoint    ] Total time for which application threads were stopped: 0.0045297 seconds, Stopping threads took: 0.0000189 seconds
[97.753s][info ][safepoint    ] Application time: 0.8603869 seconds
[97.753s][info ][safepoint    ] Entering safepoint region: GenCollectForAllocation
[97.754s][info ][gc,start     ] GC(176) Pause Young (Allocation Failure)
[97.754s][info ][gc,task      ] GC(176) Using 4 workers of 4 for evacuation
[97.758s][debug][gc,ref       ] GC(176) Skipped phase1 of Reference Processing due to unavailable references
[97.758s][debug][gc,ref       ] GC(176) Skipped phase3 of Reference Processing due to unavailable references
[97.758s][debug][gc,ref       ] GC(176) Skipped phase4 of Reference Processing due to unavailable references
[97.758s][debug][gc,age       ] GC(176) Desired survivor size 15368192 bytes, new threshold 6 (max threshold 6)
[97.758s][info ][gc,heap      ] GC(176) ParNew: 242872K->2470K(270336K)
[97.758s][info ][gc,heap      ] GC(176) CMS: 285780K->285943K(600768K)
[97.758s][info ][gc,metaspace ] GC(176) Metaspace: 57191K->57191K(1101824K)
[97.758s][info ][gc           ] GC(176) Pause Young (Allocation Failure) 516M->281M(850M) 4.123ms
[97.758s][info ][gc,cpu       ] GC(176) User=0.02s Sys=0.00s Real=0.00s
[97.758s][info ][safepoint    ] Leaving safepoint region
[97.758s][info ][safepoint    ] Total time for which application threads were stopped: 0.0043510 seconds, Stopping threads took: 0.0000729 seconds
[98.624s][info ][safepoint    ] Application time: 0.8659189 seconds
[98.624s][info ][safepoint    ] Entering safepoint region: GenCollectForAllocation
[98.624s][info ][gc,start     ] GC(177) Pause Young (Allocation Failure)
[98.624s][info ][gc,task      ] GC(177) Using 4 workers of 4 for evacuation
[98.628s][debug][gc,ref       ] GC(177) Skipped phase1 of Reference Processing due to unavailable references
[98.628s][debug][gc,ref       ] GC(177) Skipped phase3 of Reference Processing due to unavailable references
[98.628s][debug][gc,ref       ] GC(177) Skipped phase4 of Reference Processing due to unavailable references
[98.628s][debug][gc,age       ] GC(177) Desired survivor size 15368192 bytes, new threshold 6 (max threshold 6)
[98.628s][info ][gc,heap      ] GC(177) ParNew: 242790K->2244K(270336K)
[98.628s][info ][gc,heap      ] GC(177) CMS: 285943K->285979K(600768K)
[98.628s][info ][gc,metaspace ] GC(177) Metaspace: 57193K->57193K(1101824K)
[98.628s][info ][gc           ] GC(177) Pause Young (Allocation Failure) 516M->281M(850M) 3.887ms
[98.628s][info ][gc,cpu       ] GC(177) User=0.01s Sys=0.00s Real=0.00s
[98.628s][info ][safepoint    ] Leaving safepoint region
[98.628s][info ][safepoint    ] Total time for which application threads were stopped: 0.0040601 seconds, Stopping threads took: 0.0000175 seconds
[99.506s][info ][safepoint    ] Application time: 0.8783069 seconds
[99.506s][info ][safepoint    ] Entering safepoint region: GenCollectForAllocation
[99.506s][info ][gc,start     ] GC(178) Pause Young (Allocation Failure)
[99.506s][info ][gc,task      ] GC(178) Using 4 workers of 4 for evacuation
[99.511s][debug][gc,ref       ] GC(178) Skipped phase1 of Reference Processing due to unavailable references
[99.511s][debug][gc,ref       ] GC(178) Skipped phase3 of Reference Processing due to unavailable references
[99.511s][debug][gc,ref       ] GC(178) Skipped phase4 of Reference Processing due to unavailable references
[99.511s][debug][gc,age       ] GC(178) Desired survivor size 15368192 bytes, new threshold 6 (max threshold 6)
[99.511s][info ][gc,heap      ] GC(178) ParNew: 242564K->2709K(270336K)
[99.511s][info ][gc,heap      ] GC(178) CMS: 285979K->285995K(600768K)
[99.511s][info ][gc,metaspace ] GC(178) Metaspace: 57193K->57193K(1101824K)
[99.511s][info ][gc           ] GC(178) Pause Young (Allocation Failure) 516M->281M(850M) 4.753ms
[99.511s][info ][gc,cpu       ] GC(178) User=0.02s Sys=0.00s Real=0.01s
[99.511s][info ][safepoint    ] Leaving safepoint region
[99.511s][info ][safepoint    ] Total time for which application threads were stopped: 0.0049900 seconds, Stopping threads took: 0.0000790 seconds
[100.511s][info ][safepoint    ] Application time: 1.0001232 seconds
[100.511s][info ][safepoint    ] Entering safepoint region: Cleanup
[100.511s][info ][safepoint    ] Leaving safepoint region
[100.511s][info ][safepoint    ] Total time for which application threads were stopped: 0.0001218 seconds, Stopping threads took: 0.0000439 seconds
[100.520s][info ][safepoint    ] Application time: 0.0088054 seconds
[100.520s][info ][safepoint    ] Entering safepoint region: GenCollectForAllocation
[100.520s][info ][gc,start     ] GC(179) Pause Young (Allocation Failure)
[100.520s][info ][gc,task      ] GC(179) Using 4 workers of 4 for evacuation
[100.525s][debug][gc,ref       ] GC(179) Skipped phase1 of Reference Processing due to unavailable references
[100.525s][debug][gc,ref       ] GC(179) Skipped phase3 of Reference Processing due to unavailable references
[100.525s][debug][gc,ref       ] GC(179) Skipped phase4 of Reference Processing due to unavailable references
[100.525s][debug][gc,age       ] GC(179) Desired survivor size 15368192 bytes, new threshold 6 (max threshold 6)
[100.525s][info ][gc,heap      ] GC(179) ParNew: 243029K->2795K(270336K)
[100.525s][info ][gc,heap      ] GC(179) CMS: 285995K->286030K(600768K)
[100.525s][info ][gc,metaspace ] GC(179) Metaspace: 57193K->57193K(1101824K)
[100.525s][info ][gc           ] GC(179) Pause Young (Allocation Failure) 516M->282M(850M) 4.849ms
[100.525s][info ][gc,cpu       ] GC(179) User=0.02s Sys=0.00s Real=0.01s
[100.525s][info ][safepoint    ] Leaving safepoint region
[100.525s][info ][safepoint    ] Total time for which application threads were stopped: 0.0050136 seconds, Stopping threads took: 0.0000203 seconds
[101.404s][info ][safepoint    ] Application time: 0.8788842 seconds
[101.404s][info ][safepoint    ] Entering safepoint region: GenCollectForAllocation
[101.404s][info ][gc,start     ] GC(180) Pause Young (Allocation Failure)
[101.405s][info ][gc,task      ] GC(180) Using 4 workers of 4 for evacuation
[101.408s][debug][gc,ref       ] GC(180) Skipped phase1 of Reference Processing due to unavailable references
[101.408s][debug][gc,ref       ] GC(180) Skipped phase2 of Reference Processing due to unavailable references
[101.408s][debug][gc,ref       ] GC(180) Skipped phase3 of Reference Processing due to unavailable references
[101.408s][debug][gc,ref       ] GC(180) Skipped phase4 of Reference Processing due to unavailable references
[101.408s][debug][gc,age       ] GC(180) Desired survivor size 15368192 bytes, new threshold 6 (max threshold 6)
[101.408s][info ][gc,heap      ] GC(180) ParNew: 243115K->2835K(270336K)
[101.408s][info ][gc,heap      ] GC(180) CMS: 286030K->286115K(600768K)
[101.408s][info ][gc,metaspace ] GC(180) Metaspace: 57194K->57194K(1101824K)
[101.408s][info ][gc           ] GC(180) Pause Young (Allocation Failure) 516M->282M(850M) 3.926ms
[101.408s][info ][gc,cpu       ] GC(180) User=0.02s Sys=0.00s Real=0.00s
[101.408s][info ][safepoint    ] Leaving safepoint region
[101.408s][info ][safepoint    ] Total time for which application threads were stopped: 0.0042173 seconds, Stopping threads took: 0.0000450 seconds
[102.311s][info ][safepoint    ] Application time: 0.9022519 seconds
[102.311s][info ][safepoint    ] Entering safepoint region: GenCollectForAllocation
[102.311s][info ][gc,start     ] GC(181) Pause Young (Allocation Failure)
[102.311s][info ][gc,task      ] GC(181) Using 4 workers of 4 for evacuation
[102.315s][debug][gc,ref       ] GC(181) Skipped phase1 of Reference Processing due to unavailable references
[102.315s][debug][gc,ref       ] GC(181) Skipped phase2 of Reference Processing due to unavailable references
[102.315s][debug][gc,ref       ] GC(181) Skipped phase3 of Reference Processing due to unavailable references
[102.315s][debug][gc,ref       ] GC(181) Skipped phase4 of Reference Processing due to unavailable references
[102.315s][debug][gc,age       ] GC(181) Desired survivor size 15368192 bytes, new threshold 6 (max threshold 6)
[102.315s][info ][gc,heap      ] GC(181) ParNew: 243155K->2329K(270336K)
[102.315s][info ][gc,heap      ] GC(181) CMS: 286115K->286418K(600768K)
[102.315s][info ][gc,metaspace ] GC(181) Metaspace: 57194K->57194K(1101824K)
[102.315s][info ][gc           ] GC(181) Pause Young (Allocation Failure) 516M->281M(850M) 4.385ms
[102.315s][info ][gc,cpu       ] GC(181) User=0.02s Sys=0.00s Real=0.01s
[102.315s][info ][safepoint    ] Leaving safepoint region
[102.315s][info ][safepoint    ] Total time for which application threads were stopped: 0.0045745 seconds, Stopping threads took: 0.0000169 seconds
[103.234s][info ][safepoint    ] Application time: 0.9189989 seconds
[103.234s][info ][safepoint    ] Entering safepoint region: GenCollectForAllocation
[103.235s][info ][gc,start     ] GC(182) Pause Young (Allocation Failure)
[103.235s][info ][gc,task      ] GC(182) Using 4 workers of 4 for evacuation
[103.239s][debug][gc,ref       ] GC(182) Skipped phase1 of Reference Processing due to unavailable references
[103.239s][debug][gc,ref       ] GC(182) Skipped phase2 of Reference Processing due to unavailable references
[103.239s][debug][gc,ref       ] GC(182) Skipped phase3 of Reference Processing due to unavailable references
[103.239s][debug][gc,ref       ] GC(182) Skipped phase4 of Reference Processing due to unavailable references
[103.239s][debug][gc,age       ] GC(182) Desired survivor size 15368192 bytes, new threshold 6 (max threshold 6)
[103.239s][info ][gc,heap      ] GC(182) ParNew: 242649K->2513K(270336K)
[103.239s][info ][gc,heap      ] GC(182) CMS: 286418K->286674K(600768K)
[103.239s][info ][gc,metaspace ] GC(182) Metaspace: 57194K->57194K(1101824K)
[103.239s][info ][gc           ] GC(182) Pause Young (Allocation Failure) 516M->282M(850M) 4.342ms
[103.239s][info ][gc,cpu       ] GC(182) User=0.02s Sys=0.00s Real=0.00s
[103.239s][info ][safepoint    ] Leaving safepoint region
[103.239s][info ][safepoint    ] Total time for which application threads were stopped: 0.0045885 seconds, Stopping threads took: 0.0000180 seconds
[104.239s][info ][safepoint    ] Application time: 1.0001080 seconds
[104.239s][info ][safepoint    ] Entering safepoint region: Cleanup
[104.239s][info ][safepoint    ] Leaving safepoint region
[104.239s][info ][safepoint    ] Total time for which application threads were stopped: 0.0001237 seconds, Stopping threads took: 0.0000475 seconds
[104.244s][info ][safepoint    ] Application time: 0.0044924 seconds
[104.244s][info ][safepoint    ] Entering safepoint region: GenCollectForAllocation
[104.244s][info ][gc,start     ] GC(183) Pause Young (Allocation Failure)
[104.244s][info ][gc,task      ] GC(183) Using 4 workers of 4 for evacuation
[104.248s][debug][gc,ref       ] GC(183) Skipped phase1 of Reference Processing due to unavailable references
[104.248s][debug][gc,ref       ] GC(183) Skipped phase2 of Reference Processing due to unavailable references
[104.248s][debug][gc,ref       ] GC(183) Skipped phase3 of Reference Processing due to unavailable references
[104.248s][debug][gc,ref       ] GC(183) Skipped phase4 of Reference Processing due to unavailable references
[104.248s][debug][gc,age       ] GC(183) Desired survivor size 15368192 bytes, new threshold 6 (max threshold 6)
[104.248s][info ][gc,heap      ] GC(183) ParNew: 242833K->1585K(270336K)
[104.248s][info ][gc,heap      ] GC(183) CMS: 286674K->286726K(600768K)
[104.248s][info ][gc,metaspace ] GC(183) Metaspace: 57195K->57195K(1101824K)
[104.248s][info ][gc           ] GC(183) Pause Young (Allocation Failure) 517M->281M(850M) 4.297ms
[104.248s][info ][gc,cpu       ] GC(183) User=0.01s Sys=0.00s Real=0.00s
[104.248s][info ][safepoint    ] Leaving safepoint region
[104.248s][info ][safepoint    ] Total time for which application threads were stopped: 0.0044729 seconds, Stopping threads took: 0.0000179 seconds
[105.250s][info ][safepoint    ] Application time: 1.0012647 seconds
[105.250s][info ][safepoint    ] Entering safepoint region: Cleanup
[105.250s][info ][safepoint    ] Leaving safepoint region
[105.250s][info ][safepoint    ] Total time for which application threads were stopped: 0.0002235 seconds, Stopping threads took: 0.0001021 seconds
[105.304s][info ][safepoint    ] Application time: 0.0545908 seconds
[105.304s][info ][safepoint    ] Entering safepoint region: GenCollectForAllocation
[105.305s][info ][gc,start     ] GC(184) Pause Young (Allocation Failure)
[105.305s][info ][gc,task      ] GC(184) Using 4 workers of 4 for evacuation
[105.309s][debug][gc,ref       ] GC(184) Skipped phase1 of Reference Processing due to unavailable references
[105.309s][debug][gc,ref       ] GC(184) Skipped phase2 of Reference Processing due to unavailable references
[105.309s][debug][gc,ref       ] GC(184) Skipped phase3 of Reference Processing due to unavailable references
[105.309s][debug][gc,ref       ] GC(184) Skipped phase4 of Reference Processing due to unavailable references
[105.309s][debug][gc,age       ] GC(184) Desired survivor size 15368192 bytes, new threshold 6 (max threshold 6)
[105.309s][info ][gc,heap      ] GC(184) ParNew: 241905K->2244K(270336K)
[105.309s][info ][gc,heap      ] GC(184) CMS: 286726K->286812K(600768K)
[105.309s][info ][gc,metaspace ] GC(184) Metaspace: 57212K->57212K(1101824K)
[105.309s][info ][gc           ] GC(184) Pause Young (Allocation Failure) 516M->282M(850M) 4.451ms
[105.309s][info ][gc,cpu       ] GC(184) User=0.01s Sys=0.00s Real=0.00s
[105.309s][info ][safepoint    ] Leaving safepoint region
[105.309s][info ][safepoint    ] Total time for which application threads were stopped: 0.0046423 seconds, Stopping threads took: 0.0000166 seconds
[106.709s][info ][safepoint    ] Application time: 1.4003031 seconds
[106.709s][info ][safepoint    ] Entering safepoint region: GenCollectForAllocation
[106.710s][info ][gc,start     ] GC(185) Pause Young (Allocation Failure)
[106.710s][info ][gc,task      ] GC(185) Using 4 workers of 4 for evacuation
[106.714s][debug][gc,ref       ] GC(185) Skipped phase1 of Reference Processing due to unavailable references
[106.714s][debug][gc,ref       ] GC(185) Skipped phase2 of Reference Processing due to unavailable references
[106.714s][debug][gc,ref       ] GC(185) Skipped phase3 of Reference Processing due to unavailable references
[106.714s][debug][gc,ref       ] GC(185) Skipped phase4 of Reference Processing due to unavailable references
[106.714s][debug][gc,age       ] GC(185) Desired survivor size 15368192 bytes, new threshold 6 (max threshold 6)
[106.714s][info ][gc,heap      ] GC(185) ParNew: 242564K->2351K(270336K)
[106.714s][info ][gc,heap      ] GC(185) CMS: 286812K->286889K(600768K)
[106.714s][info ][gc,metaspace ] GC(185) Metaspace: 57213K->57213K(1101824K)
[106.714s][info ][gc           ] GC(185) Pause Young (Allocation Failure) 516M->282M(850M) 4.765ms
[106.714s][info ][gc,cpu       ] GC(185) User=0.02s Sys=0.00s Real=0.01s
[106.714s][info ][safepoint    ] Leaving safepoint region
[106.714s][info ][safepoint    ] Total time for which application threads were stopped: 0.0049536 seconds, Stopping threads took: 0.0000189 seconds
[107.714s][info ][safepoint    ] Application time: 1.0000614 seconds
[107.715s][info ][safepoint    ] Entering safepoint region: Cleanup
[107.715s][info ][safepoint    ] Leaving safepoint region
[107.715s][info ][safepoint    ] Total time for which application threads were stopped: 0.0001371 seconds, Stopping threads took: 0.0000446 seconds
[107.912s][info ][safepoint    ] Application time: 0.1977972 seconds
[107.913s][info ][safepoint    ] Entering safepoint region: GenCollectForAllocation
[107.913s][info ][gc,start     ] GC(186) Pause Young (Allocation Failure)
[107.913s][info ][gc,task      ] GC(186) Using 4 workers of 4 for evacuation
[107.917s][debug][gc,ref       ] GC(186) Skipped phase1 of Reference Processing due to unavailable references
[107.917s][debug][gc,ref       ] GC(186) Skipped phase2 of Reference Processing due to unavailable references
[107.917s][debug][gc,ref       ] GC(186) Skipped phase3 of Reference Processing due to unavailable references
[107.917s][debug][gc,ref       ] GC(186) Skipped phase4 of Reference Processing due to unavailable references
[107.917s][debug][gc,age       ] GC(186) Desired survivor size 15368192 bytes, new threshold 6 (max threshold 6)
[107.917s][info ][gc,heap      ] GC(186) ParNew: 242671K->1844K(270336K)
[107.917s][info ][gc,heap      ] GC(186) CMS: 286889K->286896K(600768K)
[107.917s][info ][gc,metaspace ] GC(186) Metaspace: 57217K->57217K(1101824K)
[107.917s][info ][gc           ] GC(186) Pause Young (Allocation Failure) 517M->281M(850M) 4.436ms
[107.917s][info ][gc,cpu       ] GC(186) User=0.02s Sys=0.00s Real=0.00s
[107.917s][info ][safepoint    ] Leaving safepoint region
[107.917s][info ][safepoint    ] Total time for which application threads were stopped: 0.0046370 seconds, Stopping threads took: 0.0000216 seconds
[108.917s][info ][safepoint    ] Application time: 1.0001004 seconds
[108.917s][info ][safepoint    ] Entering safepoint region: Cleanup
[108.917s][info ][safepoint    ] Leaving safepoint region
[108.917s][info ][safepoint    ] Total time for which application threads were stopped: 0.0001804 seconds, Stopping threads took: 0.0000828 seconds
[109.031s][info ][safepoint    ] Application time: 0.1139798 seconds
[109.032s][info ][safepoint    ] Entering safepoint region: GenCollectForAllocation
[109.032s][info ][gc,start     ] GC(187) Pause Young (Allocation Failure)
[109.032s][info ][gc,task      ] GC(187) Using 4 workers of 4 for evacuation
[109.036s][debug][gc,ref       ] GC(187) Skipped phase1 of Reference Processing due to unavailable references
[109.036s][debug][gc,ref       ] GC(187) Skipped phase2 of Reference Processing due to unavailable references
[109.036s][debug][gc,ref       ] GC(187) Skipped phase3 of Reference Processing due to unavailable references
[109.036s][debug][gc,ref       ] GC(187) Skipped phase4 of Reference Processing due to unavailable references
[109.036s][debug][gc,age       ] GC(187) Desired survivor size 15368192 bytes, new threshold 6 (max threshold 6)
[109.036s][info ][gc,heap      ] GC(187) ParNew: 242164K->2256K(270336K)
[109.036s][info ][gc,heap      ] GC(187) CMS: 286896K->286912K(600768K)
[109.036s][info ][gc,metaspace ] GC(187) Metaspace: 57218K->57218K(1101824K)
[109.036s][info ][gc           ] GC(187) Pause Young (Allocation Failure) 516M->282M(850M) 4.585ms
[109.036s][info ][gc,cpu       ] GC(187) User=0.02s Sys=0.00s Real=0.00s
[109.036s][info ][safepoint    ] Leaving safepoint region
[109.036s][info ][safepoint    ] Total time for which application threads were stopped: 0.0047617 seconds, Stopping threads took: 0.0000184 seconds
[110.145s][info ][safepoint    ] Application time: 1.1090227 seconds
[110.145s][info ][safepoint    ] Entering safepoint region: GenCollectForAllocation
[110.145s][info ][gc,start     ] GC(188) Pause Young (Allocation Failure)
[110.145s][info ][gc,task      ] GC(188) Using 4 workers of 4 for evacuation
[110.149s][debug][gc,ref       ] GC(188) Skipped phase1 of Reference Processing due to unavailable references
[110.149s][debug][gc,ref       ] GC(188) Skipped phase2 of Reference Processing due to unavailable references
[110.149s][debug][gc,ref       ] GC(188) Skipped phase3 of Reference Processing due to unavailable references
[110.149s][debug][gc,ref       ] GC(188) Skipped phase4 of Reference Processing due to unavailable references
[110.149s][debug][gc,age       ] GC(188) Desired survivor size 15368192 bytes, new threshold 6 (max threshold 6)
[110.149s][info ][gc,heap      ] GC(188) ParNew: 242576K->2272K(270336K)
[110.149s][info ][gc,heap      ] GC(188) CMS: 286912K->286918K(600768K)
[110.149s][info ][gc,metaspace ] GC(188) Metaspace: 57219K->57219K(1101824K)
[110.149s][info ][gc           ] GC(188) Pause Young (Allocation Failure) 517M->282M(850M) 4.032ms
[110.149s][info ][gc,cpu       ] GC(188) User=0.02s Sys=0.00s Real=0.00s
[110.150s][info ][safepoint    ] Leaving safepoint region
[110.150s][info ][safepoint    ] Total time for which application threads were stopped: 0.0042156 seconds, Stopping threads took: 0.0000188 seconds
[111.150s][info ][safepoint    ] Application time: 1.0001130 seconds
[111.150s][info ][safepoint    ] Entering safepoint region: Cleanup
[111.150s][info ][safepoint    ] Leaving safepoint region
[111.150s][info ][safepoint    ] Total time for which application threads were stopped: 0.0001419 seconds, Stopping threads took: 0.0000463 seconds
[111.355s][info ][safepoint    ] Application time: 0.2055939 seconds
[111.355s][info ][safepoint    ] Entering safepoint region: GenCollectForAllocation
[111.356s][info ][gc,start     ] GC(189) Pause Young (Allocation Failure)
[111.356s][info ][gc,task      ] GC(189) Using 4 workers of 4 for evacuation
[111.359s][debug][gc,ref       ] GC(189) Skipped phase1 of Reference Processing due to unavailable references
[111.359s][debug][gc,ref       ] GC(189) Skipped phase2 of Reference Processing due to unavailable references
[111.359s][debug][gc,ref       ] GC(189) Skipped phase3 of Reference Processing due to unavailable references
[111.359s][debug][gc,ref       ] GC(189) Skipped phase4 of Reference Processing due to unavailable references
[111.359s][debug][gc,age       ] GC(189) Desired survivor size 15368192 bytes, new threshold 6 (max threshold 6)
[111.359s][info ][gc,heap      ] GC(189) ParNew: 242592K->1976K(270336K)
[111.359s][info ][gc,heap      ] GC(189) CMS: 286918K->286954K(600768K)
[111.359s][info ][gc,metaspace ] GC(189) Metaspace: 57219K->57219K(1101824K)
[111.359s][info ][gc           ] GC(189) Pause Young (Allocation Failure) 517M->282M(850M) 3.779ms
[111.359s][info ][gc,cpu       ] GC(189) User=0.01s Sys=0.00s Real=0.00s
[111.359s][info ][safepoint    ] Leaving safepoint region
[111.359s][info ][safepoint    ] Total time for which application threads were stopped: 0.0039832 seconds, Stopping threads took: 0.0000336 seconds
[112.545s][info ][safepoint    ] Application time: 1.1853801 seconds
[112.545s][info ][safepoint    ] Entering safepoint region: GenCollectForAllocation
[112.545s][info ][gc,start     ] GC(190) Pause Young (Allocation Failure)
[112.545s][info ][gc,task      ] GC(190) Using 4 workers of 4 for evacuation
[112.549s][debug][gc,ref       ] GC(190) Skipped phase1 of Reference Processing due to unavailable references
[112.549s][debug][gc,ref       ] GC(190) Skipped phase2 of Reference Processing due to unavailable references
[112.549s][debug][gc,ref       ] GC(190) Skipped phase3 of Reference Processing due to unavailable references
[112.549s][debug][gc,ref       ] GC(190) Skipped phase4 of Reference Processing due to unavailable references
[112.549s][debug][gc,age       ] GC(190) Desired survivor size 15368192 bytes, new threshold 6 (max threshold 6)
[112.550s][info ][gc,heap      ] GC(190) ParNew: 242296K->1774K(270336K)
[112.550s][info ][gc,heap      ] GC(190) CMS: 286954K->287400K(600768K)
[112.550s][info ][gc,metaspace ] GC(190) Metaspace: 57220K->57220K(1101824K)
[112.550s][info ][gc           ] GC(190) Pause Young (Allocation Failure) 516M->282M(850M) 4.535ms
[112.550s][info ][gc,cpu       ] GC(190) User=0.01s Sys=0.00s Real=0.00s
[112.550s][info ][safepoint    ] Leaving safepoint region
[112.550s][info ][safepoint    ] Total time for which application threads were stopped: 0.0047046 seconds, Stopping threads took: 0.0000177 seconds
[114.045s][info ][safepoint    ] Application time: 1.4953204 seconds
[114.045s][info ][safepoint    ] Entering safepoint region: GenCollectForAllocation
[114.045s][info ][gc,start     ] GC(191) Pause Young (Allocation Failure)
[114.045s][info ][gc,task      ] GC(191) Using 4 workers of 4 for evacuation
[114.049s][debug][gc,ref       ] GC(191) Skipped phase1 of Reference Processing due to unavailable references
[114.049s][debug][gc,ref       ] GC(191) Skipped phase2 of Reference Processing due to unavailable references
[114.049s][debug][gc,ref       ] GC(191) Skipped phase3 of Reference Processing due to unavailable references
[114.049s][debug][gc,ref       ] GC(191) Skipped phase4 of Reference Processing due to unavailable references
[114.049s][debug][gc,age       ] GC(191) Desired survivor size 15368192 bytes, new threshold 6 (max threshold 6)
[114.049s][info ][gc,heap      ] GC(191) ParNew: 242094K->1860K(270336K)
[114.049s][info ][gc,heap      ] GC(191) CMS: 287400K->287406K(600768K)
[114.049s][info ][gc,metaspace ] GC(191) Metaspace: 57221K->57221K(1101824K)
[114.049s][info ][gc           ] GC(191) Pause Young (Allocation Failure) 517M->282M(850M) 3.655ms
[114.049s][info ][gc,cpu       ] GC(191) User=0.01s Sys=0.00s Real=0.00s
[114.049s][info ][safepoint    ] Leaving safepoint region
[114.049s][info ][safepoint    ] Total time for which application threads were stopped: 0.0039822 seconds, Stopping threads took: 0.0000182 seconds
[115.397s][info ][safepoint    ] Application time: 1.3484083 seconds
[115.397s][info ][safepoint    ] Entering safepoint region: GenCollectForAllocation
[115.398s][info ][gc,start     ] GC(192) Pause Young (Allocation Failure)
[115.398s][info ][gc,task      ] GC(192) Using 4 workers of 4 for evacuation
[115.401s][debug][gc,ref       ] GC(192) Skipped phase1 of Reference Processing due to unavailable references
[115.401s][debug][gc,ref       ] GC(192) Skipped phase2 of Reference Processing due to unavailable references
[115.401s][debug][gc,ref       ] GC(192) Skipped phase3 of Reference Processing due to unavailable references
[115.401s][debug][gc,ref       ] GC(192) Skipped phase4 of Reference Processing due to unavailable references
[115.401s][debug][gc,age       ] GC(192) Desired survivor size 15368192 bytes, new threshold 6 (max threshold 6)
[115.401s][info ][gc,heap      ] GC(192) ParNew: 242180K->1752K(270336K)
[115.401s][info ][gc,heap      ] GC(192) CMS: 287406K->287409K(600768K)
[115.401s][info ][gc,metaspace ] GC(192) Metaspace: 57221K->57221K(1101824K)
[115.401s][info ][gc           ] GC(192) Pause Young (Allocation Failure) 517M->282M(850M) 3.404ms
[115.401s][info ][gc,cpu       ] GC(192) User=0.01s Sys=0.00s Real=0.00s
[115.401s][info ][safepoint    ] Leaving safepoint region
[115.401s][info ][safepoint    ] Total time for which application threads were stopped: 0.0035805 seconds, Stopping threads took: 0.0000179 seconds
[116.796s][info ][safepoint    ] Application time: 1.3949913 seconds
[116.796s][info ][safepoint    ] Entering safepoint region: GenCollectForAllocation
[116.796s][info ][gc,start     ] GC(193) Pause Young (Allocation Failure)
[116.796s][info ][gc,task      ] GC(193) Using 4 workers of 4 for evacuation
[116.800s][debug][gc,ref       ] GC(193) Skipped phase1 of Reference Processing due to unavailable references
[116.800s][debug][gc,ref       ] GC(193) Skipped phase2 of Reference Processing due to unavailable references
[116.800s][debug][gc,ref       ] GC(193) Skipped phase3 of Reference Processing due to unavailable references
[116.800s][debug][gc,ref       ] GC(193) Skipped phase4 of Reference Processing due to unavailable references
[116.800s][debug][gc,age       ] GC(193) Desired survivor size 15368192 bytes, new threshold 6 (max threshold 6)
[116.800s][info ][gc,heap      ] GC(193) ParNew: 242072K->1346K(270336K)
[116.800s][info ][gc,heap      ] GC(193) CMS: 287409K->287435K(600768K)
[116.800s][info ][gc,metaspace ] GC(193) Metaspace: 57221K->57221K(1101824K)
[116.800s][info ][gc           ] GC(193) Pause Young (Allocation Failure) 517M->282M(850M) 4.216ms
[116.800s][info ][gc,cpu       ] GC(193) User=0.01s Sys=0.00s Real=0.00s
[116.800s][info ][safepoint    ] Leaving safepoint region
[116.800s][info ][safepoint    ] Total time for which application threads were stopped: 0.0044219 seconds, Stopping threads took: 0.0000386 seconds
[117.801s][info ][safepoint    ] Application time: 1.0000941 seconds
[117.801s][info ][safepoint    ] Entering safepoint region: Cleanup
[117.801s][info ][safepoint    ] Leaving safepoint region
[117.801s][info ][safepoint    ] Total time for which application threads were stopped: 0.0001315 seconds, Stopping threads took: 0.0000490 seconds
[118.306s][info ][safepoint    ] Application time: 0.5057131 seconds
[118.306s][info ][safepoint    ] Entering safepoint region: GenCollectForAllocation
[118.307s][info ][gc,start     ] GC(194) Pause Young (Allocation Failure)
[118.307s][info ][gc,task      ] GC(194) Using 4 workers of 4 for evacuation
[118.310s][debug][gc,ref       ] GC(194) Skipped phase1 of Reference Processing due to unavailable references
[118.310s][debug][gc,ref       ] GC(194) Skipped phase2 of Reference Processing due to unavailable references
[118.310s][debug][gc,ref       ] GC(194) Skipped phase3 of Reference Processing due to unavailable references
[118.310s][debug][gc,ref       ] GC(194) Skipped phase4 of Reference Processing due to unavailable references
[118.310s][debug][gc,age       ] GC(194) Desired survivor size 15368192 bytes, new threshold 6 (max threshold 6)
[118.310s][info ][gc,heap      ] GC(194) ParNew: 241666K->1703K(270336K)
[118.310s][info ][gc,heap      ] GC(194) CMS: 287435K->287455K(600768K)
[118.310s][info ][gc,metaspace ] GC(194) Metaspace: 57221K->57221K(1101824K)
[118.310s][info ][gc           ] GC(194) Pause Young (Allocation Failure) 516M->282M(850M) 3.734ms
[118.310s][info ][gc,cpu       ] GC(194) User=0.01s Sys=0.00s Real=0.00s
[118.310s][info ][safepoint    ] Leaving safepoint region
[118.310s][info ][safepoint    ] Total time for which application threads were stopped: 0.0039437 seconds, Stopping threads took: 0.0000173 seconds
[119.553s][info ][safepoint    ] Application time: 1.2422549 seconds
[119.553s][info ][safepoint    ] Entering safepoint region: GenCollectForAllocation
[119.553s][info ][gc,start     ] GC(195) Pause Young (Allocation Failure)
[119.553s][info ][gc,task      ] GC(195) Using 4 workers of 4 for evacuation
[119.556s][debug][gc,ref       ] GC(195) Skipped phase1 of Reference Processing due to unavailable references
[119.556s][debug][gc,ref       ] GC(195) Skipped phase2 of Reference Processing due to unavailable references
[119.556s][debug][gc,ref       ] GC(195) Skipped phase3 of Reference Processing due to unavailable references
[119.556s][debug][gc,ref       ] GC(195) Skipped phase4 of Reference Processing due to unavailable references
[119.556s][debug][gc,age       ] GC(195) Desired survivor size 15368192 bytes, new threshold 6 (max threshold 6)
[119.556s][info ][gc,heap      ] GC(195) ParNew: 242023K->1552K(270336K)
[119.556s][info ][gc,heap      ] GC(195) CMS: 287455K->287473K(600768K)
[119.556s][info ][gc,metaspace ] GC(195) Metaspace: 57222K->57222K(1101824K)
[119.556s][info ][gc           ] GC(195) Pause Young (Allocation Failure) 517M->282M(850M) 3.508ms
[119.556s][info ][gc,cpu       ] GC(195) User=0.01s Sys=0.00s Real=0.00s
[119.556s][info ][safepoint    ] Leaving safepoint region
[119.556s][info ][safepoint    ] Total time for which application threads were stopped: 0.0036949 seconds, Stopping threads took: 0.0000185 seconds
[149.559s][info ][safepoint    ] Application time: 30.0023041 seconds
[149.559s][info ][safepoint    ] Entering safepoint region: Cleanup
[149.559s][info ][safepoint    ] Leaving safepoint region
[149.559s][info ][safepoint    ] Total time for which application threads were stopped: 0.0001218 seconds, Stopping threads took: 0.0000362 seconds
[164.561s][info ][safepoint    ] Application time: 15.0017452 seconds
[164.561s][info ][safepoint    ] Entering safepoint region: Cleanup
[164.561s][info ][safepoint    ] Leaving safepoint region
[164.561s][info ][safepoint    ] Total time for which application threads were stopped: 0.0000799 seconds, Stopping threads took: 0.0000186 seconds
[164.811s][info ][safepoint    ] Application time: 0.2504455 seconds
[164.811s][info ][safepoint    ] Entering safepoint region: RevokeBias
[164.811s][info ][safepoint    ] Leaving safepoint region
[164.811s][info ][safepoint    ] Total time for which application threads were stopped: 0.0000923 seconds, Stopping threads took: 0.0000157 seconds
[224.811s][info ][safepoint    ] Application time: 59.9998230 seconds
[224.811s][info ][safepoint    ] Entering safepoint region: RevokeBias
[224.811s][info ][safepoint    ] Leaving safepoint region
[224.811s][info ][safepoint    ] Total time for which application threads were stopped: 0.0001195 seconds, Stopping threads took: 0.0000391 seconds
[252.817s][info ][safepoint    ] Application time: 28.0052489 seconds
[252.817s][info ][safepoint    ] Entering safepoint region: Cleanup
[252.817s][info ][safepoint    ] Leaving safepoint region
[252.817s][info ][safepoint    ] Total time for which application threads were stopped: 0.0001264 seconds, Stopping threads took: 0.0000528 seconds
[274.533s][info ][safepoint    ] Application time: 21.7163721 seconds
[274.533s][info ][safepoint    ] Entering safepoint region: GenCollectForAllocation
[274.533s][info ][gc,start     ] GC(196) Pause Young (Allocation Failure)
[274.533s][info ][gc,task      ] GC(196) Using 4 workers of 4 for evacuation
[274.536s][debug][gc,ref       ] GC(196) Skipped phase1 of Reference Processing due to unavailable references
[274.536s][debug][gc,ref       ] GC(196) Skipped phase2 of Reference Processing due to unavailable references
[274.536s][debug][gc,ref       ] GC(196) Skipped phase3 of Reference Processing due to unavailable references
[274.536s][debug][gc,ref       ] GC(196) Skipped phase4 of Reference Processing due to unavailable references
[274.536s][debug][gc,age       ] GC(196) Desired survivor size 15368192 bytes, new threshold 6 (max threshold 6)
[274.536s][info ][gc,heap      ] GC(196) ParNew: 241872K->1571K(270336K)
[274.536s][info ][gc,heap      ] GC(196) CMS: 287473K->287484K(600768K)
[274.536s][info ][gc,metaspace ] GC(196) Metaspace: 57229K->57229K(1101824K)
[274.536s][info ][gc           ] GC(196) Pause Young (Allocation Failure) 516M->282M(850M) 2.854ms
[274.536s][info ][gc,cpu       ] GC(196) User=0.01s Sys=0.00s Real=0.00s
[274.536s][info ][safepoint    ] Leaving safepoint region
[274.536s][info ][safepoint    ] Total time for which application threads were stopped: 0.0030375 seconds, Stopping threads took: 0.0000490 seconds
[284.811s][info ][safepoint    ] Application time: 10.2751213 seconds
[284.811s][info ][safepoint    ] Entering safepoint region: RevokeBias
[284.811s][info ][safepoint    ] Leaving safepoint region
[284.811s][info ][safepoint    ] Total time for which application threads were stopped: 0.0000795 seconds, Stopping threads took: 0.0000167 seconds
[297.812s][info ][safepoint    ] Application time: 13.0010182 seconds
[297.813s][info ][safepoint    ] Entering safepoint region: Cleanup
[297.813s][info ][safepoint    ] Leaving safepoint region
[297.813s][info ][safepoint    ] Total time for which application threads were stopped: 0.0000819 seconds, Stopping threads took: 0.0000186 seconds
[329.816s][info ][safepoint    ] Application time: 32.0033132 seconds
[329.816s][info ][safepoint    ] Entering safepoint region: Cleanup
[329.816s][info ][safepoint    ] Leaving safepoint region
[329.816s][info ][safepoint    ] Total time for which application threads were stopped: 0.0001615 seconds, Stopping threads took: 0.0000623 seconds
[330.816s][info ][safepoint    ] Application time: 1.0000458 seconds
[330.816s][info ][safepoint    ] Entering safepoint region: Cleanup
[330.816s][info ][safepoint    ] Leaving safepoint region
[330.816s][info ][safepoint    ] Total time for which application threads were stopped: 0.0001042 seconds, Stopping threads took: 0.0000188 seconds
[344.811s][info ][safepoint    ] Application time: 13.9948121 seconds
[344.811s][info ][safepoint    ] Entering safepoint region: RevokeBias
[344.811s][info ][safepoint    ] Leaving safepoint region
[344.811s][info ][safepoint    ] Total time for which application threads were stopped: 0.0001004 seconds, Stopping threads took: 0.0000379 seconds
[356.813s][info ][safepoint    ] Application time: 12.0021614 seconds
[356.813s][info ][safepoint    ] Entering safepoint region: Cleanup
[356.814s][info ][safepoint    ] Leaving safepoint region
[356.814s][info ][safepoint    ] Total time for which application threads were stopped: 0.0000822 seconds, Stopping threads took: 0.0000185 seconds
[379.588s][info ][safepoint    ] Application time: 22.7739721 seconds
[379.588s][info ][safepoint    ] Entering safepoint region: GenCollectForAllocation
[379.588s][info ][gc,start     ] GC(197) Pause Young (Allocation Failure)
[379.588s][info ][gc,task      ] GC(197) Using 4 workers of 4 for evacuation
[379.591s][debug][gc,ref       ] GC(197) Skipped phase1 of Reference Processing due to unavailable references
[379.591s][debug][gc,ref       ] GC(197) Skipped phase3 of Reference Processing due to unavailable references
[379.591s][debug][gc,age       ] GC(197) Desired survivor size 15368192 bytes, new threshold 6 (max threshold 6)
[379.591s][info ][gc,heap      ] GC(197) ParNew: 241891K->1548K(270336K)
[379.591s][info ][gc,heap      ] GC(197) CMS: 287484K->287491K(600768K)
[379.591s][info ][gc,metaspace ] GC(197) Metaspace: 57246K->57246K(1101824K)
[379.591s][info ][gc           ] GC(197) Pause Young (Allocation Failure) 516M->282M(850M) 3.176ms
[379.591s][info ][gc,cpu       ] GC(197) User=0.01s Sys=0.00s Real=0.00s
[379.591s][info ][safepoint    ] Leaving safepoint region
[379.591s][info ][safepoint    ] Total time for which application threads were stopped: 0.0033459 seconds, Stopping threads took: 0.0000372 seconds
[404.811s][info ][safepoint    ] Application time: 25.2201171 seconds
[404.811s][info ][safepoint    ] Entering safepoint region: RevokeBias
[404.811s][info ][safepoint    ] Leaving safepoint region
[404.811s][info ][safepoint    ] Total time for which application threads were stopped: 0.0001113 seconds, Stopping threads took: 0.0000330 seconds
[434.539s][info ][safepoint    ] Application time: 29.7274976 seconds
[434.539s][info ][safepoint    ] Entering safepoint region: RevokeBias
[434.539s][info ][safepoint    ] Leaving safepoint region
[434.539s][info ][safepoint    ] Total time for which application threads were stopped: 0.0001228 seconds, Stopping threads took: 0.0000158 seconds
[434.549s][info ][safepoint    ] Application time: 0.0103217 seconds
[434.549s][info ][safepoint    ] Entering safepoint region: RevokeBias
[434.549s][info ][safepoint    ] Leaving safepoint region
[434.549s][info ][safepoint    ] Total time for which application threads were stopped: 0.0001994 seconds, Stopping threads took: 0.0001118 seconds
[434.550s][info ][safepoint    ] Application time: 0.0005781 seconds
[434.550s][info ][safepoint    ] Entering safepoint region: RevokeBias
[434.550s][info ][safepoint    ] Leaving safepoint region
[434.550s][info ][safepoint    ] Total time for which application threads were stopped: 0.0000602 seconds, Stopping threads took: 0.0000110 seconds
[434.550s][info ][safepoint    ] Application time: 0.0001077 seconds
[434.550s][info ][safepoint    ] Entering safepoint region: RevokeBias
[434.550s][info ][safepoint    ] Leaving safepoint region
[434.550s][info ][safepoint    ] Total time for which application threads were stopped: 0.0000861 seconds, Stopping threads took: 0.0000515 seconds
[434.551s][info ][safepoint    ] Application time: 0.0004564 seconds
[434.551s][info ][safepoint    ] Entering safepoint region: RevokeBias
[434.551s][info ][safepoint    ] Leaving safepoint region
[434.551s][info ][safepoint    ] Total time for which application threads were stopped: 0.0001977 seconds, Stopping threads took: 0.0000742 seconds
[434.551s][info ][safepoint    ] Application time: 0.0004595 seconds
[434.551s][info ][safepoint    ] Entering safepoint region: RevokeBias
[434.552s][info ][safepoint    ] Leaving safepoint region
[434.552s][info ][safepoint    ] Total time for which application threads were stopped: 0.0000694 seconds, Stopping threads took: 0.0000446 seconds
[434.552s][info ][safepoint    ] Application time: 0.0004425 seconds
[434.552s][info ][safepoint    ] Entering safepoint region: RevokeBias
[434.552s][info ][safepoint    ] Leaving safepoint region
[434.552s][info ][safepoint    ] Total time for which application threads were stopped: 0.0000254 seconds, Stopping threads took: 0.0000081 seconds
[434.554s][info ][safepoint    ] Application time: 0.0019360 seconds
[434.554s][info ][safepoint    ] Entering safepoint region: RevokeBias
[434.554s][info ][safepoint    ] Leaving safepoint region
[434.554s][info ][safepoint    ] Total time for which application threads were stopped: 0.0000762 seconds, Stopping threads took: 0.0000323 seconds
[434.556s][info ][safepoint    ] Application time: 0.0016820 seconds
[434.556s][info ][safepoint    ] Entering safepoint region: RevokeBias
[434.556s][info ][safepoint    ] Leaving safepoint region
[434.556s][info ][safepoint    ] Total time for which application threads were stopped: 0.0000473 seconds, Stopping threads took: 0.0000102 seconds
[434.556s][info ][gc,heap,exit ] Heap
[434.556s][info ][gc,heap,exit ]  par new generation   total 270336K, used 173402K [0x0000000700000000, 0x0000000712550000, 0x0000000714cc0000)
[434.556s][info ][gc,heap,exit ]   eden space 240320K,  71% used [0x0000000700000000, 0x000000070a7d3750, 0x000000070eab0000)
[434.556s][info ][gc,heap,exit ]   from space 30016K,   5% used [0x000000070eab0000, 0x000000070ec33390, 0x0000000710800000)
[434.556s][info ][gc,heap,exit ]   to   space 30016K,   0% used [0x0000000710800000, 0x0000000710800000, 0x0000000712550000)
[434.556s][info ][gc,heap,exit ]  concurrent mark-sweep generation total 600768K, used 287491K [0x0000000714cc0000, 0x0000000739770000, 0x0000000800000000)
[434.556s][info ][gc,heap,exit ]  Metaspace       used 57297K, capacity 60750K, committed 60904K, reserved 1101824K
[434.556s][info ][gc,heap,exit ]   class space    used 7624K, capacity 9221K, committed 9264K, reserved 1048576K
[434.556s][info ][safepoint    ] Application time: 0.0006512 seconds
[434.557s][info ][safepoint    ] Entering safepoint region: Halt
